Archive member included because of file (symbol)

C:\MicroFrameworkPK_v4_2\BuildOutput\ARM\GCC4.5\le\ANY_MEDIA\debug\lib\WireProtocol.lib(Compression.obj)
                              C:\MicroFrameworkPK_v4_2\BuildOutput\ARM\GCC4.5\le\RAM\debug\YAAB\obj\Solutions\YAAB\PortBooter\PortBooterLoader.obj (LZ77_Decompress(unsigned char*, int, unsigned char*, int))
C:\MicroFrameworkPK_v4_2\BuildOutput\ARM\GCC4.5\le\RAM\debug\YAAB\lib\tmp_PortBooterLoader.lib(FirstEntry.obj)
                              (EntryPoint)
C:\MicroFrameworkPK_v4_2\BuildOutput\ARM\GCC4.5\le\RAM\debug\YAAB\lib\tmp_PortBooterLoader.lib(LPC22XX__VIC.obj)
                              C:\MicroFrameworkPK_v4_2\BuildOutput\ARM\GCC4.5\le\RAM\debug\YAAB\obj\Solutions\YAAB\PortBooter\BooterVectorTable.obj (IRQ_Handler)
C:\MicroFrameworkPK_v4_2\BuildOutput\ARM\GCC4.5\le\RAM\debug\YAAB\lib\tmp_PortBooterLoader.lib(LPC22XX_bootstrap.obj)
                              C:\MicroFrameworkPK_v4_2\BuildOutput\ARM\GCC4.5\le\RAM\debug\YAAB\lib\tmp_PortBooterLoader.lib(FirstEntry.obj) (BootstrapCode)
C:\MicroFrameworkPK_v4_2\BuildOutput\ARM\GCC4.5\le\RAM\debug\YAAB\lib\tmp_PortBooterLoader.lib(LPC22XX_Power.obj)
                              C:\MicroFrameworkPK_v4_2\BuildOutput\ARM\GCC4.5\le\RAM\debug\YAAB\lib\tmp_PortBooterLoader.lib(LPC22XX__VIC.obj) (HAL_AssertEx())
C:\MicroFrameworkPK_v4_2\BuildOutput\ARM\GCC4.5\le\RAM\debug\YAAB\lib\tmp_PortBooterLoader.lib(LPC22XX_prestackinit.obj)
                              C:\MicroFrameworkPK_v4_2\BuildOutput\ARM\GCC4.5\le\RAM\debug\YAAB\lib\tmp_PortBooterLoader.lib(FirstEntry.obj) (PreStackInit)
C:\MicroFrameworkPK_v4_2\BuildOutput\ARM\GCC4.5\le\RAM\debug\YAAB\lib\tmp_PortBooterLoader.lib(SmartPtr_gcc.obj)
                              C:\MicroFrameworkPK_v4_2\BuildOutput\ARM\GCC4.5\le\RAM\debug\YAAB\lib\tmp_PortBooterLoader.lib(LPC22XX__VIC.obj) (SmartPtr_IRQ::SmartPtr_IRQ(void*))
C:\MicroFrameworkPK_v4_2\BuildOutput\ARM\GCC4.5\le\RAM\debug\YAAB\lib\tmp_PortBooterLoader.lib(SmartPtr_gcc_asm.obj)
                              C:\MicroFrameworkPK_v4_2\BuildOutput\ARM\GCC4.5\le\RAM\debug\YAAB\lib\tmp_PortBooterLoader.lib(SmartPtr_gcc.obj) (IRQ_LOCK_Release_asm)
C:\MicroFrameworkPK_v4_2\BuildOutput\ARM\GCC4.5\le\RAM\debug\YAAB\lib\tmp_PortBooterLoader.lib(stubs_functions_cache.obj)
                              C:\MicroFrameworkPK_v4_2\BuildOutput\ARM\GCC4.5\le\RAM\debug\YAAB\obj\Solutions\YAAB\PortBooter\PortBooterLoader.obj (CPU_FlushCaches())
C:\MicroFrameworkPK_v4_2\BuildOutput\ARM\GCC4.5\le\RAM\debug\YAAB\lib\tmp_PortBooterLoader.lib(tinyhal.obj)
                              C:\MicroFrameworkPK_v4_2\BuildOutput\ARM\GCC4.5\le\RAM\debug\YAAB\lib\tmp_PortBooterLoader.lib(LPC22XX_bootstrap.obj) (PrepareImageRegions)
C:\MicroFrameworkPK_v4_2\BuildOutput\ARM\GCC4.5\le\RAM\debug\YAAB\lib\tmp_PortBooterLoader.lib(usart.obj)
                              C:\MicroFrameworkPK_v4_2\BuildOutput\ARM\GCC4.5\le\RAM\debug\YAAB\lib\tmp_PortBooterLoader.lib(tinyhal.obj) (USART_CloseAllPorts())
C:\MicroFrameworkPK_v4_2\BuildOutput\ARM\GCC4.5\le\RAM\debug\YAAB\lib\tmp_PortBooterLoader.lib(VectorsHandlers.obj)
                              C:\MicroFrameworkPK_v4_2\BuildOutput\ARM\GCC4.5\le\RAM\debug\YAAB\obj\Solutions\YAAB\PortBooter\BooterVectorTable.obj (UNDEF_SubHandler)
C:\MicroFrameworkPK_v4_2\BuildOutput\ARM\GCC4.5\le\RAM\debug\YAAB\lib\tmp_PortBooterLoader.lib(VectorsTrampolines.obj)
                              (ARM_Vectors)
C:\MicroFrameworkPK_v4_2\BuildOutput\ARM\GCC4.5\le\RAM\debug\YAAB\lib\tmp_PortBooterLoader.lib(Watchdog_stubs.obj)
                              C:\MicroFrameworkPK_v4_2\BuildOutput\ARM\GCC4.5\le\RAM\debug\YAAB\lib\tmp_PortBooterLoader.lib(tinyhal.obj) (Watchdog_GetSetEnabled(unsigned int, unsigned int))
C:\MicroFrameworkPK_v4_2\BuildOutput\ARM\GCC4.5\le\RAM\debug\YAAB\lib\tmp_PortBooterLoader.lib(YAAB_bootstrap.obj)
                              C:\MicroFrameworkPK_v4_2\BuildOutput\ARM\GCC4.5\le\RAM\debug\YAAB\lib\tmp_PortBooterLoader.lib(LPC22XX_prestackinit.obj) (BootstrapCode_Clocks)
C:\MicroFrameworkPK_v4_2\BuildOutput\ARM\GCC4.5\le\RAM\debug\YAAB\lib\tmp_PortBooterLoader.lib(Aborts.obj)
                              C:\MicroFrameworkPK_v4_2\BuildOutput\ARM\GCC4.5\le\RAM\debug\YAAB\lib\tmp_PortBooterLoader.lib(VectorsHandlers.obj) (UNDEF_Handler)
C:\MicroFrameworkPK_v4_2\BuildOutput\ARM\GCC4.5\le\RAM\debug\YAAB\lib\tmp_PortBooterLoader.lib(asyncproccall_fastcompile.obj)
                              C:\MicroFrameworkPK_v4_2\BuildOutput\ARM\GCC4.5\le\RAM\debug\YAAB\lib\tmp_PortBooterLoader.lib(tinyhal.obj) (HAL_COMPLETION::InitializeList())
C:\MicroFrameworkPK_v4_2\BuildOutput\ARM\GCC4.5\le\RAM\debug\YAAB\lib\tmp_PortBooterLoader.lib(Bl_AddDevices.obj)
                              C:\MicroFrameworkPK_v4_2\BuildOutput\ARM\GCC4.5\le\RAM\debug\YAAB\lib\tmp_PortBooterLoader.lib(tinyhal.obj) (BlockStorage_AddDevices())
[...]
Memory Configuration

Name             Origin             Length             Attributes
LR_RAM           0x81050000         0x00040000
ER_IRAM_BEGIN    0x40000000         0x00000040
ER_RAM_BEGIN     0x810a0000         0x00050000
STACK            0x810fc000         0x00003ffc
*default*        0x00000000         0xffffffff

Linker script and memory map


ER_RAM          0x81050000    0x1a6fc
 *(i.EntryPoint)
 i.EntryPoint   0x81050000       0x58 C:\MicroFrameworkPK_v4_2\BuildOutput\ARM\GCC4.5\le\RAM\debug\YAAB\lib\tmp_PortBooterLoader.lib(FirstEntry.obj)
                0x81050000                EntryPoint
                0x81050008                PreStackInit_Exit_Pointer
 *(SectionForBootstrapOperations)
 SectionForBootstrapOperations
                0x81050058       0xb8 C:\MicroFrameworkPK_v4_2\BuildOutput\ARM\GCC4.5\le\RAM\debug\YAAB\lib\tmp_PortBooterLoader.lib(LPC22XX_bootstrap.obj)
                0x81050058                BootstrapCode_Dummy()
                0x8105005c                PrepareImageRegions_IRAM()
                0x810500f0                BootstrapCode
 SectionForBootstrapOperations
                0x81050110       0x1c C:\MicroFrameworkPK_v4_2\BuildOutput\ARM\GCC4.5\le\RAM\debug\YAAB\lib\tmp_PortBooterLoader.lib(LPC22XX_prestackinit.obj)
                0x81050110                PreStackInit
 SectionForBootstrapOperations
                0x8105012c      0x224 C:\MicroFrameworkPK_v4_2\BuildOutput\ARM\GCC4.5\le\RAM\debug\YAAB\lib\tmp_PortBooterLoader.lib(tinyhal.obj)
                0x810502b0                PrepareImageRegions
 SectionForBootstrapOperations
                0x81050350      0x260 C:\MicroFrameworkPK_v4_2\BuildOutput\ARM\GCC4.5\le\RAM\debug\YAAB\lib\tmp_PortBooterLoader.lib(YAAB_bootstrap.obj)
                0x81050350                BootstrapCode_Clocks
                0x810504e4                BootstrapCode_Ext_SRAM
                0x81050510                BootstrapCode_Ext_Flash
                0x8105053c                BootstrapCode_Pins
                0x81050588                Initialize_SyncOn()
 *(i.*)
 *(.text*)
 .text          0x810505b0     0xc454 C:\MicroFrameworkPK_v4_2\BuildOutput\ARM\GCC4.5\le\RAM\debug\YAAB\obj\Solutions\YAAB\PortBooter\PortBooter_dat.obj
                0x810505b0                PortBooterLoader_Dat
 .text.BootEntryLoader
                0x8105ca04       0x78 C:\MicroFrameworkPK_v4_2\BuildOutput\ARM\GCC4.5\le\RAM\debug\YAAB\obj\Solutions\YAAB\PortBooter\PortBooterLoader.obj
                0x8105ca04                BootEntryLoader
 .text._Z15LZ77_DecompressPhiS_iPFjjjPKhEPFjjjS_E
                0x8105ca7c      0x844 C:\MicroFrameworkPK_v4_2\BuildOutput\ARM\GCC4.5\le\ANY_MEDIA\debug\lib\WireProtocol.lib(Compression.obj)
                0x8105ca7c                LZ77_Decompress(unsigned char*, int, unsigned char*, int, unsigned int (*)(unsigned int, unsigned int, unsigned char const*), unsigned int (*)(unsigned int, unsigned int, unsigned char*))
 .text._Z15LZ77_DecompressPhiS_i
                0x8105d2c0       0x5c C:\MicroFrameworkPK_v4_2\BuildOutput\ARM\GCC4.5\le\ANY_MEDIA\debug\lib\WireProtocol.lib(Compression.obj)
                0x8105d2c0                LZ77_Decompress(unsigned char*, int, unsigned char*, int)
 .text._ZN12HAL_CALLBACK10InitializeEPFvPvES0_
                0x8105d31c       0x30 C:\MicroFrameworkPK_v4_2\BuildOutput\ARM\GCC4.5\le\RAM\debug\YAAB\lib\tmp_PortBooterLoader.lib(LPC22XX__VIC.obj)
                0x8105d31c                HAL_CALLBACK::Initialize(void (*)(void*), void*)
 .text._ZNK12HAL_CALLBACK7ExecuteEv
                0x8105d34c       0x4c C:\MicroFrameworkPK_v4_2\BuildOutput\ARM\GCC4.5\le\RAM\debug\YAAB\lib\tmp_PortBooterLoader.lib(LPC22XX__VIC.obj)
                0x8105d34c                HAL_CALLBACK::Execute() const
 .text._ZN11LPC22XX_VIC18IsInterruptEnabledEj
                0x8105d398       0x50 C:\MicroFrameworkPK_v4_2\BuildOutput\ARM\GCC4.5\le\RAM\debug\YAAB\lib\tmp_PortBooterLoader.lib(LPC22XX__VIC.obj)
                0x8105d398                LPC22XX_VIC::IsInterruptEnabled(unsigned int)
 .text._ZN11LPC22XX_VIC22NormalInterruptPendingEv
                0x8105d3e8       0x88 C:\MicroFrameworkPK_v4_2\BuildOutput\ARM\GCC4.5\le\RAM\debug\YAAB\lib\tmp_PortBooterLoader.lib(LPC22XX__VIC.obj)
                0x8105d3e8                LPC22XX_VIC::NormalInterruptPending()
 .text._ZN11LPC22XX_VIC21RemoveForcedInterruptEj
                0x8105d470       0x34 C:\MicroFrameworkPK_v4_2\BuildOutput\ARM\GCC4.5\le\RAM\debug\YAAB\lib\tmp_PortBooterLoader.lib(LPC22XX__VIC.obj)
                0x8105d470                LPC22XX_VIC::RemoveForcedInterrupt(unsigned int)
 .text._ZN7LPC22XX3VICEv
                0x8105d4a4       0x10 C:\MicroFrameworkPK_v4_2\BuildOutput\ARM\GCC4.5\le\RAM\debug\YAAB\lib\tmp_PortBooterLoader.lib(LPC22XX__VIC.obj)
                0x8105d4a4                LPC22XX::VIC()
 .text._Z19CPU_INTC_Initializev
                0x8105d4b4       0x1c C:\MicroFrameworkPK_v4_2\BuildOutput\ARM\GCC4.5\le\RAM\debug\YAAB\lib\tmp_PortBooterLoader.lib(LPC22XX__VIC.obj)
                0x8105d4b4                CPU_INTC_Initialize()
 .text._Z26CPU_INTC_ActivateInterruptjPFvPvES_
                0x8105d4d0       0x48 C:\MicroFrameworkPK_v4_2\BuildOutput\ARM\GCC4.5\le\RAM\debug\YAAB\lib\tmp_PortBooterLoader.lib(LPC22XX__VIC.obj)
                0x8105d4d0                CPU_INTC_ActivateInterrupt(unsigned int, void (*)(void*), void*)
 .text._Z29CPU_INTC_InterruptEnableStatej
                0x8105d518       0x34 C:\MicroFrameworkPK_v4_2\BuildOutput\ARM\GCC4.5\le\RAM\debug\YAAB\lib\tmp_PortBooterLoader.lib(LPC22XX__VIC.obj)
                0x8105d518                CPU_INTC_InterruptEnableState(unsigned int)
 .text._ZN18LPC22XX_VIC_Driver10InitializeEv
                0x8105d54c       0xb0 C:\MicroFrameworkPK_v4_2\BuildOutput\ARM\GCC4.5\le\RAM\debug\YAAB\lib\tmp_PortBooterLoader.lib(LPC22XX__VIC.obj)
                0x8105d54c                LPC22XX_VIC_Driver::Initialize()
 .text._ZN18LPC22XX_VIC_Driver17ActivateInterruptEjjPFvPvES0_
                0x8105d5fc       0xfc C:\MicroFrameworkPK_v4_2\BuildOutput\ARM\GCC4.5\le\RAM\debug\YAAB\lib\tmp_PortBooterLoader.lib(LPC22XX__VIC.obj)
                0x8105d5fc                LPC22XX_VIC_Driver::ActivateInterrupt(unsigned int, unsigned int, void (*)(void*), void*)
 .text.IRQ_Handler
                0x8105d6f8       0x1c C:\MicroFrameworkPK_v4_2\BuildOutput\ARM\GCC4.5\le\RAM\debug\YAAB\lib\tmp_PortBooterLoader.lib(LPC22XX__VIC.obj)
                0x8105d6f8                IRQ_Handler
 .text._ZN18LPC22XX_VIC_Driver11IRQ_HandlerEv
                0x8105d714      0x10c C:\MicroFrameworkPK_v4_2\BuildOutput\ARM\GCC4.5\le\RAM\debug\YAAB\lib\tmp_PortBooterLoader.lib(LPC22XX__VIC.obj)
                0x8105d714                LPC22XX_VIC_Driver::IRQ_Handler()
 .text._ZN18LPC22XX_VIC_Driver20InterruptEnableStateEj
                0x8105d820       0x4c C:\MicroFrameworkPK_v4_2\BuildOutput\ARM\GCC4.5\le\RAM\debug\YAAB\lib\tmp_PortBooterLoader.lib(LPC22XX__VIC.obj)
                0x8105d820                LPC22XX_VIC_Driver::InterruptEnableState(unsigned int)
 .text._ZN18LPC22XX_VIC_Driver14IRQToIRQVectorEj
                0x8105d86c       0x70 C:\MicroFrameworkPK_v4_2\BuildOutput\ARM\GCC4.5\le\RAM\debug\YAAB\lib\tmp_PortBooterLoader.lib(LPC22XX__VIC.obj)
                0x8105d86c                LPC22XX_VIC_Driver::IRQToIRQVector(unsigned int)
 .text._ZN18LPC22XX_VIC_Driver14STUB_ISRVectorEPv
                0x8105d8dc       0x48 C:\MicroFrameworkPK_v4_2\BuildOutput\ARM\GCC4.5\le\RAM\debug\YAAB\lib\tmp_PortBooterLoader.lib(LPC22XX__VIC.obj)
                0x8105d8dc                LPC22XX_VIC_Driver::STUB_ISRVector(void*)
 .text._ZN11LPC22XX_VIC18IsInterruptPendingEv
                0x8105d924       0x58 C:\MicroFrameworkPK_v4_2\BuildOutput\ARM\GCC4.5\le\RAM\debug\YAAB\lib\tmp_PortBooterLoader.lib(LPC22XX_Power.obj)
                0x8105d924                LPC22XX_VIC::IsInterruptPending()
 .text._Z8CPU_Haltv
                0x8105d97c       0x1c C:\MicroFrameworkPK_v4_2\BuildOutput\ARM\GCC4.5\le\RAM\debug\YAAB\lib\tmp_PortBooterLoader.lib(LPC22XX_Power.obj)
                0x8105d97c                CPU_Halt()
 .text._ZN14LPC22XX_Driver5SleepEv
                0x8105d998       0x54 C:\MicroFrameworkPK_v4_2\BuildOutput\ARM\GCC4.5\le\RAM\debug\YAAB\lib\tmp_PortBooterLoader.lib(LPC22XX_Power.obj)
                0x8105d998                LPC22XX_Driver::Sleep()
 .text._ZN14LPC22XX_Driver4HaltEv
                0x8105d9ec       0x68 C:\MicroFrameworkPK_v4_2\BuildOutput\ARM\GCC4.5\le\RAM\debug\YAAB\lib\tmp_PortBooterLoader.lib(LPC22XX_Power.obj)
                0x8105d9ec                LPC22XX_Driver::Halt()
 .text._Z12HAL_AssertExv
                0x8105da54       0x10 C:\MicroFrameworkPK_v4_2\BuildOutput\ARM\GCC4.5\le\RAM\debug\YAAB\lib\tmp_PortBooterLoader.lib(LPC22XX_Power.obj)
                0x8105da54                HAL_AssertEx()
 .text._ZN12SmartPtr_IRQC2EPv
                0x8105da64       0x44 C:\MicroFrameworkPK_v4_2\BuildOutput\ARM\GCC4.5\le\RAM\debug\YAAB\lib\tmp_PortBooterLoader.lib(SmartPtr_gcc.obj)
                0x8105da64                SmartPtr_IRQ::SmartPtr_IRQ(void*)
                0x8105da64                SmartPtr_IRQ::SmartPtr_IRQ(void*)
 .text._ZN12SmartPtr_IRQD2Ev
                0x8105daa8       0x34 C:\MicroFrameworkPK_v4_2\BuildOutput\ARM\GCC4.5\le\RAM\debug\YAAB\lib\tmp_PortBooterLoader.lib(SmartPtr_gcc.obj)
                0x8105daa8                SmartPtr_IRQ::~SmartPtr_IRQ()
                0x8105daa8                SmartPtr_IRQ::~SmartPtr_IRQ()
 .text._ZN12SmartPtr_IRQ11WasDisabledEv
                0x8105dadc       0x2c C:\MicroFrameworkPK_v4_2\BuildOutput\ARM\GCC4.5\le\RAM\debug\YAAB\lib\tmp_PortBooterLoader.lib(SmartPtr_gcc.obj)
                0x8105dadc                SmartPtr_IRQ::WasDisabled()
 .text._ZN12SmartPtr_IRQ7AcquireEv
                0x8105db08       0x48 C:\MicroFrameworkPK_v4_2\BuildOutput\ARM\GCC4.5\le\RAM\debug\YAAB\lib\tmp_PortBooterLoader.lib(SmartPtr_gcc.obj)
                0x8105db08                SmartPtr_IRQ::Acquire()
 .text._ZN12SmartPtr_IRQ7ReleaseEv
                0x8105db50       0x50 C:\MicroFrameworkPK_v4_2\BuildOutput\ARM\GCC4.5\le\RAM\debug\YAAB\lib\tmp_PortBooterLoader.lib(SmartPtr_gcc.obj)
                0x8105db50                SmartPtr_IRQ::Release()
 .text._ZN12SmartPtr_IRQ5ProbeEv
                0x8105dba0       0x44 C:\MicroFrameworkPK_v4_2\BuildOutput\ARM\GCC4.5\le\RAM\debug\YAAB\lib\tmp_PortBooterLoader.lib(SmartPtr_gcc.obj)
                0x8105dba0                SmartPtr_IRQ::Probe()
 .text._ZN12SmartPtr_IRQ8GetStateEPv
                0x8105dbe4       0x30 C:\MicroFrameworkPK_v4_2\BuildOutput\ARM\GCC4.5\le\RAM\debug\YAAB\lib\tmp_PortBooterLoader.lib(SmartPtr_gcc.obj)
                0x8105dbe4                SmartPtr_IRQ::GetState(void*)
 .text._ZN12SmartPtr_IRQ7DisableEv
                0x8105dc14       0x34 C:\MicroFrameworkPK_v4_2\BuildOutput\ARM\GCC4.5\le\RAM\debug\YAAB\lib\tmp_PortBooterLoader.lib(SmartPtr_gcc.obj)
                0x8105dc14                SmartPtr_IRQ::Disable()
 .text._ZN12SmartPtr_IRQ7RestoreEv
                0x8105dc48       0x44 C:\MicroFrameworkPK_v4_2\BuildOutput\ARM\GCC4.5\le\RAM\debug\YAAB\lib\tmp_PortBooterLoader.lib(SmartPtr_gcc.obj)
                0x8105dc48                SmartPtr_IRQ::Restore()
 .text._Z15CPU_FlushCachesv
                0x8105dc8c        0x4 C:\MicroFrameworkPK_v4_2\BuildOutput\ARM\GCC4.5\le\RAM\debug\YAAB\lib\tmp_PortBooterLoader.lib(stubs_functions_cache.obj)
                0x8105dc8c                CPU_FlushCaches()
 .text.lcd_printf
                0x8105dc90       0x44 C:\MicroFrameworkPK_v4_2\BuildOutput\ARM\GCC4.5\le\RAM\debug\YAAB\lib\tmp_PortBooterLoader.lib(tinyhal.obj)
                0x8105dc90                lcd_printf
 .text.SystemState_SetNoLock
                0x8105dcd4       0x78 C:\MicroFrameworkPK_v4_2\BuildOutput\ARM\GCC4.5\le\RAM\debug\YAAB\lib\tmp_PortBooterLoader.lib(tinyhal.obj)
                0x8105dcd4                SystemState_SetNoLock
 .text.SystemState_ClearNoLock
                0x8105dd4c       0x78 C:\MicroFrameworkPK_v4_2\BuildOutput\ARM\GCC4.5\le\RAM\debug\YAAB\lib\tmp_PortBooterLoader.lib(tinyhal.obj)
                0x8105dd4c                SystemState_ClearNoLock
 .text._Z21Checksum_RAMConstantsv
                0x8105ddc4       0x74 C:\MicroFrameworkPK_v4_2\BuildOutput\ARM\GCC4.5\le\RAM\debug\YAAB\lib\tmp_PortBooterLoader.lib(tinyhal.obj)
                0x8105ddc4                Checksum_RAMConstants()
 .text._Z19Verify_RAMConstantsPv
                0x8105de38      0x250 C:\MicroFrameworkPK_v4_2\BuildOutput\ARM\GCC4.5\le\RAM\debug\YAAB\lib\tmp_PortBooterLoader.lib(tinyhal.obj)
                0x8105de38                Verify_RAMConstants(void*)
 .text._Z16USART_Initializeiiiiii
                0x8105e088       0x5c C:\MicroFrameworkPK_v4_2\BuildOutput\ARM\GCC4.5\le\RAM\debug\YAAB\lib\tmp_PortBooterLoader.lib(usart.obj)
                0x8105e088                USART_Initialize(int, int, int, int, int, int)
 .text._Z11USART_WriteiPKcj
                0x8105e0e4       0x44 C:\MicroFrameworkPK_v4_2\BuildOutput\ARM\GCC4.5\le\RAM\debug\YAAB\lib\tmp_PortBooterLoader.lib(usart.obj)
                0x8105e0e4                USART_Write(int, char const*, unsigned int)
 .text._Z11USART_Flushi
                0x8105e128       0x34 C:\MicroFrameworkPK_v4_2\BuildOutput\ARM\GCC4.5\le\RAM\debug\YAAB\lib\tmp_PortBooterLoader.lib(usart.obj)
                0x8105e128                USART_Flush(int)
 .text._Z23USART_AddCharToRxBufferic
                0x8105e15c       0x44 C:\MicroFrameworkPK_v4_2\BuildOutput\ARM\GCC4.5\le\RAM\debug\YAAB\lib\tmp_PortBooterLoader.lib(usart.obj)
                0x8105e15c                USART_AddCharToRxBuffer(int, char)
 .text._Z28USART_RemoveCharFromTxBufferiRc
                0x8105e1a0       0x3c C:\MicroFrameworkPK_v4_2\BuildOutput\ARM\GCC4.5\le\RAM\debug\YAAB\lib\tmp_PortBooterLoader.lib(usart.obj)
                0x8105e1a0                USART_RemoveCharFromTxBuffer(int, char&)
 .text._ZN12USART_Driver10InitializeEiiiiii
                0x8105e1dc      0x248 C:\MicroFrameworkPK_v4_2\BuildOutput\ARM\GCC4.5\le\RAM\debug\YAAB\lib\tmp_PortBooterLoader.lib(usart.obj)
                0x8105e1dc                USART_Driver::Initialize(int, int, int, int, int, int)
 .text._ZN12USART_Driver5WriteEiPKcj
                0x8105e424      0x3d8 C:\MicroFrameworkPK_v4_2\BuildOutput\ARM\GCC4.5\le\RAM\debug\YAAB\lib\tmp_PortBooterLoader.lib(usart.obj)
                0x8105e424                USART_Driver::Write(int, char const*, unsigned int)
 .text._ZN12USART_Driver5FlushEi
                0x8105e7fc      0x4e0 C:\MicroFrameworkPK_v4_2\BuildOutput\ARM\GCC4.5\le\RAM\debug\YAAB\lib\tmp_PortBooterLoader.lib(usart.obj)
                0x8105e7fc                USART_Driver::Flush(int)
 .text._ZN12USART_Driver17AddCharToRxBufferEic
                0x8105ecdc      0x2fc C:\MicroFrameworkPK_v4_2\BuildOutput\ARM\GCC4.5\le\RAM\debug\YAAB\lib\tmp_PortBooterLoader.lib(usart.obj)
                0x8105ecdc                USART_Driver::AddCharToRxBuffer(int, char)
 .text._ZN12USART_Driver22RemoveCharFromTxBufferEiRc
                0x8105efd8      0x188 C:\MicroFrameworkPK_v4_2\BuildOutput\ARM\GCC4.5\le\RAM\debug\YAAB\lib\tmp_PortBooterLoader.lib(usart.obj)
                0x8105efd8                USART_Driver::RemoveCharFromTxBuffer(int, char&)
 .text._ZN12USART_Driver8SendXOFFEij
                0x8105f160      0x124 C:\MicroFrameworkPK_v4_2\BuildOutput\ARM\GCC4.5\le\RAM\debug\YAAB\lib\tmp_PortBooterLoader.lib(usart.obj)
                0x8105f160                USART_Driver::SendXOFF(int, unsigned int)
 .text._ZN12USART_Driver8SetEventEij
                0x8105f284      0x138 C:\MicroFrameworkPK_v4_2\BuildOutput\ARM\GCC4.5\le\RAM\debug\YAAB\lib\tmp_PortBooterLoader.lib(usart.obj)
                0x8105f284                USART_Driver::SetEvent(int, unsigned int)
 .text._ZN21Hal_Queue_UnknownSizeIhE3PopEv
                0x8105f3bc       0xa4 C:\MicroFrameworkPK_v4_2\BuildOutput\ARM\GCC4.5\le\RAM\debug\YAAB\lib\tmp_PortBooterLoader.lib(usart.obj)
                0x8105f3bc                Hal_Queue_UnknownSize<unsigned char>::Pop()
 .text._ZN21Hal_Queue_UnknownSizeIhE10InitializeEPhj
                0x8105f460       0x54 C:\MicroFrameworkPK_v4_2\BuildOutput\ARM\GCC4.5\le\RAM\debug\YAAB\lib\tmp_PortBooterLoader.lib(usart.obj)
                0x8105f460                Hal_Queue_UnknownSize<unsigned char>::Initialize(unsigned char*, unsigned int)
 .text._ZN21Hal_Queue_UnknownSizeIhE4PushERj
                0x8105f4b4      0x14c C:\MicroFrameworkPK_v4_2\BuildOutput\ARM\GCC4.5\le\RAM\debug\YAAB\lib\tmp_PortBooterLoader.lib(usart.obj)
                0x8105f4b4                Hal_Queue_UnknownSize<unsigned char>::Push(unsigned int&)
 .text._ZN21Hal_Queue_UnknownSizeIhE16NumberOfElementsEv
                0x8105f600       0x80 C:\MicroFrameworkPK_v4_2\BuildOutput\ARM\GCC4.5\le\RAM\debug\YAAB\lib\tmp_PortBooterLoader.lib(usart.obj)
                0x8105f600                Hal_Queue_UnknownSize<unsigned char>::NumberOfElements()
 .text._ZN21Hal_Queue_UnknownSizeIhE7IsEmptyEv
                0x8105f680       0x48 C:\MicroFrameworkPK_v4_2\BuildOutput\ARM\GCC4.5\le\RAM\debug\YAAB\lib\tmp_PortBooterLoader.lib(usart.obj)
                0x8105f680                Hal_Queue_UnknownSize<unsigned char>::IsEmpty()
 .text._ZN21Hal_Queue_UnknownSizeIhE4PushEv
                0x8105f6c8       0xa4 C:\MicroFrameworkPK_v4_2\BuildOutput\ARM\GCC4.5\le\RAM\debug\YAAB\lib\tmp_PortBooterLoader.lib(usart.obj)
                0x8105f6c8                Hal_Queue_UnknownSize<unsigned char>::Push()
 .text.UNDEF_SubHandler
                0x8105f76c       0x44 C:\MicroFrameworkPK_v4_2\BuildOutput\ARM\GCC4.5\le\RAM\debug\YAAB\lib\tmp_PortBooterLoader.lib(VectorsHandlers.obj)
                0x8105f76c                UNDEF_SubHandler
 .text.ABORTP_SubHandler
                0x8105f7b0       0x44 C:\MicroFrameworkPK_v4_2\BuildOutput\ARM\GCC4.5\le\RAM\debug\YAAB\lib\tmp_PortBooterLoader.lib(VectorsHandlers.obj)
                0x8105f7b0                ABORTP_SubHandler
 .text.ABORTD_SubHandler
                0x8105f7f4       0x44 C:\MicroFrameworkPK_v4_2\BuildOutput\ARM\GCC4.5\le\RAM\debug\YAAB\lib\tmp_PortBooterLoader.lib(VectorsHandlers.obj)
                0x8105f7f4                ABORTD_SubHandler
 .text.HARD_Breakpoint
                0x8105f838       0x28 C:\MicroFrameworkPK_v4_2\BuildOutput\ARM\GCC4.5\le\RAM\debug\YAAB\lib\tmp_PortBooterLoader.lib(VectorsHandlers.obj)
                0x8105f838                HARD_Breakpoint
 .text._ZN7LPC22XX3PCBEv
                0x8105f860       0x10 C:\MicroFrameworkPK_v4_2\BuildOutput\ARM\GCC4.5\le\RAM\debug\YAAB\lib\tmp_PortBooterLoader.lib(YAAB_bootstrap.obj)
                0x8105f860                LPC22XX::PCB()
 .text._ZN7LPC22XX6SYSCONEv
                0x8105f870       0x10 C:\MicroFrameworkPK_v4_2\BuildOutput\ARM\GCC4.5\le\RAM\debug\YAAB\lib\tmp_PortBooterLoader.lib(YAAB_bootstrap.obj)
                0x8105f870                LPC22XX::SYSCON()
 .text._ZN7LPC22XX3EMCEv
                0x8105f880       0x10 C:\MicroFrameworkPK_v4_2\BuildOutput\ARM\GCC4.5\le\RAM\debug\YAAB\lib\tmp_PortBooterLoader.lib(YAAB_bootstrap.obj)
                0x8105f880                LPC22XX::EMC()
 .text._ZN7LPC22XX5TIMEREi
                0x8105f890       0x34 C:\MicroFrameworkPK_v4_2\BuildOutput\ARM\GCC4.5\le\RAM\debug\YAAB\lib\tmp_PortBooterLoader.lib(YAAB_bootstrap.obj)
                0x8105f890                LPC22XX::TIMER(int)
 .text._Z20monitor_debug_printfPKcz
                0x8105f8c4       0x94 C:\MicroFrameworkPK_v4_2\BuildOutput\ARM\GCC4.5\le\RAM\debug\YAAB\lib\tmp_PortBooterLoader.lib(Aborts.obj)
                0x8105f8c4                monitor_debug_printf(char const*, ...)
 .text._Z12RegisterDumpv
                0x8105f958        0x4 C:\MicroFrameworkPK_v4_2\BuildOutput\ARM\GCC4.5\le\RAM\debug\YAAB\lib\tmp_PortBooterLoader.lib(Aborts.obj)
                0x8105f958                RegisterDump()
 .text._Z20ABORT_HandlerDisplayPjjjjPKcj
                0x8105f95c      0x960 C:\MicroFrameworkPK_v4_2\BuildOutput\ARM\GCC4.5\le\RAM\debug\YAAB\lib\tmp_PortBooterLoader.lib(Aborts.obj)
                0x8105f95c                ABORT_HandlerDisplay(unsigned int*, unsigned int, unsigned int, unsigned int, char const*, unsigned int)
 .text.UNDEF_Handler
                0x810602bc       0xb8 C:\MicroFrameworkPK_v4_2\BuildOutput\ARM\GCC4.5\le\RAM\debug\YAAB\lib\tmp_PortBooterLoader.lib(Aborts.obj)
                0x810602bc                UNDEF_Handler
 .text.ABORTP_Handler
                0x81060374       0xb8 C:\MicroFrameworkPK_v4_2\BuildOutput\ARM\GCC4.5\le\RAM\debug\YAAB\lib\tmp_PortBooterLoader.lib(Aborts.obj)
                0x81060374                ABORTP_Handler
 .text.ABORTD_Handler
                0x8106042c       0xb8 C:\MicroFrameworkPK_v4_2\BuildOutput\ARM\GCC4.5\le\RAM\debug\YAAB\lib\tmp_PortBooterLoader.lib(Aborts.obj)
                0x8106042c                ABORTD_Handler
 .text.HARD_Breakpoint_Handler
                0x810604e4       0xd0 C:\MicroFrameworkPK_v4_2\BuildOutput\ARM\GCC4.5\le\RAM\debug\YAAB\lib\tmp_PortBooterLoader.lib(Aborts.obj)
                0x810604e4                HARD_Breakpoint_Handler
 .text._Z22Buttons_CurrentHWStatev
                0x810605b4        0xc C:\MicroFrameworkPK_v4_2\BuildOutput\ARM\GCC4.5\le\RAM\debug\YAAB\lib\tmp_PortBooterLoader.lib(Buttons_stubs.obj)
                0x810605b4                Buttons_CurrentHWState()
 .text._Z18DebuggerPort_WriteiPKcj
                0x810605c0       0x20 C:\MicroFrameworkPK_v4_2\BuildOutput\ARM\GCC4.5\le\RAM\debug\YAAB\lib\tmp_PortBooterLoader.lib(ComDirector_stubs.obj)
                0x810605c0                DebuggerPort_Write(int, char const*, unsigned int)
 .text._Z18DebuggerPort_Flushi
                0x810605e0       0x18 C:\MicroFrameworkPK_v4_2\BuildOutput\ARM\GCC4.5\le\RAM\debug\YAAB\lib\tmp_PortBooterLoader.lib(ComDirector_stubs.obj)
                0x810605e0                DebuggerPort_Flush(int)
 .text._Z29CPU_ProtectCommunicationGPIOsj
                0x810605f8       0x10 C:\MicroFrameworkPK_v4_2\BuildOutput\ARM\GCC4.5\le\RAM\debug\YAAB\lib\tmp_PortBooterLoader.lib(ComDirector_stubs.obj)
                0x810605f8                CPU_ProtectCommunicationGPIOs(unsigned int)
 .text._Z10Events_Setj
                0x81060608       0x9c C:\MicroFrameworkPK_v4_2\BuildOutput\ARM\GCC4.5\le\RAM\debug\YAAB\lib\tmp_PortBooterLoader.lib(events.obj)
                0x81060608                Events_Set(unsigned int)
 .text._Z9LCD_Clearv
                0x810606a4        0x4 C:\MicroFrameworkPK_v4_2\BuildOutput\ARM\GCC4.5\le\RAM\debug\YAAB\lib\tmp_PortBooterLoader.lib(fastcompile_display_stubs.obj)
                0x810606a4                LCD_Clear()
 .text._Z22LCD_WriteFormattedCharh
                0x810606a8       0x14 C:\MicroFrameworkPK_v4_2\BuildOutput\ARM\GCC4.5\le\RAM\debug\YAAB\lib\tmp_PortBooterLoader.lib(fastcompile_display_stubs.obj)
                0x810606a8                LCD_WriteFormattedChar(unsigned char)
 .text._ZN7LPC22XX4GPIOEv
                0x810606bc       0x10 C:\MicroFrameworkPK_v4_2\BuildOutput\ARM\GCC4.5\le\RAM\debug\YAAB\lib\tmp_PortBooterLoader.lib(LPC22XX__GPIO.obj)
                0x810606bc                LPC22XX::GPIO()
 .text._ZN19LPC22XX_GPIO_Driver9PinToPortEj
                0x810606cc       0x40 C:\MicroFrameworkPK_v4_2\BuildOutput\ARM\GCC4.5\le\RAM\debug\YAAB\lib\tmp_PortBooterLoader.lib(LPC22XX__GPIO.obj)
                0x810606cc                LPC22XX_GPIO_Driver::PinToPort(unsigned int)
 .text._ZN19LPC22XX_GPIO_Driver8PinToBitEj
                0x8106070c       0x40 C:\MicroFrameworkPK_v4_2\BuildOutput\ARM\GCC4.5\le\RAM\debug\YAAB\lib\tmp_PortBooterLoader.lib(LPC22XX__GPIO.obj)
                0x8106070c                LPC22XX_GPIO_Driver::PinToBit(unsigned int)
 .text._ZN19LPC22XX_GPIO_Driver11PinToPCBRegEj
                0x8106074c       0x40 C:\MicroFrameworkPK_v4_2\BuildOutput\ARM\GCC4.5\le\RAM\debug\YAAB\lib\tmp_PortBooterLoader.lib(LPC22XX__GPIO.obj)
                0x8106074c                LPC22XX_GPIO_Driver::PinToPCBReg(unsigned int)
 .text._ZN19LPC22XX_GPIO_Driver14PinToPCBRegBitEj
                0x8106078c       0x44 C:\MicroFrameworkPK_v4_2\BuildOutput\ARM\GCC4.5\le\RAM\debug\YAAB\lib\tmp_PortBooterLoader.lib(LPC22XX__GPIO.obj)
                0x8106078c                LPC22XX_GPIO_Driver::PinToPCBRegBit(unsigned int)
 .text._Z19CPU_GPIO_DisablePinj13GPIO_RESISTORj13GPIO_ALT_MODE
                0x810607d0       0x4c C:\MicroFrameworkPK_v4_2\BuildOutput\ARM\GCC4.5\le\RAM\debug\YAAB\lib\tmp_PortBooterLoader.lib(LPC22XX__GPIO.obj)
                0x810607d0                CPU_GPIO_DisablePin(unsigned int, GPIO_RESISTOR, unsigned int, GPIO_ALT_MODE)
 .text._Z24CPU_GPIO_EnableOutputPinjj
                0x8106081c       0x34 C:\MicroFrameworkPK_v4_2\BuildOutput\ARM\GCC4.5\le\RAM\debug\YAAB\lib\tmp_PortBooterLoader.lib(LPC22XX__GPIO.obj)
                0x8106081c                CPU_GPIO_EnableOutputPin(unsigned int, unsigned int)
 .text._ZN19LPC22XX_GPIO_Driver10DisablePinEj13GPIO_RESISTORj13GPIO_ALT_MODE
                0x81060850      0x134 C:\MicroFrameworkPK_v4_2\BuildOutput\ARM\GCC4.5\le\RAM\debug\YAAB\lib\tmp_PortBooterLoader.lib(LPC22XX__GPIO.obj)
                0x81060850                LPC22XX_GPIO_Driver::DisablePin(unsigned int, GPIO_RESISTOR, unsigned int, GPIO_ALT_MODE)
 .text._ZN19LPC22XX_GPIO_Driver15EnableOutputPinEjj
                0x81060984      0x198 C:\MicroFrameworkPK_v4_2\BuildOutput\ARM\GCC4.5\le\RAM\debug\YAAB\lib\tmp_PortBooterLoader.lib(LPC22XX__GPIO.obj)
                0x81060984                LPC22XX_GPIO_Driver::EnableOutputPin(unsigned int, unsigned int)
 .text._ZN19LPC22XX_GPIO_Driver14STUB_ISRVectorEjjPv
                0x81060b1c       0x40 C:\MicroFrameworkPK_v4_2\BuildOutput\ARM\GCC4.5\le\RAM\debug\YAAB\lib\tmp_PortBooterLoader.lib(LPC22XX__GPIO.obj)
                0x81060b1c                LPC22XX_GPIO_Driver::STUB_ISRVector(unsigned int, unsigned int, void*)
 .text._Z44HAL_Time_Sleep_MicroSeconds_InterruptEnabledj
                0x81060b5c       0x2c C:\MicroFrameworkPK_v4_2\BuildOutput\ARM\GCC4.5\le\RAM\debug\YAAB\lib\tmp_PortBooterLoader.lib(LPC22XX__TIME.obj)
                0x81060b5c                HAL_Time_Sleep_MicroSeconds_InterruptEnabled(unsigned int)
 .text.HAL_Time_CurrentTicks
                0x81060b88       0x2c C:\MicroFrameworkPK_v4_2\BuildOutput\ARM\GCC4.5\le\RAM\debug\YAAB\lib\tmp_PortBooterLoader.lib(LPC22XX__TIME.obj)
                0x81060b88                HAL_Time_CurrentTicks
 .text._Z18CPU_TicksPerSecondv
                0x81060bb4       0x10 C:\MicroFrameworkPK_v4_2\BuildOutput\ARM\GCC4.5\le\RAM\debug\YAAB\lib\tmp_PortBooterLoader.lib(LPC22XX__TIME.obj)
                0x81060bb4                CPU_TicksPerSecond()
 .text._ZN19LPC22XX_TIME_Driver12CounterValueEv
                0x81060bc4       0xc0 C:\MicroFrameworkPK_v4_2\BuildOutput\ARM\GCC4.5\le\RAM\debug\YAAB\lib\tmp_PortBooterLoader.lib(LPC22XX__TIME.obj)
                0x81060bc4                LPC22XX_TIME_Driver::CounterValue()
 .text._ZN13LPC22XX_USART8getIntNoEi
                0x81060c84       0x1c C:\MicroFrameworkPK_v4_2\BuildOutput\ARM\GCC4.5\le\RAM\debug\YAAB\lib\tmp_PortBooterLoader.lib(LPC22XX__USART.obj)
                0x81060c84                LPC22XX_USART::getIntNo(int)
 .text._ZN7LPC22XX4UARTEi
                0x81060ca0       0x34 C:\MicroFrameworkPK_v4_2\BuildOutput\ARM\GCC4.5\le\RAM\debug\YAAB\lib\tmp_PortBooterLoader.lib(LPC22XX__USART.obj)
                0x81060ca0                LPC22XX::UART(int)
 .text._ZL13setFieldValuejjjj
                0x81060cd4       0x58 C:\MicroFrameworkPK_v4_2\BuildOutput\ARM\GCC4.5\le\RAM\debug\YAAB\lib\tmp_PortBooterLoader.lib(LPC22XX__USART.obj)
 .text._Z20CPU_USART_Initializeiiiiii
                0x81060d2c       0x5c C:\MicroFrameworkPK_v4_2\BuildOutput\ARM\GCC4.5\le\RAM\debug\YAAB\lib\tmp_PortBooterLoader.lib(LPC22XX__USART.obj)
                0x81060d2c                CPU_USART_Initialize(int, int, int, int, int, int)
 .text._Z23CPU_USART_TxBufferEmptyi
                0x81060d88       0x34 C:\MicroFrameworkPK_v4_2\BuildOutput\ARM\GCC4.5\le\RAM\debug\YAAB\lib\tmp_PortBooterLoader.lib(LPC22XX__USART.obj)
                0x81060d88                CPU_USART_TxBufferEmpty(int)
 .text._Z30CPU_USART_TxShiftRegisterEmptyi
                0x81060dbc       0x34 C:\MicroFrameworkPK_v4_2\BuildOutput\ARM\GCC4.5\le\RAM\debug\YAAB\lib\tmp_PortBooterLoader.lib(LPC22XX__USART.obj)
                0x81060dbc                CPU_USART_TxShiftRegisterEmpty(int)
 .text._Z29CPU_USART_WriteCharToTxBufferih
                0x81060df0       0x3c C:\MicroFrameworkPK_v4_2\BuildOutput\ARM\GCC4.5\le\RAM\debug\YAAB\lib\tmp_PortBooterLoader.lib(LPC22XX__USART.obj)
                0x81060df0                CPU_USART_WriteCharToTxBuffer(int, unsigned char)
 .text._Z38CPU_USART_TxBufferEmptyInterruptEnableij
                0x81060e2c       0x34 C:\MicroFrameworkPK_v4_2\BuildOutput\ARM\GCC4.5\le\RAM\debug\YAAB\lib\tmp_PortBooterLoader.lib(LPC22XX__USART.obj)
                0x81060e2c                CPU_USART_TxBufferEmptyInterruptEnable(int, unsigned int)
 .text._Z37CPU_USART_TxBufferEmptyInterruptStatei
                0x81060e60       0x34 C:\MicroFrameworkPK_v4_2\BuildOutput\ARM\GCC4.5\le\RAM\debug\YAAB\lib\tmp_PortBooterLoader.lib(LPC22XX__USART.obj)
                0x81060e60                CPU_USART_TxBufferEmptyInterruptState(int)
 .text._Z37CPU_USART_RxBufferFullInterruptEnableij
                0x81060e94       0x34 C:\MicroFrameworkPK_v4_2\BuildOutput\ARM\GCC4.5\le\RAM\debug\YAAB\lib\tmp_PortBooterLoader.lib(LPC22XX__USART.obj)
                0x81060e94                CPU_USART_RxBufferFullInterruptEnable(int, unsigned int)
 .text._Z33CPU_USART_TxHandshakeEnabledStatei
                0x81060ec8       0x34 C:\MicroFrameworkPK_v4_2\BuildOutput\ARM\GCC4.5\le\RAM\debug\YAAB\lib\tmp_PortBooterLoader.lib(LPC22XX__USART.obj)
                0x81060ec8                CPU_USART_TxHandshakeEnabledState(int)
 .text._ZN20LPC22XX_USART_Driver14IsValidPortNumEi
                0x81060efc       0x40 C:\MicroFrameworkPK_v4_2\BuildOutput\ARM\GCC4.5\le\RAM\debug\YAAB\lib\tmp_PortBooterLoader.lib(LPC22XX__USART.obj)
                0x81060efc                LPC22XX_USART_Driver::IsValidPortNum(int)
 .text._ZN20LPC22XX_USART_Driver15UART_IntHandlerEPv
                0x81060f3c      0x1e8 C:\MicroFrameworkPK_v4_2\BuildOutput\ARM\GCC4.5\le\RAM\debug\YAAB\lib\tmp_PortBooterLoader.lib(LPC22XX__USART.obj)
                0x81060f3c                LPC22XX_USART_Driver::UART_IntHandler(void*)
 .text._ZN20LPC22XX_USART_Driver10InitializeEiiiiii
                0x81061124      0x33c C:\MicroFrameworkPK_v4_2\BuildOutput\ARM\GCC4.5\le\RAM\debug\YAAB\lib\tmp_PortBooterLoader.lib(LPC22XX__USART.obj)
                0x81061124                LPC22XX_USART_Driver::Initialize(int, int, int, int, int, int)
 .text._ZN20LPC22XX_USART_Driver13TxBufferEmptyEi
                0x81061460       0xa4 C:\MicroFrameworkPK_v4_2\BuildOutput\ARM\GCC4.5\le\RAM\debug\YAAB\lib\tmp_PortBooterLoader.lib(LPC22XX__USART.obj)
                0x81061460                LPC22XX_USART_Driver::TxBufferEmpty(int)
 .text._ZN20LPC22XX_USART_Driver20TxShiftRegisterEmptyEi
                0x81061504       0xa4 C:\MicroFrameworkPK_v4_2\BuildOutput\ARM\GCC4.5\le\RAM\debug\YAAB\lib\tmp_PortBooterLoader.lib(LPC22XX__USART.obj)
                0x81061504                LPC22XX_USART_Driver::TxShiftRegisterEmpty(int)
 .text._ZN20LPC22XX_USART_Driver19WriteCharToTxBufferEih
                0x810615a8       0xc4 C:\MicroFrameworkPK_v4_2\BuildOutput\ARM\GCC4.5\le\RAM\debug\YAAB\lib\tmp_PortBooterLoader.lib(LPC22XX__USART.obj)
                0x810615a8                LPC22XX_USART_Driver::WriteCharToTxBuffer(int, unsigned char)
 .text._ZN20LPC22XX_USART_Driver28TxBufferEmptyInterruptEnableEij
                0x8106166c      0x184 C:\MicroFrameworkPK_v4_2\BuildOutput\ARM\GCC4.5\le\RAM\debug\YAAB\lib\tmp_PortBooterLoader.lib(LPC22XX__USART.obj)
                0x8106166c                LPC22XX_USART_Driver::TxBufferEmptyInterruptEnable(int, unsigned int)
 .text._ZN20LPC22XX_USART_Driver27TxBufferEmptyInterruptStateEi
                0x810617f0       0xa4 C:\MicroFrameworkPK_v4_2\BuildOutput\ARM\GCC4.5\le\RAM\debug\YAAB\lib\tmp_PortBooterLoader.lib(LPC22XX__USART.obj)
                0x810617f0                LPC22XX_USART_Driver::TxBufferEmptyInterruptState(int)
 .text._ZN20LPC22XX_USART_Driver27RxBufferFullInterruptEnableEij
                0x81061894       0xe0 C:\MicroFrameworkPK_v4_2\BuildOutput\ARM\GCC4.5\le\RAM\debug\YAAB\lib\tmp_PortBooterLoader.lib(LPC22XX__USART.obj)
                0x81061894                LPC22XX_USART_Driver::RxBufferFullInterruptEnable(int, unsigned int)
 .text._ZN20LPC22XX_USART_Driver23TxHandshakeEnabledStateEi
                0x81061974       0x18 C:\MicroFrameworkPK_v4_2\BuildOutput\ARM\GCC4.5\le\RAM\debug\YAAB\lib\tmp_PortBooterLoader.lib(LPC22XX__USART.obj)
                0x81061974                LPC22XX_USART_Driver::TxHandshakeEnabledState(int)
 .text._ZN20LPC22XX_USART_Driver11ProtectPinsEij
                0x8106198c      0x1f0 C:\MicroFrameworkPK_v4_2\BuildOutput\ARM\GCC4.5\le\RAM\debug\YAAB\lib\tmp_PortBooterLoader.lib(LPC22XX__USART.obj)
                0x8106198c                LPC22XX_USART_Driver::ProtectPins(int, unsigned int)
 .text._ZN7LPC22XX4WTDGEv
                0x81061b7c        0xc C:\MicroFrameworkPK_v4_2\BuildOutput\ARM\GCC4.5\le\RAM\debug\YAAB\lib\tmp_PortBooterLoader.lib(LPC22XX__WATCHDOG.obj)
                0x81061b7c                LPC22XX::WTDG()
 .text._Z16Watchdog_Disablev
                0x81061b88       0x1c C:\MicroFrameworkPK_v4_2\BuildOutput\ARM\GCC4.5\le\RAM\debug\YAAB\lib\tmp_PortBooterLoader.lib(LPC22XX__WATCHDOG.obj)
                0x81061b88                Watchdog_Disable()
 .text._ZN23LPC22XX_WATCHDOG_Driver7DisableEv
                0x81061ba4       0x2c C:\MicroFrameworkPK_v4_2\BuildOutput\ARM\GCC4.5\le\RAM\debug\YAAB\lib\tmp_PortBooterLoader.lib(LPC22XX__WATCHDOG.obj)
                0x81061ba4                LPC22XX_WATCHDOG_Driver::Disable()
 .text._Z10hal_printfPKcz
                0x81061bd0       0x48 C:\MicroFrameworkPK_v4_2\BuildOutput\ARM\GCC4.5\le\RAM\debug\YAAB\lib\tmp_PortBooterLoader.lib(tinycrt.obj)
                0x81061bd0                hal_printf(char const*, ...)
 .text._Z11hal_vprintfPKcSt9__va_list
                0x81061c18       0x4c C:\MicroFrameworkPK_v4_2\BuildOutput\ARM\GCC4.5\le\RAM\debug\YAAB\lib\tmp_PortBooterLoader.lib(tinycrt.obj)
                0x81061c18                hal_vprintf(char const*, std::__va_list)
 .text._Z12hal_vfprintfiPKcSt9__va_list
                0x81061c64      0x17c C:\MicroFrameworkPK_v4_2\BuildOutput\ARM\GCC4.5\le\RAM\debug\YAAB\lib\tmp_PortBooterLoader.lib(tinycrt.obj)
                0x81061c64                hal_vfprintf(int, char const*, std::__va_list)
 .text._Z13hal_vsnprintfPcjPKcSt9__va_list
                0x81061de0       0x4c C:\MicroFrameworkPK_v4_2\BuildOutput\ARM\GCC4.5\le\RAM\debug\YAAB\lib\tmp_PortBooterLoader.lib(tinycrt.obj)
                0x81061de0                hal_vsnprintf(char*, unsigned int, char const*, std::__va_list)
 .text._Z18SUPPORT_ComputeCRCPKvij
                0x81061e2c       0x94 C:\MicroFrameworkPK_v4_2\BuildOutput\ARM\GCC4.5\le\ANY_MEDIA\debug\lib\CRC.lib(CRC.obj)
                0x81061e2c                SUPPORT_ComputeCRC(void const*, int, unsigned int)
 .text          0x81061ec0      0x1c0 c:\gcc45\arm-none-eabi\lib\libc.a(lib_a-memcpy.o)
                0x81061ec0                memcpy
 .text          0x81062080      0x100 c:\gcc45\arm-none-eabi\lib\libc.a(lib_a-memset.o)
                0x81062080                memset
 .text          0x81062180       0xc8 c:\gcc45\arm-none-eabi\lib\libc.a(lib_a-vsnprintf.o)
                0x81062180                _vsnprintf_r
                0x81062204                vsnprintf
 .text          0x81062248     0x2138 c:\gcc45\arm-none-eabi\lib\libc.a(lib_a-svfprintf.o)
                0x81062248                _svfprintf_r
 .text          0x81064380     0x17d0 c:\gcc45\arm-none-eabi\lib\libc.a(lib_a-dtoa.o)
                0x81064550                _dtoa_r
 .text          0x81065b50       0xd0 c:\gcc45\arm-none-eabi\lib\libc.a(lib_a-locale.o)
                0x81065b50                _setlocale_r
                0x81065bbc                __locale_charset
                0x81065bc8                __locale_mb_cur_max
                0x81065bd8                __locale_msgcharset
                0x81065be4                __locale_cjk_lang
                0x81065bec                _localeconv_r
                0x81065bf8                setlocale
                0x81065c14                localeconv
 .text          0x81065c20      0x70c c:\gcc45\arm-none-eabi\lib\libc.a(lib_a-mallocr.o)
                0x81065c20                _malloc_r
 .text          0x8106632c      0x104 c:\gcc45\arm-none-eabi\lib\libc.a(lib_a-memchr.o)
                0x8106632c                memchr
 .text          0x81066430        0x8 c:\gcc45\arm-none-eabi\lib\libc.a(lib_a-mlock.o)
                0x81066430                __malloc_lock
                0x81066434                __malloc_unlock
 .text          0x81066438      0xcfc c:\gcc45\arm-none-eabi\lib\libc.a(lib_a-mprec.o)
                0x81066438                _Balloc
                0x810664c0                _Bfree
                0x810664dc                __multadd
                0x810665b8                __s2b
                0x810666a4                __hi0bits
                0x810666f4                __lo0bits
                0x81066784                __i2b
                0x810667a8                __multiply
                0x81066990                __pow5mult
                0x81066a84                __lshift
                0x81066b88                __mcmp
                0x81066be8                __mdiff
                0x81066d40                __ulp
                0x81066da0                __b2d
                0x81066e64                __d2b
                0x81066f6c                __ratio
                0x81066fe4                _mprec_log10
                0x81067038                __copybits
                0x810670ac                __any_on
 .text          0x81067134       0x8c c:\gcc45\arm-none-eabi\lib\libc.a(lib_a-s_fpclassify.o)
                0x81067134                __fpclassifyd
 .text          0x810671c0       0x40 c:\gcc45\arm-none-eabi\lib\libc.a(lib_a-sbrkr.o)
                0x810671c0                _sbrk_r
 .text          0x81067200      0x230 c:\gcc45\arm-none-eabi\lib\libc.a(lib_a-strcmp.o)
                0x81067200                strcmp
 .text          0x81067430       0x60 c:\gcc45\arm-none-eabi\lib\libc.a(lib_a-strlen.o)
                0x81067430                strlen
 .text          0x81067490     0x1238 c:\gcc45\arm-none-eabi\lib\libc.a(lib_a-svfiprintf.o)
                0x81067490                __ssprint_r
                0x8106762c                _svfiprintf_r
 .text          0x810686c8       0x9c c:\gcc45\arm-none-eabi\lib\libc.a(lib_a-callocr.o)
                0x810686c8                _calloc_r
 .text          0x81068764      0x360 c:\gcc45\arm-none-eabi\lib\libc.a(lib_a-freer.o)
                0x81068764                _malloc_trim_r
                0x81068860                _free_r
 .text          0x81068ac4      0x128 c:\gcc45\arm-none-eabi\lib\libc.a(lib_a-memmove.o)
                0x81068ac4                memmove
 .text          0x81068bec      0x5c0 c:\gcc45\arm-none-eabi\lib\libc.a(lib_a-reallocr.o)
                0x81068bec                _realloc_r
 .text          0x810691ac      0x114 c:\gcc45\lib\gcc\arm-none-eabi\4.5.2\libgcc.a(_udivsi3.o)
                0x810691ac                __aeabi_uidiv
                0x810691ac                __udivsi3
                0x810692a0                __aeabi_uidivmod
 .text          0x810692c0        0x4 c:\gcc45\lib\gcc\arm-none-eabi\4.5.2\libgcc.a(_dvmd_tls.o)
                0x810692c0                __aeabi_idiv0
                0x810692c0                __aeabi_ldiv0
 .text          0x810692c4      0x41c c:\gcc45\lib\gcc\arm-none-eabi\4.5.2\libgcc.a(_arm_addsubdf3.o)
                0x810692c4                __aeabi_drsub
                0x810692cc                __aeabi_dsub
                0x810692cc                __subdf3
                0x810692d0                __aeabi_dadd
                0x810692d0                __adddf3
                0x810695e0                __floatunsidf
                0x810695e0                __aeabi_ui2d
                0x81069604                __floatsidf
                0x81069604                __aeabi_i2d
                0x8106962c                __aeabi_f2d
                0x8106962c                __extendsfdf2
                0x8106966c                __floatundidf
                0x8106966c                __aeabi_ul2d
                0x81069680                __floatdidf
                0x81069680                __aeabi_l2d
 .text          0x810696e0      0x49c c:\gcc45\lib\gcc\arm-none-eabi\4.5.2\libgcc.a(_arm_muldivdf3.o)
                0x810696e0                __aeabi_dmul
                0x810696e0                __muldf3
                0x81069970                __divdf3
                0x81069970                __aeabi_ddiv
 .text          0x81069b7c      0x144 c:\gcc45\lib\gcc\arm-none-eabi\4.5.2\libgcc.a(_arm_cmpdf2.o)
                0x81069b7c                __gtdf2
                0x81069b7c                __gedf2
                0x81069b84                __ltdf2
                0x81069b84                __ledf2
                0x81069b8c                __nedf2
                0x81069b8c                __eqdf2
                0x81069b8c                __cmpdf2
                0x81069c14                __aeabi_cdrcmple
                0x81069c30                __aeabi_cdcmpeq
                0x81069c30                __aeabi_cdcmple
                0x81069c48                __aeabi_dcmpeq
                0x81069c60                __aeabi_dcmplt
                0x81069c78                __aeabi_dcmple
                0x81069c90                __aeabi_dcmpge
                0x81069ca8                __aeabi_dcmpgt
 .text          0x81069cc0       0x5c c:\gcc45\lib\gcc\arm-none-eabi\4.5.2\libgcc.a(_arm_fixdfsi.o)
                0x81069cc0                __aeabi_d2iz
                0x81069cc0                __fixdfsi
 .text          0x81069d1c       0x3c c:\gcc45\lib\gcc\arm-none-eabi\4.5.2\libgcc.a(_aeabi_uldivmod.o)
                0x81069d1c                __aeabi_uldivmod
 .text          0x81069d58       0x80 c:\gcc45\lib\gcc\arm-none-eabi\4.5.2\libgcc.a(bpabi.o)
                0x81069d58                __gnu_ldivmod_helper
                0x81069d98                __gnu_uldivmod_helper
 .text          0x81069dd8      0x4a8 c:\gcc45\lib\gcc\arm-none-eabi\4.5.2\libgcc.a(_divdi3.o)
                0x81069dd8                __divdi3
 .text          0x8106a280      0x434 c:\gcc45\lib\gcc\arm-none-eabi\4.5.2\libgcc.a(_udivdi3.o)
                0x8106a280                __udivdi3
 .text          0x8106a6b4       0x48 c:\gcc45\lib\gcc\arm-none-eabi\4.5.2\libgcc.a(_clzsi2.o)
                0x8106a6b4                __clzsi2
 *(.constdata*)
 *(.conststring*)
 *(.glue*)
 .glue_7        0x00000000        0x0 linker stubs
 .glue_7t       0x00000000        0x0 linker stubs

ER_IRAM         0x40000000       0x2c load address 0x8106a6fc
 *(VectorsTrampolines)
 VectorsTrampolines
                0x40000000       0x2c C:\MicroFrameworkPK_v4_2\BuildOutput\ARM\GCC4.5\le\RAM\debug\YAAB\lib\tmp_PortBooterLoader.lib(VectorsTrampolines.obj)
                0x40000000                ARM_Vectors

ER_RAM_RO       0x810a0000      0xd1c load address 0x8106a730
 *(.rodata*)
 .rodata        0x810a0000       0x20 C:\MicroFrameworkPK_v4_2\BuildOutput\ARM\GCC4.5\le\RAM\debug\YAAB\lib\tmp_PortBooterLoader.lib(LPC22XX__VIC.obj)
 .rodata        0x810a0020      0x188 C:\MicroFrameworkPK_v4_2\BuildOutput\ARM\GCC4.5\le\RAM\debug\YAAB\lib\tmp_PortBooterLoader.lib(tinyhal.obj)
 .rodata        0x810a01a8       0x30 C:\MicroFrameworkPK_v4_2\BuildOutput\ARM\GCC4.5\le\RAM\debug\YAAB\lib\tmp_PortBooterLoader.lib(usart.obj)
 .rodata        0x810a01d8      0x298 C:\MicroFrameworkPK_v4_2\BuildOutput\ARM\GCC4.5\le\RAM\debug\YAAB\lib\tmp_PortBooterLoader.lib(Aborts.obj)
 .rodata        0x810a0470       0x20 C:\MicroFrameworkPK_v4_2\BuildOutput\ARM\GCC4.5\le\RAM\debug\YAAB\lib\tmp_PortBooterLoader.lib(LPC22XX__GPIO.obj)
 .rodata        0x810a0490      0x408 C:\MicroFrameworkPK_v4_2\BuildOutput\ARM\GCC4.5\le\ANY_MEDIA\debug\lib\CRC.lib(CRC.obj)
 .rodata.str1.4
                0x810a0898        0x2 c:\gcc45\arm-none-eabi\lib\libc.a(lib_a-impure.o)
                                  0x4 (size before relaxing)
 *fill*         0x810a089a        0x2 00
 .rodata        0x810a089c       0x20 c:\gcc45\arm-none-eabi\lib\libc.a(lib_a-svfprintf.o)
 .rodata.str1.4
                0x810a08bc       0x42 c:\gcc45\arm-none-eabi\lib\libc.a(lib_a-svfprintf.o)
                                 0x44 (size before relaxing)
 *fill*         0x810a08fe        0x2 00
 .rodata.str1.4
                0x810a0900       0x10 c:\gcc45\arm-none-eabi\lib\libc.a(lib_a-dtoa.o)
                                 0x14 (size before relaxing)
 .rodata.str1.4
                0x810a0910        0xc c:\gcc45\arm-none-eabi\lib\libc.a(lib_a-locale.o)
                                 0x14 (size before relaxing)
 *fill*         0x810a091c        0x4 00
 .rodata        0x810a0920      0x128 c:\gcc45\arm-none-eabi\lib\libc.a(lib_a-mprec.o)
                0x810a0930                __mprec_tens
                0x810a09f8                __mprec_bigtens
                0x810a0a20                __mprec_tinytens
 .rodata        0x810a0a48       0x20 c:\gcc45\arm-none-eabi\lib\libc.a(lib_a-svfiprintf.o)
 .rodata.str1.4
                0x00000000       0x30 c:\gcc45\arm-none-eabi\lib\libc.a(lib_a-svfiprintf.o)
 *(rodata)
 *(SectionForFlashOperations)
 SectionForFlashOperations
                0x810a0a68       0x84 C:\MicroFrameworkPK_v4_2\BuildOutput\ARM\GCC4.5\le\RAM\debug\YAAB\lib\tmp_PortBooterLoader.lib(SmartPtr_gcc_asm.obj)
                0x810a0a68                IRQ_LOCK_Release_asm
                0x810a0a78                IRQ_LOCK_Probe_asm
                0x810a0a8c                IRQ_LOCK_GetState_asm
                0x810a0a9c                IRQ_LOCK_ForceDisabled_asm
                0x810a0ab4                IRQ_LOCK_ForceEnabled_asm
                0x810a0acc                IRQ_LOCK_Disable_asm
                0x810a0adc                IRQ_LOCK_Restore_asm
 SectionForFlashOperations
                0x810a0aec      0x1b8 C:\MicroFrameworkPK_v4_2\BuildOutput\ARM\GCC4.5\le\RAM\debug\YAAB\lib\tmp_PortBooterLoader.lib(LPC22XX__TIME.obj)
                0x810a0aec                CPU_MicrosecondsToTicks(unsigned long long)
                0x810a0b38                CPU_MicrosecondsToTicks(unsigned int)
                0x810a0b5c                HAL_Time_Sleep_MicroSeconds(unsigned int)
                0x810a0b7c                LPC22XX_TIME_Driver::Sleep_uSec(unsigned int)
                0x810a0c54                LPC22XX_TIME_Driver::Sleep_uSec_Loop(unsigned int)
 SectionForFlashOperations
                0x810a0ca4       0x5c C:\MicroFrameworkPK_v4_2\BuildOutput\ARM\GCC4.5\le\RAM\debug\YAAB\lib\tmp_PortBooterLoader.lib(LPC22XX__TIMER.obj)
                0x810a0ca4                LPC22XX_TIMER_Driver::ReadCounter(unsigned int)
 SectionForFlashOperations
                0x810a0d00       0x18 C:\MicroFrameworkPK_v4_2\BuildOutput\ARM\GCC4.5\le\RAM\debug\YAAB\lib\tmp_PortBooterLoader.lib(IDelayLoop.obj)
                0x810a0d00                IDelayLoop
                0x810a0d0c                IDelayLoop2
                0x810a0d18                PROVIDE (_sbrk, .)
                0x810a0d18                PROVIDE (_write, .)
                0x810a0d18                PROVIDE (_close, .)
                0x810a0d18                PROVIDE (_fstat, .)
                0x810a0d18                PROVIDE (_lseek, .)
                0x810a0d18                PROVIDE (_read, .)
                0x810a0d18                PROVIDE (_exit, .)
                0x810a0d18                PROVIDE (_getpid, .)
                0x810a0d18                PROVIDE (_kill, .)
                0x810a0d18                PROVIDE (abort, .)
                0x810a0d18                PROVIDE (__errno, .)
                0x810a0d18                PROVIDE (_read, .)
                0x810a0d18                PROVIDE (isatty, .)
                0x810a0d18                PROVIDE (_isatty, .)
                0x810a0d18        0x4 LONG 0xe12fff1e

.vfp11_veneer   0x810a0d1c        0x0 load address 0x8106b44c
 .vfp11_veneer  0x00000000        0x0 linker stubs

.v4_bx          0x810a0d1c        0x0 load address 0x8106b44c
 .v4_bx         0x00000000        0x0 linker stubs

ER_RAM_RW       0x810a0d20      0xa7c load address 0x8106b450
 *(rwdata)
 rwdata         0x810a0d20      0x18c C:\MicroFrameworkPK_v4_2\BuildOutput\ARM\GCC4.5\le\RAM\debug\YAAB\lib\tmp_PortBooterLoader.lib(LPC22XX__VIC.obj)
                0x810a0d20                LPC22XX_VIC_Driver::s_IsrTable
 *(.data*)
 .data          0x810a0eac        0x8 C:\MicroFrameworkPK_v4_2\BuildOutput\ARM\GCC4.5\le\RAM\debug\YAAB\lib\tmp_PortBooterLoader.lib(LPC22XX__USART.obj)
 .data          0x810a0eb4       0x28 C:\MicroFrameworkPK_v4_2\BuildOutput\ARM\GCC4.5\le\RAM\debug\YAAB\lib\tmp_PortBooterLoader.lib(OEM_Model_SKU_NetworkID.obj)
                0x810a0eb4                HalSystemConfig
 *fill*         0x810a0edc        0x4 00
 .data          0x810a0ee0      0x430 c:\gcc45\arm-none-eabi\lib\libc.a(lib_a-impure.o)
                0x810a0ee0                _impure_ptr
 .data          0x810a1310       0x7c c:\gcc45\arm-none-eabi\lib\libc.a(lib_a-locale.o)
                0x810a1330                __mb_cur_max
 .data          0x810a138c      0x410 c:\gcc45\arm-none-eabi\lib\libc.a(lib_a-mallocr.o)
                0x810a138c                __malloc_av_
                0x810a1794                __malloc_sbrk_base
                0x810a1798                __malloc_trim_threshold

.bss            0x810a17a0     0x3064 load address 0x8106bed0
 *(.zidata*)
 *(.bss*)
 .bss           0x810a17a0       0x64 C:\MicroFrameworkPK_v4_2\BuildOutput\ARM\GCC4.5\le\RAM\debug\YAAB\lib\tmp_PortBooterLoader.lib(tinyhal.obj)
                0x810a17a0                LOAD_IMAGE_Start
                0x810a17a4                LOAD_IMAGE_Length
                0x810a17a8                LOAD_IMAGE_CalcCRC
                0x810a17f0                SystemStates
 *fill*         0x810a1804        0x4 00
 .bss           0x810a1808     0x14b0 C:\MicroFrameworkPK_v4_2\BuildOutput\ARM\GCC4.5\le\RAM\debug\YAAB\lib\tmp_PortBooterLoader.lib(usart.obj)
                0x810a1808                TxBuffer_Com
                0x810a1c08                RxBuffer_Com
                0x810a2c08                Hal_Usart_State
 .bss           0x810a2cb8        0x4 C:\MicroFrameworkPK_v4_2\BuildOutput\ARM\GCC4.5\le\RAM\debug\YAAB\lib\tmp_PortBooterLoader.lib(Aborts.obj)
                0x810a2cb8                ABORT_recursion_counter
 *fill*         0x810a2cbc        0x4 00
 .bss           0x810a2cc0       0x38 C:\MicroFrameworkPK_v4_2\BuildOutput\ARM\GCC4.5\le\RAM\debug\YAAB\lib\tmp_PortBooterLoader.lib(events.obj)
                0x810a2cc0                SystemEvents
                0x810a2cc4                g_Event_Callback
                0x810a2cc8                g_Event_Callback_Arg
                0x810a2cd0                g_Events_BoolTimerCompletion
 .bss           0x810a2cf8     0x1ac0 C:\MicroFrameworkPK_v4_2\BuildOutput\ARM\GCC4.5\le\RAM\debug\YAAB\lib\tmp_PortBooterLoader.lib(LPC22XX__GPIO.obj)
                0x810a2cf8                g_LPC22XX_GPIO_Driver
                0x810a3a58                g_LPC22XX_PINSEL_Driver
 .bss           0x810a47b8       0x10 C:\MicroFrameworkPK_v4_2\BuildOutput\ARM\GCC4.5\le\RAM\debug\YAAB\lib\tmp_PortBooterLoader.lib(LPC22XX__TIME.obj)
                0x810a47b8                g_LPC22XX_TIME_Driver
 .bss           0x810a47c8        0x4 C:\MicroFrameworkPK_v4_2\BuildOutput\ARM\GCC4.5\le\RAM\debug\YAAB\lib\tmp_PortBooterLoader.lib(tinycrt.obj)
 .bss           0x810a47cc       0x34 c:\gcc45\arm-none-eabi\lib\libc.a(lib_a-mallocr.o)
                0x810a47cc                __malloc_top_pad
                0x810a47d0                __malloc_current_mallinfo
                0x810a47f8                __malloc_max_sbrked_mem
                0x810a47fc                __malloc_max_total_mem
                0x810a4800                PROVIDE (__exidx_start, .)
                0x810a4800                PROVIDE (__exidx_end, .)
 COMMON         0x810a4800        0x4 c:\gcc45\arm-none-eabi\lib\libc.a(lib_a-reent.o)
                0x810a4800                errno

/DISCARD/
 *(.ARM.exidx*)
 *(.ARM.extab*)

ER_STACK_BOTTOM
 *(SectionForStackBottom)

ER_STACK_TOP    0x810ffff8        0x4
 *(SectionForStackTop)
 SectionForStackTop
                0x810ffff8        0x4 C:\MicroFrameworkPK_v4_2\BuildOutput\ARM\GCC4.5\le\RAM\debug\YAAB\lib\tmp_PortBooterLoader.lib(FirstEntry.obj)
                0x810ffff8                StackTop
                0x81050000                Load$$ER_RAM$$Base = ADDR (ER_RAM)
                0x0001a6fc                Image$$ER_RAM$$Length = SIZEOF (ER_RAM)
                0x810a0000                Image$$ER_RAM_RO$$Base = ADDR (ER_RAM_RO)
                0x00000d1c                Image$$ER_RAM_RO$$Length = SIZEOF (ER_RAM_RO)
                0x8106a730                Load$$ER_RAM_RO$$Base = LOADADDR (ER_RAM_RO)
                0x810a0d20                Image$$ER_RAM_RW$$Base = ADDR (ER_RAM_RW)
                0x00000a7c                Image$$ER_RAM_RW$$Length = SIZEOF (ER_RAM_RW)
                0x8106b450                Load$$ER_RAM_RW$$Base = LOADADDR (ER_RAM_RW)
                0x810a17a0                Image$$ER_RAM_RW$$ZI$$Base = ADDR (.bss)
                0x00003064                Image$$ER_RAM_RW$$ZI$$Length = SIZEOF (.bss)
                0x40000000                Image$$ER_IRAM$$Base = ADDR (ER_IRAM)
                0x0000002c                Image$$ER_IRAM$$Length = SIZEOF (ER_IRAM)
                0x8106a6fc                Load$$ER_IRAM$$Base = LOADADDR (ER_IRAM)
                0x00000000                __use_no_semihosting_swi = 0x0
LOAD C:\MicroFrameworkPK_v4_2\BuildOutput\ARM\GCC4.5\le\RAM\debug\YAAB\obj\Solutions\YAAB\PortBooter\PortBooter_dat.obj
LOAD C:\MicroFrameworkPK_v4_2\BuildOutput\ARM\GCC4.5\le\RAM\debug\YAAB\obj\Solutions\YAAB\PortBooter\BooterVectorTable.obj
LOAD C:\MicroFrameworkPK_v4_2\BuildOutput\ARM\GCC4.5\le\RAM\debug\YAAB\obj\Solutions\YAAB\PortBooter\PortBooterLoader.obj
START GROUP
LOAD C:\MicroFrameworkPK_v4_2\BuildOutput\ARM\GCC4.5\le\ANY_MEDIA\debug\lib\CRC.lib
LOAD C:\MicroFrameworkPK_v4_2\BuildOutput\ARM\GCC4.5\le\ANY_MEDIA\debug\lib\WireProtocol.lib
LOAD C:\MicroFrameworkPK_v4_2\BuildOutput\ARM\GCC4.5\le\RAM\debug\YAAB\lib\tmp_PortBooterLoader.lib
END GROUP
START GROUP
LOAD c:\gcc45\arm-none-eabi\lib\libm.a
LOAD c:\gcc45\arm-none-eabi\lib\libc.a
LOAD c:\gcc45\lib\gcc\arm-none-eabi\4.5.2\libgcc.a
END GROUP
START GROUP
END GROUP
OUTPUT(C:\MicroFrameworkPK_v4_2\BuildOutput\ARM\GCC4.5\le\RAM\debug\YAAB\bin\PortBooterLoader.axf elf32-littlearm)

.ARM.attributes
                0x00000000       0x30
 .ARM.attributes
                0x00000000       0x24 C:\MicroFrameworkPK_v4_2\BuildOutput\ARM\GCC4.5\le\RAM\debug\YAAB\obj\Solutions\YAAB\PortBooter\PortBooter_dat.obj
 .ARM.attributes
                0x00000024       0x24 C:\MicroFrameworkPK_v4_2\BuildOutput\ARM\GCC4.5\le\RAM\debug\YAAB\obj\Solutions\YAAB\PortBooter\BooterVectorTable.obj
 .ARM.attributes
                0x00000048       0x34 C:\MicroFrameworkPK_v4_2\BuildOutput\ARM\GCC4.5\le\RAM\debug\YAAB\obj\Solutions\YAAB\PortBooter\PortBooterLoader.obj
 .ARM.attributes
                0x0000007c       0x34 C:\MicroFrameworkPK_v4_2\BuildOutput\ARM\GCC4.5\le\ANY_MEDIA\debug\lib\WireProtocol.lib(Compression.obj)
 .ARM.attributes
                0x000000b0       0x24 C:\MicroFrameworkPK_v4_2\BuildOutput\ARM\GCC4.5\le\RAM\debug\YAAB\lib\tmp_PortBooterLoader.lib(FirstEntry.obj)
 .ARM.attributes
                0x000000d4       0x34 C:\MicroFrameworkPK_v4_2\BuildOutput\ARM\GCC4.5\le\RAM\debug\YAAB\lib\tmp_PortBooterLoader.lib(LPC22XX__VIC.obj)
 .ARM.attributes
                0x00000108       0x34 C:\MicroFrameworkPK_v4_2\BuildOutput\ARM\GCC4.5\le\RAM\debug\YAAB\lib\tmp_PortBooterLoader.lib(LPC22XX_bootstrap.obj)
 .ARM.attributes
                0x0000013c       0x34 C:\MicroFrameworkPK_v4_2\BuildOutput\ARM\GCC4.5\le\RAM\debug\YAAB\lib\tmp_PortBooterLoader.lib(LPC22XX_Power.obj)
 .ARM.attributes
                0x00000170       0x24 C:\MicroFrameworkPK_v4_2\BuildOutput\ARM\GCC4.5\le\RAM\debug\YAAB\lib\tmp_PortBooterLoader.lib(LPC22XX_prestackinit.obj)
 .ARM.attributes
                0x00000194       0x34 C:\MicroFrameworkPK_v4_2\BuildOutput\ARM\GCC4.5\le\RAM\debug\YAAB\lib\tmp_PortBooterLoader.lib(SmartPtr_gcc.obj)
 .ARM.attributes
                0x000001c8       0x24 C:\MicroFrameworkPK_v4_2\BuildOutput\ARM\GCC4.5\le\RAM\debug\YAAB\lib\tmp_PortBooterLoader.lib(SmartPtr_gcc_asm.obj)
 .ARM.attributes
                0x000001ec       0x34 C:\MicroFrameworkPK_v4_2\BuildOutput\ARM\GCC4.5\le\RAM\debug\YAAB\lib\tmp_PortBooterLoader.lib(stubs_functions_cache.obj)
 .ARM.attributes
                0x00000220       0x34 C:\MicroFrameworkPK_v4_2\BuildOutput\ARM\GCC4.5\le\RAM\debug\YAAB\lib\tmp_PortBooterLoader.lib(tinyhal.obj)
 .ARM.attributes
                0x00000254       0x34 C:\MicroFrameworkPK_v4_2\BuildOutput\ARM\GCC4.5\le\RAM\debug\YAAB\lib\tmp_PortBooterLoader.lib(usart.obj)
 .ARM.attributes
                0x00000288       0x24 C:\MicroFrameworkPK_v4_2\BuildOutput\ARM\GCC4.5\le\RAM\debug\YAAB\lib\tmp_PortBooterLoader.lib(VectorsHandlers.obj)
 .ARM.attributes
                0x000002ac       0x24 C:\MicroFrameworkPK_v4_2\BuildOutput\ARM\GCC4.5\le\RAM\debug\YAAB\lib\tmp_PortBooterLoader.lib(VectorsTrampolines.obj)
 .ARM.attributes
                0x000002d0       0x34 C:\MicroFrameworkPK_v4_2\BuildOutput\ARM\GCC4.5\le\RAM\debug\YAAB\lib\tmp_PortBooterLoader.lib(Watchdog_stubs.obj)
 .ARM.attributes
                0x00000304       0x34 C:\MicroFrameworkPK_v4_2\BuildOutput\ARM\GCC4.5\le\RAM\debug\YAAB\lib\tmp_PortBooterLoader.lib(YAAB_bootstrap.obj)
 .ARM.attributes
                0x00000338       0x34 C:\MicroFrameworkPK_v4_2\BuildOutput\ARM\GCC4.5\le\RAM\debug\YAAB\lib\tmp_PortBooterLoader.lib(Aborts.obj)
 .ARM.attributes
                0x0000036c       0x34 C:\MicroFrameworkPK_v4_2\BuildOutput\ARM\GCC4.5\le\RAM\debug\YAAB\lib\tmp_PortBooterLoader.lib(asyncproccall_fastcompile.obj)
 .ARM.attributes
                0x000003a0       0x34 C:\MicroFrameworkPK_v4_2\BuildOutput\ARM\GCC4.5\le\RAM\debug\YAAB\lib\tmp_PortBooterLoader.lib(Bl_AddDevices.obj)
 .ARM.attributes
                0x000003d4       0x34 C:\MicroFrameworkPK_v4_2\BuildOutput\ARM\GCC4.5\le\RAM\debug\YAAB\lib\tmp_PortBooterLoader.lib(blockstoragelist.obj)
 .ARM.attributes
                0x00000408       0x34 C:\MicroFrameworkPK_v4_2\BuildOutput\ARM\GCC4.5\le\RAM\debug\YAAB\lib\tmp_PortBooterLoader.lib(Buttons_stubs.obj)
 .ARM.attributes
                0x0000043c       0x34 C:\MicroFrameworkPK_v4_2\BuildOutput\ARM\GCC4.5\le\RAM\debug\YAAB\lib\tmp_PortBooterLoader.lib(ComDirector_stubs.obj)
 .ARM.attributes
                0x00000470       0x34 C:\MicroFrameworkPK_v4_2\BuildOutput\ARM\GCC4.5\le\RAM\debug\YAAB\lib\tmp_PortBooterLoader.lib(events.obj)
 .ARM.attributes
                0x000004a4       0x34 C:\MicroFrameworkPK_v4_2\BuildOutput\ARM\GCC4.5\le\RAM\debug\YAAB\lib\tmp_PortBooterLoader.lib(fastcompile_backlight_stubs.obj)
 .ARM.attributes
                0x000004d8       0x34 C:\MicroFrameworkPK_v4_2\BuildOutput\ARM\GCC4.5\le\RAM\debug\YAAB\lib\tmp_PortBooterLoader.lib(fastcompile_batterycharger_stubs.obj)
 .ARM.attributes
                0x0000050c       0x34 C:\MicroFrameworkPK_v4_2\BuildOutput\ARM\GCC4.5\le\RAM\debug\YAAB\lib\tmp_PortBooterLoader.lib(fastcompile_BatteryMeasurement_stubs.obj)
 .ARM.attributes
                0x00000540       0x34 C:\MicroFrameworkPK_v4_2\BuildOutput\ARM\GCC4.5\le\RAM\debug\YAAB\lib\tmp_PortBooterLoader.lib(fastcompile_display_stubs.obj)
 .ARM.attributes
                0x00000574       0x34 C:\MicroFrameworkPK_v4_2\BuildOutput\ARM\GCC4.5\le\RAM\debug\YAAB\lib\tmp_PortBooterLoader.lib(FS_config_stubs.obj)
 .ARM.attributes
                0x000005a8       0x34 C:\MicroFrameworkPK_v4_2\BuildOutput\ARM\GCC4.5\le\RAM\debug\YAAB\lib\tmp_PortBooterLoader.lib(fs_stubs.obj)
 .ARM.attributes
                0x000005dc       0x34 C:\MicroFrameworkPK_v4_2\BuildOutput\ARM\GCC4.5\le\RAM\debug\YAAB\lib\tmp_PortBooterLoader.lib(gesture_stubs.obj)
 .ARM.attributes
                0x00000610       0x34 C:\MicroFrameworkPK_v4_2\BuildOutput\ARM\GCC4.5\le\RAM\debug\YAAB\lib\tmp_PortBooterLoader.lib(heap.obj)
 .ARM.attributes
                0x00000644       0x34 C:\MicroFrameworkPK_v4_2\BuildOutput\ARM\GCC4.5\le\RAM\debug\YAAB\lib\tmp_PortBooterLoader.lib(i2c.obj)
 .ARM.attributes
                0x00000678       0x34 C:\MicroFrameworkPK_v4_2\BuildOutput\ARM\GCC4.5\le\RAM\debug\YAAB\lib\tmp_PortBooterLoader.lib(ink_stubs.obj)
 .ARM.attributes
                0x000006ac       0x34 C:\MicroFrameworkPK_v4_2\BuildOutput\ARM\GCC4.5\le\RAM\debug\YAAB\lib\tmp_PortBooterLoader.lib(LPC22XX__GPIO.obj)
 .ARM.attributes
                0x000006e0       0x34 C:\MicroFrameworkPK_v4_2\BuildOutput\ARM\GCC4.5\le\RAM\debug\YAAB\lib\tmp_PortBooterLoader.lib(LPC22XX__I2C.obj)
 .ARM.attributes
                0x00000714       0x34 C:\MicroFrameworkPK_v4_2\BuildOutput\ARM\GCC4.5\le\RAM\debug\YAAB\lib\tmp_PortBooterLoader.lib(LPC22XX__SPI.obj)
 .ARM.attributes
                0x00000748       0x34 C:\MicroFrameworkPK_v4_2\BuildOutput\ARM\GCC4.5\le\RAM\debug\YAAB\lib\tmp_PortBooterLoader.lib(LPC22XX__TIME.obj)
 .ARM.attributes
                0x0000077c       0x34 C:\MicroFrameworkPK_v4_2\BuildOutput\ARM\GCC4.5\le\RAM\debug\YAAB\lib\tmp_PortBooterLoader.lib(LPC22XX__TIMER.obj)
 .ARM.attributes
                0x000007b0       0x34 C:\MicroFrameworkPK_v4_2\BuildOutput\ARM\GCC4.5\le\RAM\debug\YAAB\lib\tmp_PortBooterLoader.lib(LPC22XX__USART.obj)
 .ARM.attributes
                0x000007e4       0x34 C:\MicroFrameworkPK_v4_2\BuildOutput\ARM\GCC4.5\le\RAM\debug\YAAB\lib\tmp_PortBooterLoader.lib(LPC22XX__WATCHDOG.obj)
 .ARM.attributes
                0x00000818       0x34 C:\MicroFrameworkPK_v4_2\BuildOutput\ARM\GCC4.5\le\RAM\debug\YAAB\lib\tmp_PortBooterLoader.lib(OEM_Model_SKU_NetworkID.obj)
 .ARM.attributes
                0x0000084c       0x34 C:\MicroFrameworkPK_v4_2\BuildOutput\ARM\GCC4.5\le\RAM\debug\YAAB\lib\tmp_PortBooterLoader.lib(palevent_stubs.obj)
 .ARM.attributes
                0x00000880       0x34 C:\MicroFrameworkPK_v4_2\BuildOutput\ARM\GCC4.5\le\RAM\debug\YAAB\lib\tmp_PortBooterLoader.lib(piezo_stubs.obj)
 .ARM.attributes
                0x000008b4       0x34 C:\MicroFrameworkPK_v4_2\BuildOutput\ARM\GCC4.5\le\RAM\debug\YAAB\lib\tmp_PortBooterLoader.lib(SimpleHeap_config_stubs.obj)
 .ARM.attributes
                0x000008e8       0x34 C:\MicroFrameworkPK_v4_2\BuildOutput\ARM\GCC4.5\le\RAM\debug\YAAB\lib\tmp_PortBooterLoader.lib(SimpleHeap_stubs.obj)
 .ARM.attributes
                0x0000091c       0x34 C:\MicroFrameworkPK_v4_2\BuildOutput\ARM\GCC4.5\le\RAM\debug\YAAB\lib\tmp_PortBooterLoader.lib(sockets_Stubs.obj)
 .ARM.attributes
                0x00000950       0x34 C:\MicroFrameworkPK_v4_2\BuildOutput\ARM\GCC4.5\le\RAM\debug\YAAB\lib\tmp_PortBooterLoader.lib(Time_functions.obj)
 .ARM.attributes
                0x00000984       0x34 C:\MicroFrameworkPK_v4_2\BuildOutput\ARM\GCC4.5\le\RAM\debug\YAAB\lib\tmp_PortBooterLoader.lib(TimeService_stubs.obj)
 .ARM.attributes
                0x000009b8       0x34 C:\MicroFrameworkPK_v4_2\BuildOutput\ARM\GCC4.5\le\RAM\debug\YAAB\lib\tmp_PortBooterLoader.lib(tinycrt.obj)
 .ARM.attributes
                0x000009ec       0x34 C:\MicroFrameworkPK_v4_2\BuildOutput\ARM\GCC4.5\le\RAM\debug\YAAB\lib\tmp_PortBooterLoader.lib(AT49BV642DT_16_Config.obj)
 .ARM.attributes
                0x00000a20       0x34 C:\MicroFrameworkPK_v4_2\BuildOutput\ARM\GCC4.5\le\RAM\debug\YAAB\lib\tmp_PortBooterLoader.lib(AT49BV_16_driver.obj)
 .ARM.attributes
                0x00000a54       0x24 C:\MicroFrameworkPK_v4_2\BuildOutput\ARM\GCC4.5\le\RAM\debug\YAAB\lib\tmp_PortBooterLoader.lib(IDelayLoop.obj)
 .ARM.attributes
                0x00000a78       0x34 C:\MicroFrameworkPK_v4_2\BuildOutput\ARM\GCC4.5\le\RAM\debug\YAAB\lib\tmp_PortBooterLoader.lib(stubs_functions_EBIU.obj)
 .ARM.attributes
                0x00000aac       0x34 C:\MicroFrameworkPK_v4_2\BuildOutput\ARM\GCC4.5\le\RAM\debug\YAAB\lib\tmp_PortBooterLoader.lib(Time_driver.obj)
 .ARM.attributes
                0x00000ae0       0x34 C:\MicroFrameworkPK_v4_2\BuildOutput\ARM\GCC4.5\le\ANY_MEDIA\debug\lib\CRC.lib(CRC.obj)
 .ARM.attributes
                0x00000b14       0x34 c:\gcc45\arm-none-eabi\lib\libc.a(lib_a-memcpy.o)
 .ARM.attributes
                0x00000b48       0x34 c:\gcc45\arm-none-eabi\lib\libc.a(lib_a-memset.o)
 .ARM.attributes
                0x00000b7c       0x34 c:\gcc45\arm-none-eabi\lib\libc.a(lib_a-strcpy.o)
 .ARM.attributes
                0x00000bb0       0x34 c:\gcc45\arm-none-eabi\lib\libc.a(lib_a-strncmp.o)
 .ARM.attributes
                0x00000be4       0x34 c:\gcc45\arm-none-eabi\lib\libc.a(lib_a-strncpy.o)
 .ARM.attributes
                0x00000c18       0x34 c:\gcc45\arm-none-eabi\lib\libc.a(lib_a-vsnprintf.o)
 .ARM.attributes
                0x00000c4c       0x34 c:\gcc45\arm-none-eabi\lib\libc.a(lib_a-impure.o)
 .ARM.attributes
                0x00000c80       0x34 c:\gcc45\arm-none-eabi\lib\libc.a(lib_a-svfprintf.o)
 .ARM.attributes
                0x00000cb4       0x34 c:\gcc45\arm-none-eabi\lib\libc.a(lib_a-dtoa.o)
 .ARM.attributes
                0x00000ce8       0x34 c:\gcc45\arm-none-eabi\lib\libc.a(lib_a-locale.o)
 .ARM.attributes
                0x00000d1c       0x34 c:\gcc45\arm-none-eabi\lib\libc.a(lib_a-mallocr.o)
 .ARM.attributes
                0x00000d50       0x34 c:\gcc45\arm-none-eabi\lib\libc.a(lib_a-memchr.o)
 .ARM.attributes
                0x00000d84       0x34 c:\gcc45\arm-none-eabi\lib\libc.a(lib_a-mlock.o)
 .ARM.attributes
                0x00000db8       0x34 c:\gcc45\arm-none-eabi\lib\libc.a(lib_a-mprec.o)
 .ARM.attributes
                0x00000dec       0x34 c:\gcc45\arm-none-eabi\lib\libc.a(lib_a-s_fpclassify.o)
 .ARM.attributes
                0x00000e20       0x34 c:\gcc45\arm-none-eabi\lib\libc.a(lib_a-sbrkr.o)
 .ARM.attributes
                0x00000e54       0x34 c:\gcc45\arm-none-eabi\lib\libc.a(lib_a-strcmp.o)
 .ARM.attributes
                0x00000e88       0x34 c:\gcc45\arm-none-eabi\lib\libc.a(lib_a-strlen.o)
 .ARM.attributes
                0x00000ebc       0x34 c:\gcc45\arm-none-eabi\lib\libc.a(lib_a-svfiprintf.o)
 .ARM.attributes
                0x00000ef0       0x34 c:\gcc45\arm-none-eabi\lib\libc.a(lib_a-callocr.o)
 .ARM.attributes
                0x00000f24       0x34 c:\gcc45\arm-none-eabi\lib\libc.a(lib_a-freer.o)
 .ARM.attributes
                0x00000f58       0x34 c:\gcc45\arm-none-eabi\lib\libc.a(lib_a-memmove.o)
 .ARM.attributes
                0x00000f8c       0x34 c:\gcc45\arm-none-eabi\lib\libc.a(lib_a-reallocr.o)
 .ARM.attributes
                0x00000fc0       0x34 c:\gcc45\arm-none-eabi\lib\libc.a(lib_a-reent.o)
 .ARM.attributes
                0x00000ff4       0x1a c:\gcc45\lib\gcc\arm-none-eabi\4.5.2\libgcc.a(_udivsi3.o)
 .ARM.attributes
                0x0000100e       0x18 c:\gcc45\lib\gcc\arm-none-eabi\4.5.2\libgcc.a(_dvmd_tls.o)
 .ARM.attributes
                0x00001026       0x1a c:\gcc45\lib\gcc\arm-none-eabi\4.5.2\libgcc.a(_arm_addsubdf3.o)
 .ARM.attributes
                0x00001040       0x1a c:\gcc45\lib\gcc\arm-none-eabi\4.5.2\libgcc.a(_arm_muldivdf3.o)
 .ARM.attributes
                0x0000105a       0x1a c:\gcc45\lib\gcc\arm-none-eabi\4.5.2\libgcc.a(_arm_cmpdf2.o)
 .ARM.attributes
                0x00001074       0x1a c:\gcc45\lib\gcc\arm-none-eabi\4.5.2\libgcc.a(_arm_fixdfsi.o)
 .ARM.attributes
                0x0000108e       0x1a c:\gcc45\lib\gcc\arm-none-eabi\4.5.2\libgcc.a(_arm_truncdfsf2.o)
 .ARM.attributes
                0x000010a8       0x1a c:\gcc45\lib\gcc\arm-none-eabi\4.5.2\libgcc.a(_arm_addsubsf3.o)
 .ARM.attributes
                0x000010c2       0x1a c:\gcc45\lib\gcc\arm-none-eabi\4.5.2\libgcc.a(_arm_muldivsf3.o)
 .ARM.attributes
                0x000010dc       0x1a c:\gcc45\lib\gcc\arm-none-eabi\4.5.2\libgcc.a(_arm_cmpsf2.o)
 .ARM.attributes
                0x000010f6       0x1a c:\gcc45\lib\gcc\arm-none-eabi\4.5.2\libgcc.a(_arm_fixsfsi.o)
 .ARM.attributes
                0x00001110       0x1a c:\gcc45\lib\gcc\arm-none-eabi\4.5.2\libgcc.a(_aeabi_ldivmod.o)
 .ARM.attributes
                0x0000112a       0x1a c:\gcc45\lib\gcc\arm-none-eabi\4.5.2\libgcc.a(_aeabi_uldivmod.o)
 .ARM.attributes
                0x00001144       0x34 c:\gcc45\lib\gcc\arm-none-eabi\4.5.2\libgcc.a(_fixsfdi.o)
 .ARM.attributes
                0x00001178       0x34 c:\gcc45\lib\gcc\arm-none-eabi\4.5.2\libgcc.a(_fixdfdi.o)
 .ARM.attributes
                0x000011ac       0x34 c:\gcc45\lib\gcc\arm-none-eabi\4.5.2\libgcc.a(_fixunssfdi.o)
 .ARM.attributes
                0x000011e0       0x34 c:\gcc45\lib\gcc\arm-none-eabi\4.5.2\libgcc.a(_fixunsdfdi.o)
 .ARM.attributes
                0x00001214       0x34 c:\gcc45\lib\gcc\arm-none-eabi\4.5.2\libgcc.a(bpabi.o)
 .ARM.attributes
                0x00001248       0x1a c:\gcc45\lib\gcc\arm-none-eabi\4.5.2\libgcc.a(_arm_fixunsdfsi.o)
 .ARM.attributes
                0x00001262       0x34 c:\gcc45\lib\gcc\arm-none-eabi\4.5.2\libgcc.a(_divdi3.o)
 .ARM.attributes
                0x00001296       0x34 c:\gcc45\lib\gcc\arm-none-eabi\4.5.2\libgcc.a(_udivdi3.o)
 .ARM.attributes
                0x000012ca       0x1a c:\gcc45\lib\gcc\arm-none-eabi\4.5.2\libgcc.a(_clzsi2.o)

.comment        0x00000000       0x2a
 .comment       0x00000000       0x2a C:\MicroFrameworkPK_v4_2\BuildOutput\ARM\GCC4.5\le\RAM\debug\YAAB\obj\Solutions\YAAB\PortBooter\PortBooterLoader.obj
                                 0x2b (size before relaxing)
 .comment       0x00000000       0x2b C:\MicroFrameworkPK_v4_2\BuildOutput\ARM\GCC4.5\le\ANY_MEDIA\debug\lib\WireProtocol.lib(Compression.obj)
 .comment       0x00000000       0x2b C:\MicroFrameworkPK_v4_2\BuildOutput\ARM\GCC4.5\le\RAM\debug\YAAB\lib\tmp_PortBooterLoader.lib(LPC22XX__VIC.obj)
 .comment       0x00000000       0x2b C:\MicroFrameworkPK_v4_2\BuildOutput\ARM\GCC4.5\le\RAM\debug\YAAB\lib\tmp_PortBooterLoader.lib(LPC22XX_bootstrap.obj)
 .comment       0x00000000       0x2b C:\MicroFrameworkPK_v4_2\BuildOutput\ARM\GCC4.5\le\RAM\debug\YAAB\lib\tmp_PortBooterLoader.lib(LPC22XX_Power.obj)
 .comment       0x00000000       0x2b C:\MicroFrameworkPK_v4_2\BuildOutput\ARM\GCC4.5\le\RAM\debug\YAAB\lib\tmp_PortBooterLoader.lib(SmartPtr_gcc.obj)
 .comment       0x00000000       0x2b C:\MicroFrameworkPK_v4_2\BuildOutput\ARM\GCC4.5\le\RAM\debug\YAAB\lib\tmp_PortBooterLoader.lib(stubs_functions_cache.obj)
 .comment       0x00000000       0x2b C:\MicroFrameworkPK_v4_2\BuildOutput\ARM\GCC4.5\le\RAM\debug\YAAB\lib\tmp_PortBooterLoader.lib(tinyhal.obj)
 .comment       0x00000000       0x2b C:\MicroFrameworkPK_v4_2\BuildOutput\ARM\GCC4.5\le\RAM\debug\YAAB\lib\tmp_PortBooterLoader.lib(usart.obj)
 .comment       0x00000000       0x2b C:\MicroFrameworkPK_v4_2\BuildOutput\ARM\GCC4.5\le\RAM\debug\YAAB\lib\tmp_PortBooterLoader.lib(Watchdog_stubs.obj)
 .comment       0x00000000       0x2b C:\MicroFrameworkPK_v4_2\BuildOutput\ARM\GCC4.5\le\RAM\debug\YAAB\lib\tmp_PortBooterLoader.lib(YAAB_bootstrap.obj)
 .comment       0x00000000       0x2b C:\MicroFrameworkPK_v4_2\BuildOutput\ARM\GCC4.5\le\RAM\debug\YAAB\lib\tmp_PortBooterLoader.lib(Aborts.obj)
 .comment       0x00000000       0x2b C:\MicroFrameworkPK_v4_2\BuildOutput\ARM\GCC4.5\le\RAM\debug\YAAB\lib\tmp_PortBooterLoader.lib(asyncproccall_fastcompile.obj)
 .comment       0x00000000       0x2b C:\MicroFrameworkPK_v4_2\BuildOutput\ARM\GCC4.5\le\RAM\debug\YAAB\lib\tmp_PortBooterLoader.lib(Bl_AddDevices.obj)
 .comment       0x00000000       0x2b C:\MicroFrameworkPK_v4_2\BuildOutput\ARM\GCC4.5\le\RAM\debug\YAAB\lib\tmp_PortBooterLoader.lib(blockstoragelist.obj)
 .comment       0x00000000       0x2b C:\MicroFrameworkPK_v4_2\BuildOutput\ARM\GCC4.5\le\RAM\debug\YAAB\lib\tmp_PortBooterLoader.lib(Buttons_stubs.obj)
 .comment       0x00000000       0x2b C:\MicroFrameworkPK_v4_2\BuildOutput\ARM\GCC4.5\le\RAM\debug\YAAB\lib\tmp_PortBooterLoader.lib(ComDirector_stubs.obj)
 .comment       0x00000000       0x2b C:\MicroFrameworkPK_v4_2\BuildOutput\ARM\GCC4.5\le\RAM\debug\YAAB\lib\tmp_PortBooterLoader.lib(events.obj)
 .comment       0x00000000       0x2b C:\MicroFrameworkPK_v4_2\BuildOutput\ARM\GCC4.5\le\RAM\debug\YAAB\lib\tmp_PortBooterLoader.lib(fastcompile_backlight_stubs.obj)
 .comment       0x00000000       0x2b C:\MicroFrameworkPK_v4_2\BuildOutput\ARM\GCC4.5\le\RAM\debug\YAAB\lib\tmp_PortBooterLoader.lib(fastcompile_batterycharger_stubs.obj)
 .comment       0x00000000       0x2b C:\MicroFrameworkPK_v4_2\BuildOutput\ARM\GCC4.5\le\RAM\debug\YAAB\lib\tmp_PortBooterLoader.lib(fastcompile_BatteryMeasurement_stubs.obj)
 .comment       0x00000000       0x2b C:\MicroFrameworkPK_v4_2\BuildOutput\ARM\GCC4.5\le\RAM\debug\YAAB\lib\tmp_PortBooterLoader.lib(fastcompile_display_stubs.obj)
 .comment       0x00000000       0x2b C:\MicroFrameworkPK_v4_2\BuildOutput\ARM\GCC4.5\le\RAM\debug\YAAB\lib\tmp_PortBooterLoader.lib(FS_config_stubs.obj)
 .comment       0x00000000       0x2b C:\MicroFrameworkPK_v4_2\BuildOutput\ARM\GCC4.5\le\RAM\debug\YAAB\lib\tmp_PortBooterLoader.lib(fs_stubs.obj)
 .comment       0x00000000       0x2b C:\MicroFrameworkPK_v4_2\BuildOutput\ARM\GCC4.5\le\RAM\debug\YAAB\lib\tmp_PortBooterLoader.lib(gesture_stubs.obj)
 .comment       0x00000000       0x2b C:\MicroFrameworkPK_v4_2\BuildOutput\ARM\GCC4.5\le\RAM\debug\YAAB\lib\tmp_PortBooterLoader.lib(heap.obj)
 .comment       0x00000000       0x2b C:\MicroFrameworkPK_v4_2\BuildOutput\ARM\GCC4.5\le\RAM\debug\YAAB\lib\tmp_PortBooterLoader.lib(i2c.obj)
 .comment       0x00000000       0x2b C:\MicroFrameworkPK_v4_2\BuildOutput\ARM\GCC4.5\le\RAM\debug\YAAB\lib\tmp_PortBooterLoader.lib(ink_stubs.obj)
 .comment       0x00000000       0x2b C:\MicroFrameworkPK_v4_2\BuildOutput\ARM\GCC4.5\le\RAM\debug\YAAB\lib\tmp_PortBooterLoader.lib(LPC22XX__GPIO.obj)
 .comment       0x00000000       0x2b C:\MicroFrameworkPK_v4_2\BuildOutput\ARM\GCC4.5\le\RAM\debug\YAAB\lib\tmp_PortBooterLoader.lib(LPC22XX__I2C.obj)
 .comment       0x00000000       0x2b C:\MicroFrameworkPK_v4_2\BuildOutput\ARM\GCC4.5\le\RAM\debug\YAAB\lib\tmp_PortBooterLoader.lib(LPC22XX__SPI.obj)
 .comment       0x00000000       0x2b C:\MicroFrameworkPK_v4_2\BuildOutput\ARM\GCC4.5\le\RAM\debug\YAAB\lib\tmp_PortBooterLoader.lib(LPC22XX__TIME.obj)
 .comment       0x00000000       0x2b C:\MicroFrameworkPK_v4_2\BuildOutput\ARM\GCC4.5\le\RAM\debug\YAAB\lib\tmp_PortBooterLoader.lib(LPC22XX__TIMER.obj)
 .comment       0x00000000       0x2b C:\MicroFrameworkPK_v4_2\BuildOutput\ARM\GCC4.5\le\RAM\debug\YAAB\lib\tmp_PortBooterLoader.lib(LPC22XX__USART.obj)
 .comment       0x00000000       0x2b C:\MicroFrameworkPK_v4_2\BuildOutput\ARM\GCC4.5\le\RAM\debug\YAAB\lib\tmp_PortBooterLoader.lib(LPC22XX__WATCHDOG.obj)
 .comment       0x00000000       0x2b C:\MicroFrameworkPK_v4_2\BuildOutput\ARM\GCC4.5\le\RAM\debug\YAAB\lib\tmp_PortBooterLoader.lib(OEM_Model_SKU_NetworkID.obj)
 .comment       0x00000000       0x2b C:\MicroFrameworkPK_v4_2\BuildOutput\ARM\GCC4.5\le\RAM\debug\YAAB\lib\tmp_PortBooterLoader.lib(palevent_stubs.obj)
 .comment       0x00000000       0x2b C:\MicroFrameworkPK_v4_2\BuildOutput\ARM\GCC4.5\le\RAM\debug\YAAB\lib\tmp_PortBooterLoader.lib(piezo_stubs.obj)
 .comment       0x00000000       0x2b C:\MicroFrameworkPK_v4_2\BuildOutput\ARM\GCC4.5\le\RAM\debug\YAAB\lib\tmp_PortBooterLoader.lib(SimpleHeap_config_stubs.obj)
 .comment       0x00000000       0x2b C:\MicroFrameworkPK_v4_2\BuildOutput\ARM\GCC4.5\le\RAM\debug\YAAB\lib\tmp_PortBooterLoader.lib(SimpleHeap_stubs.obj)
 .comment       0x00000000       0x2b C:\MicroFrameworkPK_v4_2\BuildOutput\ARM\GCC4.5\le\RAM\debug\YAAB\lib\tmp_PortBooterLoader.lib(sockets_Stubs.obj)
 .comment       0x00000000       0x2b C:\MicroFrameworkPK_v4_2\BuildOutput\ARM\GCC4.5\le\RAM\debug\YAAB\lib\tmp_PortBooterLoader.lib(Time_functions.obj)
 .comment       0x00000000       0x2b C:\MicroFrameworkPK_v4_2\BuildOutput\ARM\GCC4.5\le\RAM\debug\YAAB\lib\tmp_PortBooterLoader.lib(TimeService_stubs.obj)
 .comment       0x00000000       0x2b C:\MicroFrameworkPK_v4_2\BuildOutput\ARM\GCC4.5\le\RAM\debug\YAAB\lib\tmp_PortBooterLoader.lib(tinycrt.obj)
 .comment       0x00000000       0x2b C:\MicroFrameworkPK_v4_2\BuildOutput\ARM\GCC4.5\le\RAM\debug\YAAB\lib\tmp_PortBooterLoader.lib(AT49BV642DT_16_Config.obj)
 .comment       0x00000000       0x2b C:\MicroFrameworkPK_v4_2\BuildOutput\ARM\GCC4.5\le\RAM\debug\YAAB\lib\tmp_PortBooterLoader.lib(AT49BV_16_driver.obj)
 .comment       0x00000000       0x2b C:\MicroFrameworkPK_v4_2\BuildOutput\ARM\GCC4.5\le\RAM\debug\YAAB\lib\tmp_PortBooterLoader.lib(stubs_functions_EBIU.obj)
 .comment       0x00000000       0x2b C:\MicroFrameworkPK_v4_2\BuildOutput\ARM\GCC4.5\le\RAM\debug\YAAB\lib\tmp_PortBooterLoader.lib(Time_driver.obj)
 .comment       0x00000000       0x2b C:\MicroFrameworkPK_v4_2\BuildOutput\ARM\GCC4.5\le\ANY_MEDIA\debug\lib\CRC.lib(CRC.obj)

.debug_line     0x00000000     0x8b14
 .debug_line    0x00000000       0x8e C:\MicroFrameworkPK_v4_2\BuildOutput\ARM\GCC4.5\le\RAM\debug\YAAB\obj\Solutions\YAAB\PortBooter\BooterVectorTable.obj
 .debug_line    0x0000008e      0x16c C:\MicroFrameworkPK_v4_2\BuildOutput\ARM\GCC4.5\le\RAM\debug\YAAB\obj\Solutions\YAAB\PortBooter\PortBooterLoader.obj
 .debug_line    0x000001fa      0x214 C:\MicroFrameworkPK_v4_2\BuildOutput\ARM\GCC4.5\le\ANY_MEDIA\debug\lib\WireProtocol.lib(Compression.obj)
 .debug_line    0x0000040e       0x9a C:\MicroFrameworkPK_v4_2\BuildOutput\ARM\GCC4.5\le\RAM\debug\YAAB\lib\tmp_PortBooterLoader.lib(FirstEntry.obj)
 .debug_line    0x000004a8      0x42a C:\MicroFrameworkPK_v4_2\BuildOutput\ARM\GCC4.5\le\RAM\debug\YAAB\lib\tmp_PortBooterLoader.lib(LPC22XX__VIC.obj)
 .debug_line    0x000008d2      0x102 C:\MicroFrameworkPK_v4_2\BuildOutput\ARM\GCC4.5\le\RAM\debug\YAAB\lib\tmp_PortBooterLoader.lib(LPC22XX_bootstrap.obj)
 .debug_line    0x000009d4      0x300 C:\MicroFrameworkPK_v4_2\BuildOutput\ARM\GCC4.5\le\RAM\debug\YAAB\lib\tmp_PortBooterLoader.lib(LPC22XX_Power.obj)
 .debug_line    0x00000cd4       0xa6 C:\MicroFrameworkPK_v4_2\BuildOutput\ARM\GCC4.5\le\RAM\debug\YAAB\lib\tmp_PortBooterLoader.lib(LPC22XX_prestackinit.obj)
 .debug_line    0x00000d7a      0x1a9 C:\MicroFrameworkPK_v4_2\BuildOutput\ARM\GCC4.5\le\RAM\debug\YAAB\lib\tmp_PortBooterLoader.lib(SmartPtr_gcc.obj)
 .debug_line    0x00000f23       0xa6 C:\MicroFrameworkPK_v4_2\BuildOutput\ARM\GCC4.5\le\RAM\debug\YAAB\lib\tmp_PortBooterLoader.lib(SmartPtr_gcc_asm.obj)
 .debug_line    0x00000fc9      0x134 C:\MicroFrameworkPK_v4_2\BuildOutput\ARM\GCC4.5\le\RAM\debug\YAAB\lib\tmp_PortBooterLoader.lib(stubs_functions_cache.obj)
 .debug_line    0x000010fd      0x545 C:\MicroFrameworkPK_v4_2\BuildOutput\ARM\GCC4.5\le\RAM\debug\YAAB\lib\tmp_PortBooterLoader.lib(tinyhal.obj)
 .debug_line    0x00001642      0x99e C:\MicroFrameworkPK_v4_2\BuildOutput\ARM\GCC4.5\le\RAM\debug\YAAB\lib\tmp_PortBooterLoader.lib(usart.obj)
 .debug_line    0x00001fe0       0xec C:\MicroFrameworkPK_v4_2\BuildOutput\ARM\GCC4.5\le\RAM\debug\YAAB\lib\tmp_PortBooterLoader.lib(VectorsHandlers.obj)
 .debug_line    0x000020cc       0x8d C:\MicroFrameworkPK_v4_2\BuildOutput\ARM\GCC4.5\le\RAM\debug\YAAB\lib\tmp_PortBooterLoader.lib(VectorsTrampolines.obj)
 .debug_line    0x00002159      0x12e C:\MicroFrameworkPK_v4_2\BuildOutput\ARM\GCC4.5\le\RAM\debug\YAAB\lib\tmp_PortBooterLoader.lib(Watchdog_stubs.obj)
 .debug_line    0x00002287      0x1e3 C:\MicroFrameworkPK_v4_2\BuildOutput\ARM\GCC4.5\le\RAM\debug\YAAB\lib\tmp_PortBooterLoader.lib(YAAB_bootstrap.obj)
 .debug_line    0x0000246a      0x3c7 C:\MicroFrameworkPK_v4_2\BuildOutput\ARM\GCC4.5\le\RAM\debug\YAAB\lib\tmp_PortBooterLoader.lib(Aborts.obj)
 .debug_line    0x00002831      0x50d C:\MicroFrameworkPK_v4_2\BuildOutput\ARM\GCC4.5\le\RAM\debug\YAAB\lib\tmp_PortBooterLoader.lib(asyncproccall_fastcompile.obj)
 .debug_line    0x00002d3e       0xfe C:\MicroFrameworkPK_v4_2\BuildOutput\ARM\GCC4.5\le\RAM\debug\YAAB\lib\tmp_PortBooterLoader.lib(Bl_AddDevices.obj)
 .debug_line    0x00002e3c      0x974 C:\MicroFrameworkPK_v4_2\BuildOutput\ARM\GCC4.5\le\RAM\debug\YAAB\lib\tmp_PortBooterLoader.lib(blockstoragelist.obj)
 .debug_line    0x000037b0      0x138 C:\MicroFrameworkPK_v4_2\BuildOutput\ARM\GCC4.5\le\RAM\debug\YAAB\lib\tmp_PortBooterLoader.lib(Buttons_stubs.obj)
 .debug_line    0x000038e8      0x1bb C:\MicroFrameworkPK_v4_2\BuildOutput\ARM\GCC4.5\le\RAM\debug\YAAB\lib\tmp_PortBooterLoader.lib(ComDirector_stubs.obj)
 .debug_line    0x00003aa3      0x289 C:\MicroFrameworkPK_v4_2\BuildOutput\ARM\GCC4.5\le\RAM\debug\YAAB\lib\tmp_PortBooterLoader.lib(events.obj)
 .debug_line    0x00003d2c      0x141 C:\MicroFrameworkPK_v4_2\BuildOutput\ARM\GCC4.5\le\RAM\debug\YAAB\lib\tmp_PortBooterLoader.lib(fastcompile_backlight_stubs.obj)
 .debug_line    0x00003e6d      0x165 C:\MicroFrameworkPK_v4_2\BuildOutput\ARM\GCC4.5\le\RAM\debug\YAAB\lib\tmp_PortBooterLoader.lib(fastcompile_batterycharger_stubs.obj)
 .debug_line    0x00003fd2      0x1cf C:\MicroFrameworkPK_v4_2\BuildOutput\ARM\GCC4.5\le\RAM\debug\YAAB\lib\tmp_PortBooterLoader.lib(fastcompile_BatteryMeasurement_stubs.obj)
 .debug_line    0x000041a1      0x1ce C:\MicroFrameworkPK_v4_2\BuildOutput\ARM\GCC4.5\le\RAM\debug\YAAB\lib\tmp_PortBooterLoader.lib(fastcompile_display_stubs.obj)
 .debug_line    0x0000436f      0x15b C:\MicroFrameworkPK_v4_2\BuildOutput\ARM\GCC4.5\le\RAM\debug\YAAB\lib\tmp_PortBooterLoader.lib(FS_config_stubs.obj)
 .debug_line    0x000044ca      0x1c7 C:\MicroFrameworkPK_v4_2\BuildOutput\ARM\GCC4.5\le\RAM\debug\YAAB\lib\tmp_PortBooterLoader.lib(fs_stubs.obj)
 .debug_line    0x00004691      0x103 C:\MicroFrameworkPK_v4_2\BuildOutput\ARM\GCC4.5\le\RAM\debug\YAAB\lib\tmp_PortBooterLoader.lib(gesture_stubs.obj)
 .debug_line    0x00004794      0x103 C:\MicroFrameworkPK_v4_2\BuildOutput\ARM\GCC4.5\le\RAM\debug\YAAB\lib\tmp_PortBooterLoader.lib(heap.obj)
 .debug_line    0x00004897      0x626 C:\MicroFrameworkPK_v4_2\BuildOutput\ARM\GCC4.5\le\RAM\debug\YAAB\lib\tmp_PortBooterLoader.lib(i2c.obj)
 .debug_line    0x00004ebd      0x12e C:\MicroFrameworkPK_v4_2\BuildOutput\ARM\GCC4.5\le\RAM\debug\YAAB\lib\tmp_PortBooterLoader.lib(ink_stubs.obj)
 .debug_line    0x00004feb      0x66e C:\MicroFrameworkPK_v4_2\BuildOutput\ARM\GCC4.5\le\RAM\debug\YAAB\lib\tmp_PortBooterLoader.lib(LPC22XX__GPIO.obj)
 .debug_line    0x00005659      0x3eb C:\MicroFrameworkPK_v4_2\BuildOutput\ARM\GCC4.5\le\RAM\debug\YAAB\lib\tmp_PortBooterLoader.lib(LPC22XX__I2C.obj)
 .debug_line    0x00005a44      0x3f0 C:\MicroFrameworkPK_v4_2\BuildOutput\ARM\GCC4.5\le\RAM\debug\YAAB\lib\tmp_PortBooterLoader.lib(LPC22XX__SPI.obj)
 .debug_line    0x00005e34      0x4fe C:\MicroFrameworkPK_v4_2\BuildOutput\ARM\GCC4.5\le\RAM\debug\YAAB\lib\tmp_PortBooterLoader.lib(LPC22XX__TIME.obj)
 .debug_line    0x00006332      0x24c C:\MicroFrameworkPK_v4_2\BuildOutput\ARM\GCC4.5\le\RAM\debug\YAAB\lib\tmp_PortBooterLoader.lib(LPC22XX__TIMER.obj)
 .debug_line    0x0000657e      0x5b5 C:\MicroFrameworkPK_v4_2\BuildOutput\ARM\GCC4.5\le\RAM\debug\YAAB\lib\tmp_PortBooterLoader.lib(LPC22XX__USART.obj)
 .debug_line    0x00006b33      0x29f C:\MicroFrameworkPK_v4_2\BuildOutput\ARM\GCC4.5\le\RAM\debug\YAAB\lib\tmp_PortBooterLoader.lib(LPC22XX__WATCHDOG.obj)
 .debug_line    0x00006dd2      0x138 C:\MicroFrameworkPK_v4_2\BuildOutput\ARM\GCC4.5\le\RAM\debug\YAAB\lib\tmp_PortBooterLoader.lib(OEM_Model_SKU_NetworkID.obj)
 .debug_line    0x00006f0a      0x12a C:\MicroFrameworkPK_v4_2\BuildOutput\ARM\GCC4.5\le\RAM\debug\YAAB\lib\tmp_PortBooterLoader.lib(palevent_stubs.obj)
 .debug_line    0x00007034       0xff C:\MicroFrameworkPK_v4_2\BuildOutput\ARM\GCC4.5\le\RAM\debug\YAAB\lib\tmp_PortBooterLoader.lib(piezo_stubs.obj)
 .debug_line    0x00007133       0xe7 C:\MicroFrameworkPK_v4_2\BuildOutput\ARM\GCC4.5\le\RAM\debug\YAAB\lib\tmp_PortBooterLoader.lib(SimpleHeap_config_stubs.obj)
 .debug_line    0x0000721a      0x149 C:\MicroFrameworkPK_v4_2\BuildOutput\ARM\GCC4.5\le\RAM\debug\YAAB\lib\tmp_PortBooterLoader.lib(SimpleHeap_stubs.obj)
 .debug_line    0x00007363      0x3ed C:\MicroFrameworkPK_v4_2\BuildOutput\ARM\GCC4.5\le\RAM\debug\YAAB\lib\tmp_PortBooterLoader.lib(sockets_Stubs.obj)
 .debug_line    0x00007750      0x2c5 C:\MicroFrameworkPK_v4_2\BuildOutput\ARM\GCC4.5\le\RAM\debug\YAAB\lib\tmp_PortBooterLoader.lib(Time_functions.obj)
 .debug_line    0x00007a15      0x177 C:\MicroFrameworkPK_v4_2\BuildOutput\ARM\GCC4.5\le\RAM\debug\YAAB\lib\tmp_PortBooterLoader.lib(TimeService_stubs.obj)
 .debug_line    0x00007b8c      0x448 C:\MicroFrameworkPK_v4_2\BuildOutput\ARM\GCC4.5\le\RAM\debug\YAAB\lib\tmp_PortBooterLoader.lib(tinycrt.obj)
 .debug_line    0x00007fd4      0x10c C:\MicroFrameworkPK_v4_2\BuildOutput\ARM\GCC4.5\le\RAM\debug\YAAB\lib\tmp_PortBooterLoader.lib(AT49BV642DT_16_Config.obj)
 .debug_line    0x000080e0      0x397 C:\MicroFrameworkPK_v4_2\BuildOutput\ARM\GCC4.5\le\RAM\debug\YAAB\lib\tmp_PortBooterLoader.lib(AT49BV_16_driver.obj)
 .debug_line    0x00008477       0x88 C:\MicroFrameworkPK_v4_2\BuildOutput\ARM\GCC4.5\le\RAM\debug\YAAB\lib\tmp_PortBooterLoader.lib(IDelayLoop.obj)
 .debug_line    0x000084ff      0x10b C:\MicroFrameworkPK_v4_2\BuildOutput\ARM\GCC4.5\le\RAM\debug\YAAB\lib\tmp_PortBooterLoader.lib(stubs_functions_EBIU.obj)
 .debug_line    0x0000860a      0x438 C:\MicroFrameworkPK_v4_2\BuildOutput\ARM\GCC4.5\le\RAM\debug\YAAB\lib\tmp_PortBooterLoader.lib(Time_driver.obj)
 .debug_line    0x00008a42       0xd2 C:\MicroFrameworkPK_v4_2\BuildOutput\ARM\GCC4.5\le\ANY_MEDIA\debug\lib\CRC.lib(CRC.obj)

.debug_info     0x00000000    0x21465
 .debug_info    0x00000000       0xb3 C:\MicroFrameworkPK_v4_2\BuildOutput\ARM\GCC4.5\le\RAM\debug\YAAB\obj\Solutions\YAAB\PortBooter\BooterVectorTable.obj
 .debug_info    0x000000b3      0x21e C:\MicroFrameworkPK_v4_2\BuildOutput\ARM\GCC4.5\le\RAM\debug\YAAB\obj\Solutions\YAAB\PortBooter\PortBooterLoader.obj
 .debug_info    0x000002d1      0x315 C:\MicroFrameworkPK_v4_2\BuildOutput\ARM\GCC4.5\le\ANY_MEDIA\debug\lib\WireProtocol.lib(Compression.obj)
 .debug_info    0x000005e6       0xa9 C:\MicroFrameworkPK_v4_2\BuildOutput\ARM\GCC4.5\le\RAM\debug\YAAB\lib\tmp_PortBooterLoader.lib(FirstEntry.obj)
 .debug_info    0x0000068f      0xf70 C:\MicroFrameworkPK_v4_2\BuildOutput\ARM\GCC4.5\le\RAM\debug\YAAB\lib\tmp_PortBooterLoader.lib(LPC22XX__VIC.obj)
 .debug_info    0x000015ff      0x188 C:\MicroFrameworkPK_v4_2\BuildOutput\ARM\GCC4.5\le\RAM\debug\YAAB\lib\tmp_PortBooterLoader.lib(LPC22XX_bootstrap.obj)
 .debug_info    0x00001787      0x9b2 C:\MicroFrameworkPK_v4_2\BuildOutput\ARM\GCC4.5\le\RAM\debug\YAAB\lib\tmp_PortBooterLoader.lib(LPC22XX_Power.obj)
 .debug_info    0x00002139       0xec C:\MicroFrameworkPK_v4_2\BuildOutput\ARM\GCC4.5\le\RAM\debug\YAAB\lib\tmp_PortBooterLoader.lib(LPC22XX_prestackinit.obj)
 .debug_info    0x00002225      0x478 C:\MicroFrameworkPK_v4_2\BuildOutput\ARM\GCC4.5\le\RAM\debug\YAAB\lib\tmp_PortBooterLoader.lib(SmartPtr_gcc.obj)
 .debug_info    0x0000269d       0xc4 C:\MicroFrameworkPK_v4_2\BuildOutput\ARM\GCC4.5\le\RAM\debug\YAAB\lib\tmp_PortBooterLoader.lib(SmartPtr_gcc_asm.obj)
 .debug_info    0x00002761      0x14f C:\MicroFrameworkPK_v4_2\BuildOutput\ARM\GCC4.5\le\RAM\debug\YAAB\lib\tmp_PortBooterLoader.lib(stubs_functions_cache.obj)
 .debug_info    0x000028b0     0x25af C:\MicroFrameworkPK_v4_2\BuildOutput\ARM\GCC4.5\le\RAM\debug\YAAB\lib\tmp_PortBooterLoader.lib(tinyhal.obj)
 .debug_info    0x00004e5f     0x185b C:\MicroFrameworkPK_v4_2\BuildOutput\ARM\GCC4.5\le\RAM\debug\YAAB\lib\tmp_PortBooterLoader.lib(usart.obj)
 .debug_info    0x000066ba       0xaa C:\MicroFrameworkPK_v4_2\BuildOutput\ARM\GCC4.5\le\RAM\debug\YAAB\lib\tmp_PortBooterLoader.lib(VectorsHandlers.obj)
 .debug_info    0x00006764       0xb1 C:\MicroFrameworkPK_v4_2\BuildOutput\ARM\GCC4.5\le\RAM\debug\YAAB\lib\tmp_PortBooterLoader.lib(VectorsTrampolines.obj)
 .debug_info    0x00006815      0x286 C:\MicroFrameworkPK_v4_2\BuildOutput\ARM\GCC4.5\le\RAM\debug\YAAB\lib\tmp_PortBooterLoader.lib(Watchdog_stubs.obj)
 .debug_info    0x00006a9b      0x658 C:\MicroFrameworkPK_v4_2\BuildOutput\ARM\GCC4.5\le\RAM\debug\YAAB\lib\tmp_PortBooterLoader.lib(YAAB_bootstrap.obj)
 .debug_info    0x000070f3      0x83a C:\MicroFrameworkPK_v4_2\BuildOutput\ARM\GCC4.5\le\RAM\debug\YAAB\lib\tmp_PortBooterLoader.lib(Aborts.obj)
 .debug_info    0x0000792d     0x11c1 C:\MicroFrameworkPK_v4_2\BuildOutput\ARM\GCC4.5\le\RAM\debug\YAAB\lib\tmp_PortBooterLoader.lib(asyncproccall_fastcompile.obj)
 .debug_info    0x00008aee      0xe3d C:\MicroFrameworkPK_v4_2\BuildOutput\ARM\GCC4.5\le\RAM\debug\YAAB\lib\tmp_PortBooterLoader.lib(Bl_AddDevices.obj)
 .debug_info    0x0000992b     0x24db C:\MicroFrameworkPK_v4_2\BuildOutput\ARM\GCC4.5\le\RAM\debug\YAAB\lib\tmp_PortBooterLoader.lib(blockstoragelist.obj)
 .debug_info    0x0000be06      0x20f C:\MicroFrameworkPK_v4_2\BuildOutput\ARM\GCC4.5\le\RAM\debug\YAAB\lib\tmp_PortBooterLoader.lib(Buttons_stubs.obj)
 .debug_info    0x0000c015      0x332 C:\MicroFrameworkPK_v4_2\BuildOutput\ARM\GCC4.5\le\RAM\debug\YAAB\lib\tmp_PortBooterLoader.lib(ComDirector_stubs.obj)
 .debug_info    0x0000c347      0xb17 C:\MicroFrameworkPK_v4_2\BuildOutput\ARM\GCC4.5\le\RAM\debug\YAAB\lib\tmp_PortBooterLoader.lib(events.obj)
 .debug_info    0x0000ce5e      0x1ca C:\MicroFrameworkPK_v4_2\BuildOutput\ARM\GCC4.5\le\RAM\debug\YAAB\lib\tmp_PortBooterLoader.lib(fastcompile_backlight_stubs.obj)
 .debug_info    0x0000d028      0x21d C:\MicroFrameworkPK_v4_2\BuildOutput\ARM\GCC4.5\le\RAM\debug\YAAB\lib\tmp_PortBooterLoader.lib(fastcompile_batterycharger_stubs.obj)
 .debug_info    0x0000d245      0x379 C:\MicroFrameworkPK_v4_2\BuildOutput\ARM\GCC4.5\le\RAM\debug\YAAB\lib\tmp_PortBooterLoader.lib(fastcompile_BatteryMeasurement_stubs.obj)
 .debug_info    0x0000d5be      0x373 C:\MicroFrameworkPK_v4_2\BuildOutput\ARM\GCC4.5\le\RAM\debug\YAAB\lib\tmp_PortBooterLoader.lib(fastcompile_display_stubs.obj)
 .debug_info    0x0000d931     0x150c C:\MicroFrameworkPK_v4_2\BuildOutput\ARM\GCC4.5\le\RAM\debug\YAAB\lib\tmp_PortBooterLoader.lib(FS_config_stubs.obj)
 .debug_info    0x0000ee3d     0x1faa C:\MicroFrameworkPK_v4_2\BuildOutput\ARM\GCC4.5\le\RAM\debug\YAAB\lib\tmp_PortBooterLoader.lib(fs_stubs.obj)
 .debug_info    0x00010de7      0x195 C:\MicroFrameworkPK_v4_2\BuildOutput\ARM\GCC4.5\le\RAM\debug\YAAB\lib\tmp_PortBooterLoader.lib(gesture_stubs.obj)
 .debug_info    0x00010f7c      0x166 C:\MicroFrameworkPK_v4_2\BuildOutput\ARM\GCC4.5\le\RAM\debug\YAAB\lib\tmp_PortBooterLoader.lib(heap.obj)
 .debug_info    0x000110e2     0x1742 C:\MicroFrameworkPK_v4_2\BuildOutput\ARM\GCC4.5\le\RAM\debug\YAAB\lib\tmp_PortBooterLoader.lib(i2c.obj)
 .debug_info    0x00012824      0x3df C:\MicroFrameworkPK_v4_2\BuildOutput\ARM\GCC4.5\le\RAM\debug\YAAB\lib\tmp_PortBooterLoader.lib(ink_stubs.obj)
 .debug_info    0x00012c03     0x1d95 C:\MicroFrameworkPK_v4_2\BuildOutput\ARM\GCC4.5\le\RAM\debug\YAAB\lib\tmp_PortBooterLoader.lib(LPC22XX__GPIO.obj)
 .debug_info    0x00014998     0x109a C:\MicroFrameworkPK_v4_2\BuildOutput\ARM\GCC4.5\le\RAM\debug\YAAB\lib\tmp_PortBooterLoader.lib(LPC22XX__I2C.obj)
 .debug_info    0x00015a32      0xcc2 C:\MicroFrameworkPK_v4_2\BuildOutput\ARM\GCC4.5\le\RAM\debug\YAAB\lib\tmp_PortBooterLoader.lib(LPC22XX__SPI.obj)
 .debug_info    0x000166f4     0x11ce C:\MicroFrameworkPK_v4_2\BuildOutput\ARM\GCC4.5\le\RAM\debug\YAAB\lib\tmp_PortBooterLoader.lib(LPC22XX__TIME.obj)
 .debug_info    0x000178c2      0x66e C:\MicroFrameworkPK_v4_2\BuildOutput\ARM\GCC4.5\le\RAM\debug\YAAB\lib\tmp_PortBooterLoader.lib(LPC22XX__TIMER.obj)
 .debug_info    0x00017f30     0x1577 C:\MicroFrameworkPK_v4_2\BuildOutput\ARM\GCC4.5\le\RAM\debug\YAAB\lib\tmp_PortBooterLoader.lib(LPC22XX__USART.obj)
 .debug_info    0x000194a7      0x660 C:\MicroFrameworkPK_v4_2\BuildOutput\ARM\GCC4.5\le\RAM\debug\YAAB\lib\tmp_PortBooterLoader.lib(LPC22XX__WATCHDOG.obj)
 .debug_info    0x00019b07     0x15ea C:\MicroFrameworkPK_v4_2\BuildOutput\ARM\GCC4.5\le\RAM\debug\YAAB\lib\tmp_PortBooterLoader.lib(OEM_Model_SKU_NetworkID.obj)
 .debug_info    0x0001b0f1      0x2f8 C:\MicroFrameworkPK_v4_2\BuildOutput\ARM\GCC4.5\le\RAM\debug\YAAB\lib\tmp_PortBooterLoader.lib(palevent_stubs.obj)
 .debug_info    0x0001b3e9      0x170 C:\MicroFrameworkPK_v4_2\BuildOutput\ARM\GCC4.5\le\RAM\debug\YAAB\lib\tmp_PortBooterLoader.lib(piezo_stubs.obj)
 .debug_info    0x0001b559      0x13f C:\MicroFrameworkPK_v4_2\BuildOutput\ARM\GCC4.5\le\RAM\debug\YAAB\lib\tmp_PortBooterLoader.lib(SimpleHeap_config_stubs.obj)