Archive member included because of file (symbol)

Z:\home\Develop\software\NETMF-LPC\MicroFrameworkPK_v4_1\BuildOutput\ARM\GCC4.2\le\FLASH\release\plak1a_LPC2478\lib\tmp_NativeSample.lib(events.obj)
                              Z:\home\Develop\software\NETMF-LPC\MicroFrameworkPK_v4_1\BuildOutput\ARM\GCC4.2\le\FLASH\release\plak1a_LPC2478\obj\Solutions\plak1a_LPC2478\NativeSample\NativeSample.obj (Events_WaitForEvents(unsigned int, unsigned int, unsigned int))
Z:\home\Develop\software\NETMF-LPC\MicroFrameworkPK_v4_1\BuildOutput\ARM\GCC4.2\le\FLASH\release\plak1a_LPC2478\lib\tmp_NativeSample.lib(LPC24XX__TIME.obj)
                              Z:\home\Develop\software\NETMF-LPC\MicroFrameworkPK_v4_1\BuildOutput\ARM\GCC4.2\le\FLASH\release\plak1a_LPC2478\lib\tmp_NativeSample.lib(events.obj) (CPU_MillisecondsToTicks(unsigned int))
Z:\home\Develop\software\NETMF-LPC\MicroFrameworkPK_v4_1\BuildOutput\ARM\GCC4.2\le\FLASH\release\plak1a_LPC2478\lib\tmp_NativeSample.lib(LPC24XX__TIMER.obj)
                              Z:\home\Develop\software\NETMF-LPC\MicroFrameworkPK_v4_1\BuildOutput\ARM\GCC4.2\le\FLASH\release\plak1a_LPC2478\lib\tmp_NativeSample.lib(LPC24XX__TIME.obj) (LPC24XX_TIMER_Driver::ReadCounter(unsigned int))
Z:\home\Develop\software\NETMF-LPC\MicroFrameworkPK_v4_1\BuildOutput\ARM\GCC4.2\le\FLASH\release\plak1a_LPC2478\lib\tmp_NativeSample.lib(LPC24XX__VIC.obj)
                              Z:\home\Develop\software\NETMF-LPC\MicroFrameworkPK_v4_1\BuildOutput\ARM\GCC4.2\le\FLASH\release\plak1a_LPC2478\lib\tmp_NativeSample.lib(LPC24XX__TIMER.obj) (CPU_INTC_DeactivateInterrupt(unsigned int))
Z:\home\Develop\software\NETMF-LPC\MicroFrameworkPK_v4_1\BuildOutput\ARM\GCC4.2\le\FLASH\release\plak1a_LPC2478\lib\tmp_NativeSample.lib(LPC24XX_Power.obj)
                              Z:\home\Develop\software\NETMF-LPC\MicroFrameworkPK_v4_1\BuildOutput\ARM\GCC4.2\le\FLASH\release\plak1a_LPC2478\lib\tmp_NativeSample.lib(LPC24XX__TIME.obj) (HAL_AssertEx())
Z:\home\Develop\software\NETMF-LPC\MicroFrameworkPK_v4_1\BuildOutput\ARM\GCC4.2\le\FLASH\release\plak1a_LPC2478\lib\tmp_NativeSample.lib(SmartPtr_gcc.obj)
                              Z:\home\Develop\software\NETMF-LPC\MicroFrameworkPK_v4_1\BuildOutput\ARM\GCC4.2\le\FLASH\release\plak1a_LPC2478\lib\tmp_NativeSample.lib(events.obj) (SmartPtr_IRQ::~SmartPtr_IRQ())
Z:\home\Develop\software\NETMF-LPC\MicroFrameworkPK_v4_1\BuildOutput\ARM\GCC4.2\le\FLASH\release\plak1a_LPC2478\lib\tmp_NativeSample.lib(SmartPtr_gcc_asm.obj)
                              Z:\home\Develop\software\NETMF-LPC\MicroFrameworkPK_v4_1\BuildOutput\ARM\GCC4.2\le\FLASH\release\plak1a_LPC2478\lib\tmp_NativeSample.lib(SmartPtr_gcc.obj) (IRQ_LOCK_Release_asm)
Z:\home\Develop\software\NETMF-LPC\MicroFrameworkPK_v4_1\BuildOutput\ARM\GCC4.2\le\FLASH\release\plak1a_LPC2478\lib\tmp_NativeSample.lib(tinyhal.obj)
                              Z:\home\Develop\software\NETMF-LPC\MicroFrameworkPK_v4_1\BuildOutput\ARM\GCC4.2\le\FLASH\release\plak1a_LPC2478\lib\tmp_NativeSample.lib(LPC24XX__VIC.obj) (SystemState_SetNoLock)
Z:\home\Develop\software\NETMF-LPC\MicroFrameworkPK_v4_1\BuildOutput\ARM\GCC4.2\le\FLASH\release\plak1a_LPC2478\lib\tmp_NativeSample.lib(touchpanel_functions.obj)
                              Z:\home\Develop\software\NETMF-LPC\MicroFrameworkPK_v4_1\BuildOutput\ARM\GCC4.2\le\FLASH\release\plak1a_LPC2478\obj\Solutions\plak1a_LPC2478\NativeSample\NativeSample.obj (TOUCH_PANEL_GetTouchPoint(unsigned int*, unsigned short*, unsigned short*, unsigned short*, long long*))
Z:\home\Develop\software\NETMF-LPC\MicroFrameworkPK_v4_1\BuildOutput\ARM\GCC4.2\le\FLASH\release\plak1a_LPC2478\lib\tmp_NativeSample.lib(usart.obj)
                              Z:\home\Develop\software\NETMF-LPC\MicroFrameworkPK_v4_1\BuildOutput\ARM\GCC4.2\le\FLASH\release\plak1a_LPC2478\lib\tmp_NativeSample.lib(tinyhal.obj) (USART_CloseAllPorts())
Z:\home\Develop\software\NETMF-LPC\MicroFrameworkPK_v4_1\BuildOutput\ARM\GCC4.2\le\FLASH\release\plak1a_LPC2478\lib\tmp_NativeSample.lib(VectorsHandlers.obj)
                              Z:\home\Develop\software\NETMF-LPC\MicroFrameworkPK_v4_1\BuildOutput\ARM\GCC4.2\le\FLASH\release\plak1a_LPC2478\lib\tmp_NativeSample.lib(LPC24XX__VIC.obj) (HARD_Breakpoint)
Z:\home\Develop\software\NETMF-LPC\MicroFrameworkPK_v4_1\BuildOutput\ARM\GCC4.2\le\FLASH\release\plak1a_LPC2478\lib\tmp_NativeSample.lib(VectorsTrampolines.obj)
                              (ARM_Vectors)
Z:\home\Develop\software\NETMF-LPC\MicroFrameworkPK_v4_1\BuildOutput\ARM\GCC4.2\le\FLASH\release\plak1a_LPC2478\lib\tmp_NativeSample.lib(Watchdog_stubs.obj)
                              Z:\home\Develop\software\NETMF-LPC\MicroFrameworkPK_v4_1\BuildOutput\ARM\GCC4.2\le\FLASH\release\plak1a_LPC2478\lib\tmp_NativeSample.lib(tinyhal.obj) (Watchdog_GetSetEnabled(unsigned int, unsigned int))
[...]
Memory Configuration

Name             Origin             Length             Attributes
LR_FLASH         0x80000000         0x000b0000
LR_IFLASH        0x00020000         0x0005d000
LR_CONFIG        0x807d0000         0x00010000
HEAP             0xa0200000         0x000ffff9
STACK            0xa0300000         0x00100001
RELOC_RAM        0xa0000000         0x00200000
*default*        0x00000000         0xffffffff

Linker script and memory map


ER_FLASH        0x80000000    0x342b8
 *(i.EntryPoint)
 i.EntryPoint   0x80000000       0x70 Z:\home\Develop\software\NETMF-LPC\MicroFrameworkPK_v4_1\BuildOutput\ARM\GCC4.2\le\FLASH\release\plak1a_LPC2478\lib\tmp_NativeSample.lib(FirstEntry.obj)
                0x80000000                EntryPoint
                0x80000020                PreStackInit_Exit_Pointer
 *(SectionForBootstrapOperations)
 SectionForBootstrapOperations
                0x80000070       0x94 Z:\home\Develop\software\NETMF-LPC\MicroFrameworkPK_v4_1\BuildOutput\ARM\GCC4.2\le\FLASH\release\plak1a_LPC2478\lib\tmp_NativeSample.lib(LPC24XX_Power.obj)
                0x800000bc                PrepareImageRegions_IRAM_TC()
                0x80000070                BootstrapCode_Dummy()
                0x80000074                PrepareImageRegions_IRAM()
 SectionForBootstrapOperations
                0x80000104       0x9c Z:\home\Develop\software\NETMF-LPC\MicroFrameworkPK_v4_1\BuildOutput\ARM\GCC4.2\le\FLASH\release\plak1a_LPC2478\lib\tmp_NativeSample.lib(tinyhal.obj)
                0x80000130                PrepareImageRegions
 SectionForBootstrapOperations
                0x800001a0       0x1c Z:\home\Develop\software\NETMF-LPC\MicroFrameworkPK_v4_1\BuildOutput\ARM\GCC4.2\le\FLASH\release\plak1a_LPC2478\lib\tmp_NativeSample.lib(LPC24XX_bootstrap.obj)
                0x800001a0                BootstrapCode
 SectionForBootstrapOperations
                0x800001bc      0x408 Z:\home\Develop\software\NETMF-LPC\MicroFrameworkPK_v4_1\BuildOutput\ARM\GCC4.2\le\FLASH\release\plak1a_LPC2478\lib\tmp_NativeSample.lib(LPC24XX_bootstrap_plak1a_LPC2478.obj)
                0x800001c8                GetFsclk()
                0x800001bc                Bootstrap_Delay(int)
                0x8000034c                BootstrapCode_Pins()
                0x80000544                GetFpclk(unsigned int)
                0x80000308                BootstrapCode_Ext_SRAM()
                0x8000030c                BootstrapCode_Ext_Flash()
                0x80000598                Initialize_SyncOn()
                0x80000224                BootstrapCode_Clocks()
                0x800004d4                delayMs(unsigned int, unsigned int)
                0x800003a8                BootstrapCode_Ext_SDRAM()
                0x800005ac                platform_prestackinit
 SectionForBootstrapOperations
                0x800005c4       0x10 Z:\home\Develop\software\NETMF-LPC\MicroFrameworkPK_v4_1\BuildOutput\ARM\GCC4.2\le\FLASH\release\plak1a_LPC2478\lib\tmp_NativeSample.lib(LPC24XX_prestackinit.obj)
                0x800005c4                PreStackInit
 *(.text*)
 .text._ZN13LPC24XX_TIMER8getIntNoEi
                0x800005d4       0x3c Z:\home\Develop\software\NETMF-LPC\MicroFrameworkPK_v4_1\BuildOutput\ARM\GCC4.2\le\FLASH\release\plak1a_LPC2478\obj\Solutions\plak1a_LPC2478\NativeSample\NativeSample.obj
                0x800005d4                LPC24XX_TIMER::getIntNo(int)
 .text._Z16PostManagedEventhhtj
                0x80000610        0x4 Z:\home\Develop\software\NETMF-LPC\MicroFrameworkPK_v4_1\BuildOutput\ARM\GCC4.2\le\FLASH\release\plak1a_LPC2478\obj\Solutions\plak1a_LPC2478\NativeSample\NativeSample.obj
                0x80000610                PostManagedEvent(unsigned char, unsigned char, unsigned short, unsigned int)
 .text._Z17Network_PostEventjj
                0x80000614        0x4 Z:\home\Develop\software\NETMF-LPC\MicroFrameworkPK_v4_1\BuildOutput\ARM\GCC4.2\le\FLASH\release\plak1a_LPC2478\obj\Solutions\plak1a_LPC2478\NativeSample\NativeSample.obj
                0x80000614                Network_PostEvent(unsigned int, unsigned int)
 .text.private_malloc
                0x80000618        0x8 Z:\home\Develop\software\NETMF-LPC\MicroFrameworkPK_v4_1\BuildOutput\ARM\GCC4.2\le\FLASH\release\plak1a_LPC2478\obj\Solutions\plak1a_LPC2478\NativeSample\NativeSample.obj
                0x80000618                private_malloc
 .text.private_free
                0x80000620        0x4 Z:\home\Develop\software\NETMF-LPC\MicroFrameworkPK_v4_1\BuildOutput\ARM\GCC4.2\le\FLASH\release\plak1a_LPC2478\obj\Solutions\plak1a_LPC2478\NativeSample\NativeSample.obj
                0x80000620                private_free
 .text._Z20Events_WaitForEventsjj
                0x80000624       0x28 Z:\home\Develop\software\NETMF-LPC\MicroFrameworkPK_v4_1\BuildOutput\ARM\GCC4.2\le\FLASH\release\plak1a_LPC2478\obj\Solutions\plak1a_LPC2478\NativeSample\NativeSample.obj
                0x80000624                Events_WaitForEvents(unsigned int, unsigned int)
 .text._Z21ApplicationEntryPointv
                0x8000064c       0xf4 Z:\home\Develop\software\NETMF-LPC\MicroFrameworkPK_v4_1\BuildOutput\ARM\GCC4.2\le\FLASH\release\plak1a_LPC2478\obj\Solutions\plak1a_LPC2478\NativeSample\NativeSample.obj
                0x8000064c                ApplicationEntryPoint()
 .text._Z17Events_MaskedReadj
                0x80000740       0x14 Z:\home\Develop\software\NETMF-LPC\MicroFrameworkPK_v4_1\BuildOutput\ARM\GCC4.2\le\FLASH\release\plak1a_LPC2478\lib\tmp_NativeSample.lib(events.obj)
                0x80000740                Events_MaskedRead(unsigned int)
 .text._ZN17HAL_DblLinkedNodeI16HAL_CONTINUATIONE10InitializeEv
                0x80000754       0x10 Z:\home\Develop\software\NETMF-LPC\MicroFrameworkPK_v4_1\BuildOutput\ARM\GCC4.2\le\FLASH\release\plak1a_LPC2478\lib\tmp_NativeSample.lib(events.obj)
                0x80000754                HAL_DblLinkedNode<HAL_CONTINUATION>::Initialize()
 .text._Z17Events_Initializev
                0x80000764       0x34 Z:\home\Develop\software\NETMF-LPC\MicroFrameworkPK_v4_1\BuildOutput\ARM\GCC4.2\le\FLASH\release\plak1a_LPC2478\lib\tmp_NativeSample.lib(events.obj)
                0x80000764                Events_Initialize()
 .text._ZN14HAL_COMPLETION16InitializeForISREPFvPvES0_
                0x80000798       0x24 Z:\home\Develop\software\NETMF-LPC\MicroFrameworkPK_v4_1\BuildOutput\ARM\GCC4.2\le\FLASH\release\plak1a_LPC2478\lib\tmp_NativeSample.lib(events.obj)
                0x80000798                HAL_COMPLETION::InitializeForISR(void (*)(void*), void*)
 .text._Z20Events_WaitForEventsjjj
                0x800007bc      0x164 Z:\home\Develop\software\NETMF-LPC\MicroFrameworkPK_v4_1\BuildOutput\ARM\GCC4.2\le\FLASH\release\plak1a_LPC2478\lib\tmp_NativeSample.lib(events.obj)
                0x800007bc                Events_WaitForEvents(unsigned int, unsigned int, unsigned int)
 .text._Z12Events_Clearj
                0x80000920       0x54 Z:\home\Develop\software\NETMF-LPC\MicroFrameworkPK_v4_1\BuildOutput\ARM\GCC4.2\le\FLASH\release\plak1a_LPC2478\lib\tmp_NativeSample.lib(events.obj)
                0x80000920                Events_Clear(unsigned int)
 .text._Z10Events_Setj
                0x80000974       0x68 Z:\home\Develop\software\NETMF-LPC\MicroFrameworkPK_v4_1\BuildOutput\ARM\GCC4.2\le\FLASH\release\plak1a_LPC2478\lib\tmp_NativeSample.lib(events.obj)
                0x80000974                Events_Set(unsigned int)
 .text._ZN11LPC24XX_VIC14ForceInterruptEj
                0x800009dc       0x14 Z:\home\Develop\software\NETMF-LPC\MicroFrameworkPK_v4_1\BuildOutput\ARM\GCC4.2\le\FLASH\release\plak1a_LPC2478\lib\tmp_NativeSample.lib(LPC24XX__TIME.obj)
                0x800009dc                LPC24XX_VIC::ForceInterrupt(unsigned int)
 .text._Z27HAL_Time_GetDriftParametersPiS_Px
                0x800009f0       0x24 Z:\home\Develop\software\NETMF-LPC\MicroFrameworkPK_v4_1\BuildOutput\ARM\GCC4.2\le\FLASH\release\plak1a_LPC2478\lib\tmp_NativeSample.lib(LPC24XX__TIME.obj)
                0x800009f0                HAL_Time_GetDriftParameters(int*, int*, long long*)
 .text._Z18CPU_TicksPerSecondv
                0x80000a14        0xc Z:\home\Develop\software\NETMF-LPC\MicroFrameworkPK_v4_1\BuildOutput\ARM\GCC4.2\le\FLASH\release\plak1a_LPC2478\lib\tmp_NativeSample.lib(LPC24XX__TIME.obj)
                0x80000a14                CPU_TicksPerSecond()
 .text._Z23CPU_MillisecondsToTicksj
                0x80000a20       0x24 Z:\home\Develop\software\NETMF-LPC\MicroFrameworkPK_v4_1\BuildOutput\ARM\GCC4.2\le\FLASH\release\plak1a_LPC2478\lib\tmp_NativeSample.lib(LPC24XX__TIME.obj)
                0x80000a20                CPU_MillisecondsToTicks(unsigned int)
 .text._Z44HAL_Time_Sleep_MicroSeconds_InterruptEnabledj
                0x80000a44       0x1c Z:\home\Develop\software\NETMF-LPC\MicroFrameworkPK_v4_1\BuildOutput\ARM\GCC4.2\le\FLASH\release\plak1a_LPC2478\lib\tmp_NativeSample.lib(LPC24XX__TIME.obj)
                0x80000a44                HAL_Time_Sleep_MicroSeconds_InterruptEnabled(unsigned int)
 .text._ZN19LPC24XX_TIME_Driver12CounterValueEv
                0x80000a60       0x68 Z:\home\Develop\software\NETMF-LPC\MicroFrameworkPK_v4_1\BuildOutput\ARM\GCC4.2\le\FLASH\release\plak1a_LPC2478\lib\tmp_NativeSample.lib(LPC24XX__TIME.obj)
                0x80000a60                LPC24XX_TIME_Driver::CounterValue()
 .text._ZN19LPC24XX_TIME_Driver11CurrentTimeEv
                0x80000ac8       0x1c Z:\home\Develop\software\NETMF-LPC\MicroFrameworkPK_v4_1\BuildOutput\ARM\GCC4.2\le\FLASH\release\plak1a_LPC2478\lib\tmp_NativeSample.lib(LPC24XX__TIME.obj)
                0x80000ac8                LPC24XX_TIME_Driver::CurrentTime()
 .text._Z20HAL_Time_CurrentTimev
                0x80000ae4       0x1c Z:\home\Develop\software\NETMF-LPC\MicroFrameworkPK_v4_1\BuildOutput\ARM\GCC4.2\le\FLASH\release\plak1a_LPC2478\lib\tmp_NativeSample.lib(LPC24XX__TIME.obj)
                0x80000ae4                HAL_Time_CurrentTime()
 .text.HAL_Time_CurrentTicks
                0x80000b00       0x1c Z:\home\Develop\software\NETMF-LPC\MicroFrameworkPK_v4_1\BuildOutput\ARM\GCC4.2\le\FLASH\release\plak1a_LPC2478\lib\tmp_NativeSample.lib(LPC24XX__TIME.obj)
                0x80000b00                HAL_Time_CurrentTicks
 .text.Time_CurrentTicks
                0x80000b1c       0x1c Z:\home\Develop\software\NETMF-LPC\MicroFrameworkPK_v4_1\BuildOutput\ARM\GCC4.2\le\FLASH\release\plak1a_LPC2478\lib\tmp_NativeSample.lib(LPC24XX__TIME.obj)
                0x80000b1c                Time_CurrentTicks
 .text._Z27HAL_Time_Sleep_MicroSecondsj
                0x80000b38       0x1c Z:\home\Develop\software\NETMF-LPC\MicroFrameworkPK_v4_1\BuildOutput\ARM\GCC4.2\le\FLASH\release\plak1a_LPC2478\lib\tmp_NativeSample.lib(LPC24XX__TIME.obj)
                0x80000b38                HAL_Time_Sleep_MicroSeconds(unsigned int)
 .text._ZN20LPC24XX_TIMER_Driver14ForceInterruptEj
                0x80000b54       0x54 Z:\home\Develop\software\NETMF-LPC\MicroFrameworkPK_v4_1\BuildOutput\ARM\GCC4.2\le\FLASH\release\plak1a_LPC2478\lib\tmp_NativeSample.lib(LPC24XX__TIME.obj)
                0x80000b54                LPC24XX_TIMER_Driver::ForceInterrupt(unsigned int)
 .text._ZN7LPC24XX5TIMEREi
                0x80000ba8       0x60 Z:\home\Develop\software\NETMF-LPC\MicroFrameworkPK_v4_1\BuildOutput\ARM\GCC4.2\le\FLASH\release\plak1a_LPC2478\lib\tmp_NativeSample.lib(LPC24XX__TIME.obj)
                0x80000ba8                LPC24XX::TIMER(int)
 .text._ZN20LPC24XX_TIMER_Driver15ResetCompareHitEj
                0x80000c08       0x40 Z:\home\Develop\software\NETMF-LPC\MicroFrameworkPK_v4_1\BuildOutput\ARM\GCC4.2\le\FLASH\release\plak1a_LPC2478\lib\tmp_NativeSample.lib(LPC24XX__TIME.obj)
                0x80000c08                LPC24XX_TIMER_Driver::ResetCompareHit(unsigned int)
 .text._ZN20LPC24XX_TIMER_Driver13DidCompareHitEj
                0x80000c48       0x40 Z:\home\Develop\software\NETMF-LPC\MicroFrameworkPK_v4_1\BuildOutput\ARM\GCC4.2\le\FLASH\release\plak1a_LPC2478\lib\tmp_NativeSample.lib(LPC24XX__TIME.obj)
                0x80000c48                LPC24XX_TIMER_Driver::DidCompareHit(unsigned int)
 .text._ZN20LPC24XX_TIMER_Driver10SetCompareEjj
                0x80000c88       0x40 Z:\home\Develop\software\NETMF-LPC\MicroFrameworkPK_v4_1\BuildOutput\ARM\GCC4.2\le\FLASH\release\plak1a_LPC2478\lib\tmp_NativeSample.lib(LPC24XX__TIME.obj)
                0x80000c88                LPC24XX_TIMER_Driver::SetCompare(unsigned int, unsigned int)
 .text._ZN19LPC24XX_TIME_Driver15SetCompareValueEy
                0x80000cc8      0x124 Z:\home\Develop\software\NETMF-LPC\MicroFrameworkPK_v4_1\BuildOutput\ARM\GCC4.2\le\FLASH\release\plak1a_LPC2478\lib\tmp_NativeSample.lib(LPC24XX__TIME.obj)
                0x80000cc8                LPC24XX_TIME_Driver::SetCompareValue(unsigned long long)
 .text._ZN19LPC24XX_TIME_Driver3ISREPv
                0x80000dec       0x9c Z:\home\Develop\software\NETMF-LPC\MicroFrameworkPK_v4_1\BuildOutput\ARM\GCC4.2\le\FLASH\release\plak1a_LPC2478\lib\tmp_NativeSample.lib(LPC24XX__TIME.obj)
                0x80000dec                LPC24XX_TIME_Driver::ISR(void*)
 .text._Z19HAL_Time_SetComparey
                0x80000e88       0x1c Z:\home\Develop\software\NETMF-LPC\MicroFrameworkPK_v4_1\BuildOutput\ARM\GCC4.2\le\FLASH\release\plak1a_LPC2478\lib\tmp_NativeSample.lib(LPC24XX__TIME.obj)
                0x80000e88                HAL_Time_SetCompare(unsigned long long)
 .text._ZN20LPC24XX_TIMER_Driver22EnableCompareInterruptEj
                0x80000ea4       0x44 Z:\home\Develop\software\NETMF-LPC\MicroFrameworkPK_v4_1\BuildOutput\ARM\GCC4.2\le\FLASH\release\plak1a_LPC2478\lib\tmp_NativeSample.lib(LPC24XX__TIME.obj)
                0x80000ea4                LPC24XX_TIMER_Driver::EnableCompareInterrupt(unsigned int)
 .text._ZN19LPC24XX_TIME_Driver10InitializeEv
                0x80000ee8       0x8c Z:\home\Develop\software\NETMF-LPC\MicroFrameworkPK_v4_1\BuildOutput\ARM\GCC4.2\le\FLASH\release\plak1a_LPC2478\lib\tmp_NativeSample.lib(LPC24XX__TIME.obj)
                0x80000ee8                LPC24XX_TIME_Driver::Initialize()
 .text._Z19HAL_Time_Initializev
                0x80000f74       0x1c Z:\home\Develop\software\NETMF-LPC\MicroFrameworkPK_v4_1\BuildOutput\ARM\GCC4.2\le\FLASH\release\plak1a_LPC2478\lib\tmp_NativeSample.lib(LPC24XX__TIME.obj)
                0x80000f74                HAL_Time_Initialize()
 .text._ZN20LPC24XX_TIMER_Driver10InitializeEjPFvPvES0_
                0x80000f90      0x114 Z:\home\Develop\software\NETMF-LPC\MicroFrameworkPK_v4_1\BuildOutput\ARM\GCC4.2\le\FLASH\release\plak1a_LPC2478\lib\tmp_NativeSample.lib(LPC24XX__TIMER.obj)
                0x80000f90                LPC24XX_TIMER_Driver::Initialize(unsigned int, void (*)(void*), void*)
 .text._ZN12HAL_CALLBACK10InitializeEPFvPvES0_
                0x800010a4        0x8 Z:\home\Develop\software\NETMF-LPC\MicroFrameworkPK_v4_1\BuildOutput\ARM\GCC4.2\le\FLASH\release\plak1a_LPC2478\lib\tmp_NativeSample.lib(LPC24XX__VIC.obj)
                0x800010a4                HAL_CALLBACK::Initialize(void (*)(void*), void*)
 .text._ZNK12HAL_CALLBACK7ExecuteEv
                0x800010ac       0x20 Z:\home\Develop\software\NETMF-LPC\MicroFrameworkPK_v4_1\BuildOutput\ARM\GCC4.2\le\FLASH\release\plak1a_LPC2478\lib\tmp_NativeSample.lib(LPC24XX__VIC.obj)
                0x800010ac                HAL_CALLBACK::Execute() const
 .text._ZN11LPC24XX_VIC21RemoveForcedInterruptEj
                0x800010cc       0x14 Z:\home\Develop\software\NETMF-LPC\MicroFrameworkPK_v4_1\BuildOutput\ARM\GCC4.2\le\FLASH\release\plak1a_LPC2478\lib\tmp_NativeSample.lib(LPC24XX__VIC.obj)
                0x800010cc                LPC24XX_VIC::RemoveForcedInterrupt(unsigned int)
 .text._ZN18LPC24XX_VIC_Driver10InitializeEv
                0x800010e0       0x54 Z:\home\Develop\software\NETMF-LPC\MicroFrameworkPK_v4_1\BuildOutput\ARM\GCC4.2\le\FLASH\release\plak1a_LPC2478\lib\tmp_NativeSample.lib(LPC24XX__VIC.obj)
                0x800010e0                LPC24XX_VIC_Driver::Initialize()
 .text._Z19CPU_INTC_Initializev
                0x80001134       0x1c Z:\home\Develop\software\NETMF-LPC\MicroFrameworkPK_v4_1\BuildOutput\ARM\GCC4.2\le\FLASH\release\plak1a_LPC2478\lib\tmp_NativeSample.lib(LPC24XX__VIC.obj)
                0x80001134                CPU_INTC_Initialize()
 .text._ZN18LPC24XX_VIC_Driver14IRQToIRQVectorEj
                0x80001150       0x30 Z:\home\Develop\software\NETMF-LPC\MicroFrameworkPK_v4_1\BuildOutput\ARM\GCC4.2\le\FLASH\release\plak1a_LPC2478\lib\tmp_NativeSample.lib(LPC24XX__VIC.obj)
                0x80001150                LPC24XX_VIC_Driver::IRQToIRQVector(unsigned int)
 .text._ZN18LPC24XX_VIC_Driver14STUB_ISRVectorEPv
                0x80001180       0x38 Z:\home\Develop\software\NETMF-LPC\MicroFrameworkPK_v4_1\BuildOutput\ARM\GCC4.2\le\FLASH\release\plak1a_LPC2478\lib\tmp_NativeSample.lib(LPC24XX__VIC.obj)
                0x80001180                LPC24XX_VIC_Driver::STUB_ISRVector(void*)
 .text._ZN11LPC24XX_VIC18IsInterruptEnabledEj
                0x800011b8       0x34 Z:\home\Develop\software\NETMF-LPC\MicroFrameworkPK_v4_1\BuildOutput\ARM\GCC4.2\le\FLASH\release\plak1a_LPC2478\lib\tmp_NativeSample.lib(LPC24XX__VIC.obj)
                0x800011b8                LPC24XX_VIC::IsInterruptEnabled(unsigned int)
 .text._ZN18LPC24XX_VIC_Driver20InterruptEnableStateEj
                0x800011ec       0x28 Z:\home\Develop\software\NETMF-LPC\MicroFrameworkPK_v4_1\BuildOutput\ARM\GCC4.2\le\FLASH\release\plak1a_LPC2478\lib\tmp_NativeSample.lib(LPC24XX__VIC.obj)
                0x800011ec                LPC24XX_VIC_Driver::InterruptEnableState(unsigned int)
 .text._Z29CPU_INTC_InterruptEnableStatej
                0x80001214       0x1c Z:\home\Develop\software\NETMF-LPC\MicroFrameworkPK_v4_1\BuildOutput\ARM\GCC4.2\le\FLASH\release\plak1a_LPC2478\lib\tmp_NativeSample.lib(LPC24XX__VIC.obj)
                0x80001214                CPU_INTC_InterruptEnableState(unsigned int)
 .text._ZN18LPC24XX_VIC_Driver19DeactivateInterruptEj
                0x80001230       0x8c Z:\home\Develop\software\NETMF-LPC\MicroFrameworkPK_v4_1\BuildOutput\ARM\GCC4.2\le\FLASH\release\plak1a_LPC2478\lib\tmp_NativeSample.lib(LPC24XX__VIC.obj)
                0x80001230                LPC24XX_VIC_Driver::DeactivateInterrupt(unsigned int)
 .text._Z28CPU_INTC_DeactivateInterruptj
                0x800012bc       0x1c Z:\home\Develop\software\NETMF-LPC\MicroFrameworkPK_v4_1\BuildOutput\ARM\GCC4.2\le\FLASH\release\plak1a_LPC2478\lib\tmp_NativeSample.lib(LPC24XX__VIC.obj)
                0x800012bc                CPU_INTC_DeactivateInterrupt(unsigned int)
 .text._ZN18LPC24XX_VIC_Driver17ActivateInterruptEjjPFvPvES0_
                0x800012d8       0xac Z:\home\Develop\software\NETMF-LPC\MicroFrameworkPK_v4_1\BuildOutput\ARM\GCC4.2\le\FLASH\release\plak1a_LPC2478\lib\tmp_NativeSample.lib(LPC24XX__VIC.obj)
                0x800012d8                LPC24XX_VIC_Driver::ActivateInterrupt(unsigned int, unsigned int, void (*)(void*), void*)
 .text._Z26CPU_INTC_ActivateInterruptjPFvPvES_
                0x80001384       0x28 Z:\home\Develop\software\NETMF-LPC\MicroFrameworkPK_v4_1\BuildOutput\ARM\GCC4.2\le\FLASH\release\plak1a_LPC2478\lib\tmp_NativeSample.lib(LPC24XX__VIC.obj)
                0x80001384                CPU_INTC_ActivateInterrupt(unsigned int, void (*)(void*), void*)
 .text._ZN18LPC24XX_VIC_Driver11IRQ_HandlerEv
                0x800013ac       0x9c Z:\home\Develop\software\NETMF-LPC\MicroFrameworkPK_v4_1\BuildOutput\ARM\GCC4.2\le\FLASH\release\plak1a_LPC2478\lib\tmp_NativeSample.lib(LPC24XX__VIC.obj)
                0x800013ac                LPC24XX_VIC_Driver::IRQ_Handler()
 .text.IRQ_Handler
                0x80001448       0x1c Z:\home\Develop\software\NETMF-LPC\MicroFrameworkPK_v4_1\BuildOutput\ARM\GCC4.2\le\FLASH\release\plak1a_LPC2478\lib\tmp_NativeSample.lib(LPC24XX__VIC.obj)
                0x80001448                IRQ_Handler
 .text._Z12HAL_AssertExv
                0x80001464       0x10 Z:\home\Develop\software\NETMF-LPC\MicroFrameworkPK_v4_1\BuildOutput\ARM\GCC4.2\le\FLASH\release\plak1a_LPC2478\lib\tmp_NativeSample.lib(LPC24XX_Power.obj)
                0x80001464                HAL_AssertEx()
 .text._ZN14LPC24XX_Driver8ShutdownEv
                0x80001474       0x20 Z:\home\Develop\software\NETMF-LPC\MicroFrameworkPK_v4_1\BuildOutput\ARM\GCC4.2\le\FLASH\release\plak1a_LPC2478\lib\tmp_NativeSample.lib(LPC24XX_Power.obj)
                0x80001474                LPC24XX_Driver::Shutdown()
 .text._ZN14LPC24XX_Driver4HaltEv
                0x80001494       0x4c Z:\home\Develop\software\NETMF-LPC\MicroFrameworkPK_v4_1\BuildOutput\ARM\GCC4.2\le\FLASH\release\plak1a_LPC2478\lib\tmp_NativeSample.lib(LPC24XX_Power.obj)
                0x80001494                LPC24XX_Driver::Halt()
 .text._Z8CPU_Haltv
                0x800014e0       0x1c Z:\home\Develop\software\NETMF-LPC\MicroFrameworkPK_v4_1\BuildOutput\ARM\GCC4.2\le\FLASH\release\plak1a_LPC2478\lib\tmp_NativeSample.lib(LPC24XX_Power.obj)
                0x800014e0                CPU_Halt()
 .text._ZN14LPC24XX_Driver10InitializeEv
                0x800014fc       0x50 Z:\home\Develop\software\NETMF-LPC\MicroFrameworkPK_v4_1\BuildOutput\ARM\GCC4.2\le\FLASH\release\plak1a_LPC2478\lib\tmp_NativeSample.lib(LPC24XX_Power.obj)
                0x800014fc                LPC24XX_Driver::Initialize()
 .text._Z14CPU_Initializev
                0x8000154c       0x1c Z:\home\Develop\software\NETMF-LPC\MicroFrameworkPK_v4_1\BuildOutput\ARM\GCC4.2\le\FLASH\release\plak1a_LPC2478\lib\tmp_NativeSample.lib(LPC24XX_Power.obj)
                0x8000154c                CPU_Initialize()
 .text._Z9CPU_Sleep11SLEEP_LEVELy
                0x80001568       0x20 Z:\home\Develop\software\NETMF-LPC\MicroFrameworkPK_v4_1\BuildOutput\ARM\GCC4.2\le\FLASH\release\plak1a_LPC2478\lib\tmp_NativeSample.lib(LPC24XX_Power.obj)
                0x80001568                CPU_Sleep(SLEEP_LEVEL, unsigned long long)
 .text._ZN12SmartPtr_IRQ11WasDisabledEv
                0x80001588       0x10 Z:\home\Develop\software\NETMF-LPC\MicroFrameworkPK_v4_1\BuildOutput\ARM\GCC4.2\le\FLASH\release\plak1a_LPC2478\lib\tmp_NativeSample.lib(SmartPtr_gcc.obj)
                0x80001588                SmartPtr_IRQ::WasDisabled()
 .text._ZN12SmartPtr_IRQ7RestoreEv
                0x80001598       0x24 Z:\home\Develop\software\NETMF-LPC\MicroFrameworkPK_v4_1\BuildOutput\ARM\GCC4.2\le\FLASH\release\plak1a_LPC2478\lib\tmp_NativeSample.lib(SmartPtr_gcc.obj)
                0x80001598                SmartPtr_IRQ::Restore()
 .text._ZN12SmartPtr_IRQD1Ev
                0x800015bc       0x24 Z:\home\Develop\software\NETMF-LPC\MicroFrameworkPK_v4_1\BuildOutput\ARM\GCC4.2\le\FLASH\release\plak1a_LPC2478\lib\tmp_NativeSample.lib(SmartPtr_gcc.obj)
                0x800015bc                SmartPtr_IRQ::~SmartPtr_IRQ()
 .text._ZN12SmartPtr_IRQ7DisableEv
                0x800015e0       0x24 Z:\home\Develop\software\NETMF-LPC\MicroFrameworkPK_v4_1\BuildOutput\ARM\GCC4.2\le\FLASH\release\plak1a_LPC2478\lib\tmp_NativeSample.lib(SmartPtr_gcc.obj)
                0x800015e0                SmartPtr_IRQ::Disable()
 .text._ZN12SmartPtr_IRQ7AcquireEv
                0x80001604       0x24 Z:\home\Develop\software\NETMF-LPC\MicroFrameworkPK_v4_1\BuildOutput\ARM\GCC4.2\le\FLASH\release\plak1a_LPC2478\lib\tmp_NativeSample.lib(SmartPtr_gcc.obj)
                0x80001604                SmartPtr_IRQ::Acquire()
 .text._ZN12SmartPtr_IRQC1EPv
                0x80001628       0x28 Z:\home\Develop\software\NETMF-LPC\MicroFrameworkPK_v4_1\BuildOutput\ARM\GCC4.2\le\FLASH\release\plak1a_LPC2478\lib\tmp_NativeSample.lib(SmartPtr_gcc.obj)
                0x80001628                SmartPtr_IRQ::SmartPtr_IRQ(void*)
 .text._ZN12SmartPtr_IRQ12ForceEnabledEPv
                0x80001650       0x1c Z:\home\Develop\software\NETMF-LPC\MicroFrameworkPK_v4_1\BuildOutput\ARM\GCC4.2\le\FLASH\release\plak1a_LPC2478\lib\tmp_NativeSample.lib(SmartPtr_gcc.obj)
                0x80001650                SmartPtr_IRQ::ForceEnabled(void*)
 .text._ZN12SmartPtr_IRQ8GetStateEPv
                0x8000166c       0x1c Z:\home\Develop\software\NETMF-LPC\MicroFrameworkPK_v4_1\BuildOutput\ARM\GCC4.2\le\FLASH\release\plak1a_LPC2478\lib\tmp_NativeSample.lib(SmartPtr_gcc.obj)
                0x8000166c                SmartPtr_IRQ::GetState(void*)
 .text._ZN12SmartPtr_IRQ5ProbeEv
                0x80001688       0x24 Z:\home\Develop\software\NETMF-LPC\MicroFrameworkPK_v4_1\BuildOutput\ARM\GCC4.2\le\FLASH\release\plak1a_LPC2478\lib\tmp_NativeSample.lib(SmartPtr_gcc.obj)
                0x80001688                SmartPtr_IRQ::Probe()
 .text._ZN12SmartPtr_IRQ7ReleaseEv
                0x800016ac       0x30 Z:\home\Develop\software\NETMF-LPC\MicroFrameworkPK_v4_1\BuildOutput\ARM\GCC4.2\le\FLASH\release\plak1a_LPC2478\lib\tmp_NativeSample.lib(SmartPtr_gcc.obj)
                0x800016ac                SmartPtr_IRQ::Release()
 .text._ZN18BlockStorageDevice13GetDeviceInfoEv
                0x800016dc       0x24 Z:\home\Develop\software\NETMF-LPC\MicroFrameworkPK_v4_1\BuildOutput\ARM\GCC4.2\le\FLASH\release\plak1a_LPC2478\lib\tmp_NativeSample.lib(tinyhal.obj)
                0x800016dc                BlockStorageDevice::GetDeviceInfo()
 .text._ZN18BlockStorageDevice4ReadEjjPh
                0x80001700       0x24 Z:\home\Develop\software\NETMF-LPC\MicroFrameworkPK_v4_1\BuildOutput\ARM\GCC4.2\le\FLASH\release\plak1a_LPC2478\lib\tmp_NativeSample.lib(tinyhal.obj)
                0x80001700                BlockStorageDevice::Read(unsigned int, unsigned int, unsigned char*)
 .text._ZN18BlockStorageDevice5WriteEjjPhj
                0x80001724       0x2c Z:\home\Develop\software\NETMF-LPC\MicroFrameworkPK_v4_1\BuildOutput\ARM\GCC4.2\le\FLASH\release\plak1a_LPC2478\lib\tmp_NativeSample.lib(tinyhal.obj)
                0x80001724                BlockStorageDevice::Write(unsigned int, unsigned int, unsigned char*, unsigned int)
 .text._ZNK18BlockStorageDevice10EraseBlockEj
                0x80001750       0x24 Z:\home\Develop\software\NETMF-LPC\MicroFrameworkPK_v4_1\BuildOutput\ARM\GCC4.2\le\FLASH\release\plak1a_LPC2478\lib\tmp_NativeSample.lib(tinyhal.obj)
                0x80001750                BlockStorageDevice::EraseBlock(unsigned int) const
 .text.SystemState_SetNoLock
                0x80001774       0x18 Z:\home\Develop\software\NETMF-LPC\MicroFrameworkPK_v4_1\BuildOutput\ARM\GCC4.2\le\FLASH\release\plak1a_LPC2478\lib\tmp_NativeSample.lib(tinyhal.obj)
                0x80001774                SystemState_SetNoLock
 .text.SystemState_ClearNoLock
                0x8000178c       0x18 Z:\home\Develop\software\NETMF-LPC\MicroFrameworkPK_v4_1\BuildOutput\ARM\GCC4.2\le\FLASH\release\plak1a_LPC2478\lib\tmp_NativeSample.lib(tinyhal.obj)
                0x8000178c                SystemState_ClearNoLock
 .text.SystemState_QueryNoLock
                0x800017a4       0x1c Z:\home\Develop\software\NETMF-LPC\MicroFrameworkPK_v4_1\BuildOutput\ARM\GCC4.2\le\FLASH\release\plak1a_LPC2478\lib\tmp_NativeSample.lib(tinyhal.obj)
                0x800017a4                SystemState_QueryNoLock
 .text._Z21Checksum_RAMConstantsv
                0x800017c0       0x44 Z:\home\Develop\software\NETMF-LPC\MicroFrameworkPK_v4_1\BuildOutput\ARM\GCC4.2\le\FLASH\release\plak1a_LPC2478\lib\tmp_NativeSample.lib(tinyhal.obj)
                0x800017c0                Checksum_RAMConstants()
 .text.lcd_printf
                0x80001804       0x3c Z:\home\Develop\software\NETMF-LPC\MicroFrameworkPK_v4_1\BuildOutput\ARM\GCC4.2\le\FLASH\release\plak1a_LPC2478\lib\tmp_NativeSample.lib(tinyhal.obj)
                0x80001804                lcd_printf
 .text._Z19Verify_RAMConstantsPv
                0x80001840      0x16c Z:\home\Develop\software\NETMF-LPC\MicroFrameworkPK_v4_1\BuildOutput\ARM\GCC4.2\le\FLASH\release\plak1a_LPC2478\lib\tmp_NativeSample.lib(tinyhal.obj)
                0x80001840                Verify_RAMConstants(void*)
 .text.debug_printf
                0x800019ac       0x90 Z:\home\Develop\software\NETMF-LPC\MicroFrameworkPK_v4_1\BuildOutput\ARM\GCC4.2\le\FLASH\release\plak1a_LPC2478\lib\tmp_NativeSample.lib(tinyhal.obj)
                0x800019ac                debug_printf
 .text._Z20HAL_Init_Custom_Heapv
                0x80001a3c       0x48 Z:\home\Develop\software\NETMF-LPC\MicroFrameworkPK_v4_1\BuildOutput\ARM\GCC4.2\le\FLASH\release\plak1a_LPC2478\lib\tmp_NativeSample.lib(tinyhal.obj)
                0x80001a3c                HAL_Init_Custom_Heap()
 .text._Z14HAL_Initializev
                0x80001a84      0x1e8 Z:\home\Develop\software\NETMF-LPC\MicroFrameworkPK_v4_1\BuildOutput\ARM\GCC4.2\le\FLASH\release\plak1a_LPC2478\lib\tmp_NativeSample.lib(tinyhal.obj)
                0x80001a84                HAL_Initialize()
 .text.BootEntry
                0x80001c6c      0x270 Z:\home\Develop\software\NETMF-LPC\MicroFrameworkPK_v4_1\BuildOutput\ARM\GCC4.2\le\FLASH\release\plak1a_LPC2478\lib\tmp_NativeSample.lib(tinyhal.obj)
                0x80001c6c                BootEntry
 .text._ZN18BlockStorageDevice17FindForBlockUsageEjRjS0_S0_
                0x80001edc       0x4c Z:\home\Develop\software\NETMF-LPC\MicroFrameworkPK_v4_1\BuildOutput\ARM\GCC4.2\le\FLASH\release\plak1a_LPC2478\lib\tmp_NativeSample.lib(tinyhal.obj)
                0x80001edc                BlockStorageDevice::FindForBlockUsage(unsigned int, unsigned int&, unsigned int&, unsigned int&)
 .text._Z25TOUCH_PANEL_GetTouchPointPjPtS0_S0_Px
                0x80001f28       0x24 Z:\home\Develop\software\NETMF-LPC\MicroFrameworkPK_v4_1\BuildOutput\ARM\GCC4.2\le\FLASH\release\plak1a_LPC2478\lib\tmp_NativeSample.lib(touchpanel_functions.obj)
                0x80001f28                TOUCH_PANEL_GetTouchPoint(unsigned int*, unsigned short*, unsigned short*, unsigned short*, long long*)
 .text._Z28TOUCH_PANEL_ResetCalibrationv
                0x80001f4c       0x1c Z:\home\Develop\software\NETMF-LPC\MicroFrameworkPK_v4_1\BuildOutput\ARM\GCC4.2\le\FLASH\release\plak1a_LPC2478\lib\tmp_NativeSample.lib(touchpanel_functions.obj)
                0x80001f4c                TOUCH_PANEL_ResetCalibration()
 .text._Z22TOUCH_PANEL_Initializev
                0x80001f68       0x1c Z:\home\Develop\software\NETMF-LPC\MicroFrameworkPK_v4_1\BuildOutput\ARM\GCC4.2\le\FLASH\release\plak1a_LPC2478\lib\tmp_NativeSample.lib(touchpanel_functions.obj)
                0x80001f68                TOUCH_PANEL_Initialize()
 .text._ZN13LPC24XX_USART8getIntNoEi
                0x80001f84       0x3c Z:\home\Develop\software\NETMF-LPC\MicroFrameworkPK_v4_1\BuildOutput\ARM\GCC4.2\le\FLASH\release\plak1a_LPC2478\lib\tmp_NativeSample.lib(usart.obj)
                0x80001f84                LPC24XX_USART::getIntNo(int)
 .text._ZN21Hal_Queue_UnknownSizeIhE3PopEv
                0x80001fc0       0x4c Z:\home\Develop\software\NETMF-LPC\MicroFrameworkPK_v4_1\BuildOutput\ARM\GCC4.2\le\FLASH\release\plak1a_LPC2478\lib\tmp_NativeSample.lib(usart.obj)
                0x80001fc0                Hal_Queue_UnknownSize<unsigned char>::Pop()
 .text._ZN21Hal_Queue_UnknownSizeIhE10InitializeEPhj
                0x8000200c       0x1c Z:\home\Develop\software\NETMF-LPC\MicroFrameworkPK_v4_1\BuildOutput\ARM\GCC4.2\le\FLASH\release\plak1a_LPC2478\lib\tmp_NativeSample.lib(usart.obj)
                0x8000200c                Hal_Queue_UnknownSize<unsigned char>::Initialize(unsigned char*, unsigned int)
 .text._ZN21Hal_Queue_UnknownSizeIhE4PushERj
                0x80002028       0x80 Z:\home\Develop\software\NETMF-LPC\MicroFrameworkPK_v4_1\BuildOutput\ARM\GCC4.2\le\FLASH\release\plak1a_LPC2478\lib\tmp_NativeSample.lib(usart.obj)
                0x80002028                Hal_Queue_UnknownSize<unsigned char>::Push(unsigned int&)
 .text._ZN21Hal_Queue_UnknownSizeIhE16NumberOfElementsEv
                0x800020a8       0x2c Z:\home\Develop\software\NETMF-LPC\MicroFrameworkPK_v4_1\BuildOutput\ARM\GCC4.2\le\FLASH\release\plak1a_LPC2478\lib\tmp_NativeSample.lib(usart.obj)
                0x800020a8                Hal_Queue_UnknownSize<unsigned char>::NumberOfElements()
 .text._ZN21Hal_Queue_UnknownSizeIhE7IsEmptyEv
                0x800020d4       0x20 Z:\home\Develop\software\NETMF-LPC\MicroFrameworkPK_v4_1\BuildOutput\ARM\GCC4.2\le\FLASH\release\plak1a_LPC2478\lib\tmp_NativeSample.lib(usart.obj)
                0x800020d4                Hal_Queue_UnknownSize<unsigned char>::IsEmpty()
 .text._ZN21Hal_Queue_UnknownSizeIhE4PushEv
                0x800020f4       0x44 Z:\home\Develop\software\NETMF-LPC\MicroFrameworkPK_v4_1\BuildOutput\ARM\GCC4.2\le\FLASH\release\plak1a_LPC2478\lib\tmp_NativeSample.lib(usart.obj)
                0x800020f4                Hal_Queue_UnknownSize<unsigned char>::Push()
 .text._ZN12USART_Driver8SetEventEij
                0x80002138       0xb8 Z:\home\Develop\software\NETMF-LPC\MicroFrameworkPK_v4_1\BuildOutput\ARM\GCC4.2\le\FLASH\release\plak1a_LPC2478\lib\tmp_NativeSample.lib(usart.obj)
                0x80002138                USART_Driver::SetEvent(int, unsigned int)
 .text._ZN12USART_Driver8SendXOFFEij
                0x800021f0       0x64 Z:\home\Develop\software\NETMF-LPC\MicroFrameworkPK_v4_1\BuildOutput\ARM\GCC4.2\le\FLASH\release\plak1a_LPC2478\lib\tmp_NativeSample.lib(usart.obj)
                0x800021f0                USART_Driver::SendXOFF(int, unsigned int)
 .text._ZN12USART_Driver22RemoveCharFromTxBufferEiRc
                0x80002254       0xe8 Z:\home\Develop\software\NETMF-LPC\MicroFrameworkPK_v4_1\BuildOutput\ARM\GCC4.2\le\FLASH\release\plak1a_LPC2478\lib\tmp_NativeSample.lib(usart.obj)
                0x80002254                USART_Driver::RemoveCharFromTxBuffer(int, char&)
 .text._Z28USART_RemoveCharFromTxBufferiRc
                0x8000233c       0x1c Z:\home\Develop\software\NETMF-LPC\MicroFrameworkPK_v4_1\BuildOutput\ARM\GCC4.2\le\FLASH\release\plak1a_LPC2478\lib\tmp_NativeSample.lib(usart.obj)
                0x8000233c                USART_RemoveCharFromTxBuffer(int, char&)
 .text._ZN12USART_Driver17AddCharToRxBufferEic
                0x80002358      0x1dc Z:\home\Develop\software\NETMF-LPC\MicroFrameworkPK_v4_1\BuildOutput\ARM\GCC4.2\le\FLASH\release\plak1a_LPC2478\lib\tmp_NativeSample.lib(usart.obj)
                0x80002358                USART_Driver::AddCharToRxBuffer(int, char)
 .text._Z23USART_AddCharToRxBufferic
                0x80002534       0x1c Z:\home\Develop\software\NETMF-LPC\MicroFrameworkPK_v4_1\BuildOutput\ARM\GCC4.2\le\FLASH\release\plak1a_LPC2478\lib\tmp_NativeSample.lib(usart.obj)
                0x80002534                USART_AddCharToRxBuffer(int, char)
 .text._ZN12USART_Driver5FlushEi
                0x80002550      0x30c Z:\home\Develop\software\NETMF-LPC\MicroFrameworkPK_v4_1\BuildOutput\ARM\GCC4.2\le\FLASH\release\plak1a_LPC2478\lib\tmp_NativeSample.lib(usart.obj)
                0x80002550                USART_Driver::Flush(int)
 .text._Z11USART_Flushi
                0x8000285c       0x1c Z:\home\Develop\software\NETMF-LPC\MicroFrameworkPK_v4_1\BuildOutput\ARM\GCC4.2\le\FLASH\release\plak1a_LPC2478\lib\tmp_NativeSample.lib(usart.obj)
                0x8000285c                USART_Flush(int)
 .text._ZN12USART_Driver5WriteEiPKcj
                0x80002878      0x270 Z:\home\Develop\software\NETMF-LPC\MicroFrameworkPK_v4_1\BuildOutput\ARM\GCC4.2\le\FLASH\release\plak1a_LPC2478\lib\tmp_NativeSample.lib(usart.obj)
                0x80002878                USART_Driver::Write(int, char const*, unsigned int)
 .text._Z11USART_WriteiPKcj
                0x80002ae8       0x1c Z:\home\Develop\software\NETMF-LPC\MicroFrameworkPK_v4_1\BuildOutput\ARM\GCC4.2\le\FLASH\release\plak1a_LPC2478\lib\tmp_NativeSample.lib(usart.obj)
                0x80002ae8                USART_Write(int, char const*, unsigned int)
 .text._ZN12USART_Driver10InitializeEiiiiii
                0x80002b04      0x160 Z:\home\Develop\software\NETMF-LPC\MicroFrameworkPK_v4_1\BuildOutput\ARM\GCC4.2\le\FLASH\release\plak1a_LPC2478\lib\tmp_NativeSample.lib(usart.obj)
                0x80002b04                USART_Driver::Initialize(int, int, int, int, int, int)
 .text._Z16USART_Initializeiiiiii
                0x80002c64       0x2c Z:\home\Develop\software\NETMF-LPC\MicroFrameworkPK_v4_1\BuildOutput\ARM\GCC4.2\le\FLASH\release\plak1a_LPC2478\lib\tmp_NativeSample.lib(usart.obj)
                0x80002c64                USART_Initialize(int, int, int, int, int, int)
 .text.UNDEF_SubHandler
                0x80002c90       0x44 Z:\home\Develop\software\NETMF-LPC\MicroFrameworkPK_v4_1\BuildOutput\ARM\GCC4.2\le\FLASH\release\plak1a_LPC2478\lib\tmp_NativeSample.lib(VectorsHandlers.obj)
                0x80002c90                UNDEF_SubHandler
 .text.ABORTP_SubHandler
                0x80002cd4       0x44 Z:\home\Develop\software\NETMF-LPC\MicroFrameworkPK_v4_1\BuildOutput\ARM\GCC4.2\le\FLASH\release\plak1a_LPC2478\lib\tmp_NativeSample.lib(VectorsHandlers.obj)
                0x80002cd4                ABORTP_SubHandler
 .text.ABORTD_SubHandler
                0x80002d18       0x44 Z:\home\Develop\software\NETMF-LPC\MicroFrameworkPK_v4_1\BuildOutput\ARM\GCC4.2\le\FLASH\release\plak1a_LPC2478\lib\tmp_NativeSample.lib(VectorsHandlers.obj)
                0x80002d18                ABORTD_SubHandler
 .text.HARD_Breakpoint
                0x80002d5c       0x28 Z:\home\Develop\software\NETMF-LPC\MicroFrameworkPK_v4_1\BuildOutput\ARM\GCC4.2\le\FLASH\release\plak1a_LPC2478\lib\tmp_NativeSample.lib(VectorsHandlers.obj)
                0x80002d5c                HARD_Breakpoint
 .text._Z22Watchdog_GetSetEnabledjj
                0x80002d84        0x8 Z:\home\Develop\software\NETMF-LPC\MicroFrameworkPK_v4_1\BuildOutput\ARM\GCC4.2\le\FLASH\release\plak1a_LPC2478\lib\tmp_NativeSample.lib(Watchdog_stubs.obj)
                0x80002d84                Watchdog_GetSetEnabled(unsigned int, unsigned int)
 .text._Z22Watchdog_GetSetTimeoutij
                0x80002d8c        0x8 Z:\home\Develop\software\NETMF-LPC\MicroFrameworkPK_v4_1\BuildOutput\ARM\GCC4.2\le\FLASH\release\plak1a_LPC2478\lib\tmp_NativeSample.lib(Watchdog_stubs.obj)
                0x80002d8c                Watchdog_GetSetTimeout(int, unsigned int)
 .text._Z23Watchdog_GetSetBehavior17Watchdog_Behaviorj
                0x80002d94        0x8 Z:\home\Develop\software\NETMF-LPC\MicroFrameworkPK_v4_1\BuildOutput\ARM\GCC4.2\le\FLASH\release\plak1a_LPC2478\lib\tmp_NativeSample.lib(Watchdog_stubs.obj)
                0x80002d94                Watchdog_GetSetBehavior(Watchdog_Behavior, unsigned int)
 .text._Z20monitor_debug_printfPKcz
                0x80002d9c       0x88 Z:\home\Develop\software\NETMF-LPC\MicroFrameworkPK_v4_1\BuildOutput\ARM\GCC4.2\le\FLASH\release\plak1a_LPC2478\lib\tmp_NativeSample.lib(Aborts.obj)
                0x80002d9c                monitor_debug_printf(char const*, ...)
 .text._Z20ABORT_HandlerDisplayPjjjjPKcj
                0x80002e24      0x578 Z:\home\Develop\software\NETMF-LPC\MicroFrameworkPK_v4_1\BuildOutput\ARM\GCC4.2\le\FLASH\release\plak1a_LPC2478\lib\tmp_NativeSample.lib(Aborts.obj)
                0x80002e24                ABORT_HandlerDisplay(unsigned int*, unsigned int, unsigned int, unsigned int, char const*, unsigned int)
 .text.HARD_Breakpoint_Handler
                0x8000339c       0xa4 Z:\home\Develop\software\NETMF-LPC\MicroFrameworkPK_v4_1\BuildOutput\ARM\GCC4.2\le\FLASH\release\plak1a_LPC2478\lib\tmp_NativeSample.lib(Aborts.obj)
                0x8000339c                HARD_Breakpoint_Handler
 .text.ABORTD_Handler
                0x80003440       0x70 Z:\home\Develop\software\NETMF-LPC\MicroFrameworkPK_v4_1\BuildOutput\ARM\GCC4.2\le\FLASH\release\plak1a_LPC2478\lib\tmp_NativeSample.lib(Aborts.obj)
                0x80003440                ABORTD_Handler
 .text.ABORTP_Handler
                0x800034b0       0x70 Z:\home\Develop\software\NETMF-LPC\MicroFrameworkPK_v4_1\BuildOutput\ARM\GCC4.2\le\FLASH\release\plak1a_LPC2478\lib\tmp_NativeSample.lib(Aborts.obj)
                0x800034b0                ABORTP_Handler
 .text.UNDEF_Handler
                0x80003520       0x70 Z:\home\Develop\software\NETMF-LPC\MicroFrameworkPK_v4_1\BuildOutput\ARM\GCC4.2\le\FLASH\release\plak1a_LPC2478\lib\tmp_NativeSample.lib(Aborts.obj)
                0x80003520                UNDEF_Handler
 .text._ZNK16HAL_CONTINUATION7ExecuteEv
                0x80003590       0x20 Z:\home\Develop\software\NETMF-LPC\MicroFrameworkPK_v4_1\BuildOutput\ARM\GCC4.2\le\FLASH\release\plak1a_LPC2478\lib\tmp_NativeSample.lib(asyncproccall_fastcompile.obj)
                0x80003590                HAL_CONTINUATION::Execute() const
 .text._ZN17HAL_DblLinkedNodeI16HAL_CONTINUATIONE6UnlinkEv
                0x800035b0       0x28 Z:\home\Develop\software\NETMF-LPC\MicroFrameworkPK_v4_1\BuildOutput\ARM\GCC4.2\le\FLASH\release\plak1a_LPC2478\lib\tmp_NativeSample.lib(asyncproccall_fastcompile.obj)
                0x800035b0                HAL_DblLinkedNode<HAL_CONTINUATION>::Unlink()
 .text._ZN16HAL_CONTINUATION18InitializeCallbackEPFvPvES0_
                0x800035d8       0x44 Z:\home\Develop\software\NETMF-LPC\MicroFrameworkPK_v4_1\BuildOutput\ARM\GCC4.2\le\FLASH\release\plak1a_LPC2478\lib\tmp_NativeSample.lib(asyncproccall_fastcompile.obj)
                0x800035d8                HAL_CONTINUATION::InitializeCallback(void (*)(void*), void*)
 .text._ZNK17HAL_DblLinkedListI16HAL_CONTINUATIONE4TailEv
                0x8000361c        0x8 Z:\home\Develop\software\NETMF-LPC\MicroFrameworkPK_v4_1\BuildOutput\ARM\GCC4.2\le\FLASH\release\plak1a_LPC2478\lib\tmp_NativeSample.lib(asyncproccall_fastcompile.obj)
                0x8000361c                HAL_DblLinkedList<HAL_CONTINUATION>::Tail() const
 .text._ZNK17HAL_DblLinkedListI16HAL_CONTINUATIONE7IsEmptyEv
                0x80003624       0x2c Z:\home\Develop\software\NETMF-LPC\MicroFrameworkPK_v4_1\BuildOutput\ARM\GCC4.2\le\FLASH\release\plak1a_LPC2478\lib\tmp_NativeSample.lib(asyncproccall_fastcompile.obj)
                0x80003624                HAL_DblLinkedList<HAL_CONTINUATION>::IsEmpty() const
 .text._ZNK17HAL_DblLinkedListI16HAL_CONTINUATIONE4HeadEv
                0x80003650        0x4 Z:\home\Develop\software\NETMF-LPC\MicroFrameworkPK_v4_1\BuildOutput\ARM\GCC4.2\le\FLASH\release\plak1a_LPC2478\lib\tmp_NativeSample.lib(asyncproccall_fastcompile.obj)
                0x80003650                HAL_DblLinkedList<HAL_CONTINUATION>::Head() const
 .text._ZN17HAL_DblLinkedListI16HAL_CONTINUATIONE10InitializeEv
                0x80003654       0x40 Z:\home\Develop\software\NETMF-LPC\MicroFrameworkPK_v4_1\BuildOutput\ARM\GCC4.2\le\FLASH\release\plak1a_LPC2478\lib\tmp_NativeSample.lib(asyncproccall_fastcompile.obj)
                0x80003654                HAL_DblLinkedList<HAL_CONTINUATION>::Initialize()
 .text._ZN16HAL_CONTINUATION14InitializeListEv
                0x80003694       0x24 Z:\home\Develop\software\NETMF-LPC\MicroFrameworkPK_v4_1\BuildOutput\ARM\GCC4.2\le\FLASH\release\plak1a_LPC2478\lib\tmp_NativeSample.lib(asyncproccall_fastcompile.obj)
                0x80003694                HAL_CONTINUATION::InitializeList()
 .text._ZN14HAL_COMPLETION14InitializeListEv
                0x800036b8       0x24 Z:\home\Develop\software\NETMF-LPC\MicroFrameworkPK_v4_1\BuildOutput\ARM\GCC4.2\le\FLASH\release\plak1a_LPC2478\lib\tmp_NativeSample.lib(asyncproccall_fastcompile.obj)
                0x800036b8                HAL_COMPLETION::InitializeList()
 .text._ZN17HAL_DblLinkedNodeI16HAL_CONTINUATIONE14RemoveFromListEv
                0x800036dc       0x18 Z:\home\Develop\software\NETMF-LPC\MicroFrameworkPK_v4_1\BuildOutput\ARM\GCC4.2\le\FLASH\release\plak1a_LPC2478\lib\tmp_NativeSample.lib(asyncproccall_fastcompile.obj)
                0x800036dc                HAL_DblLinkedNode<HAL_CONTINUATION>::RemoveFromList()
 .text._ZN17HAL_DblLinkedListI16HAL_CONTINUATIONE6InsertEPS0_S2_S2_
                0x800036f4       0x14 Z:\home\Develop\software\NETMF-LPC\MicroFrameworkPK_v4_1\BuildOutput\ARM\GCC4.2\le\FLASH\release\plak1a_LPC2478\lib\tmp_NativeSample.lib(asyncproccall_fastcompile.obj)
                0x800036f4                HAL_DblLinkedList<HAL_CONTINUATION>::Insert(HAL_CONTINUATION*, HAL_CONTINUATION*, HAL_CONTINUATION*)
 .text._ZN17HAL_DblLinkedListI16HAL_CONTINUATIONE16InsertBeforeNodeEPS0_S2_
                0x80003708       0x60 Z:\home\Develop\software\NETMF-LPC\MicroFrameworkPK_v4_1\BuildOutput\ARM\GCC4.2\le\FLASH\release\plak1a_LPC2478\lib\tmp_NativeSample.lib(asyncproccall_fastcompile.obj)
                0x80003708                HAL_DblLinkedList<HAL_CONTINUATION>::InsertBeforeNode(HAL_CONTINUATION*, HAL_CONTINUATION*)
 .text._ZN17HAL_DblLinkedListI16HAL_CONTINUATIONE10LinkAtBackEPS0_
                0x80003768       0x40 Z:\home\Develop\software\NETMF-LPC\MicroFrameworkPK_v4_1\BuildOutput\ARM\GCC4.2\le\FLASH\release\plak1a_LPC2478\lib\tmp_NativeSample.lib(asyncproccall_fastcompile.obj)
                0x80003768                HAL_DblLinkedList<HAL_CONTINUATION>::LinkAtBack(HAL_CONTINUATION*)
 .text._ZNK17HAL_DblLinkedListI16HAL_CONTINUATIONE14FirstValidNodeEv
                0x800037a8       0x18 Z:\home\Develop\software\NETMF-LPC\MicroFrameworkPK_v4_1\BuildOutput\ARM\GCC4.2\le\FLASH\release\plak1a_LPC2478\lib\tmp_NativeSample.lib(asyncproccall_fastcompile.obj)
                0x800037a8                HAL_DblLinkedList<HAL_CONTINUATION>::FirstValidNode() const
 .text._ZN17HAL_DblLinkedListI16HAL_CONTINUATIONE16ExtractFirstNodeEv
                0x800037c0       0x34 Z:\home\Develop\software\NETMF-LPC\MicroFrameworkPK_v4_1\BuildOutput\ARM\GCC4.2\le\FLASH\release\plak1a_LPC2478\lib\tmp_NativeSample.lib(asyncproccall_fastcompile.obj)
                0x800037c0                HAL_DblLinkedList<HAL_CONTINUATION>::ExtractFirstNode()
 .text._ZN16HAL_CONTINUATION5AbortEv
                0x800037f4       0x54 Z:\home\Develop\software\NETMF-LPC\MicroFrameworkPK_v4_1\BuildOutput\ARM\GCC4.2\le\FLASH\release\plak1a_LPC2478\lib\tmp_NativeSample.lib(asyncproccall_fastcompile.obj)
                0x800037f4                HAL_CONTINUATION::Abort()
 .text._ZN16HAL_CONTINUATION7EnqueueEv
                0x80003848       0x68 Z:\home\Develop\software\NETMF-LPC\MicroFrameworkPK_v4_1\BuildOutput\ARM\GCC4.2\le\FLASH\release\plak1a_LPC2478\lib\tmp_NativeSample.lib(asyncproccall_fastcompile.obj)
                0x80003848                HAL_CONTINUATION::Enqueue()
 .text._ZN14HAL_COMPLETION7ExecuteEv
                0x800038b0       0x2c Z:\home\Develop\software\NETMF-LPC\MicroFrameworkPK_v4_1\BuildOutput\ARM\GCC4.2\le\FLASH\release\plak1a_LPC2478\lib\tmp_NativeSample.lib(asyncproccall_fastcompile.obj)
                0x800038b0                HAL_COMPLETION::Execute()
 .text._ZN16HAL_CONTINUATION19Dequeue_And_ExecuteEv
                0x800038dc       0xbc Z:\home\Develop\software\NETMF-LPC\MicroFrameworkPK_v4_1\BuildOutput\ARM\GCC4.2\le\FLASH\release\plak1a_LPC2478\lib\tmp_NativeSample.lib(asyncproccall_fastcompile.obj)
                0x800038dc                HAL_CONTINUATION::Dequeue_And_Execute()
 .text._ZN14HAL_COMPLETION12EnqueueTicksEy
                0x80003998       0xd8 Z:\home\Develop\software\NETMF-LPC\MicroFrameworkPK_v4_1\BuildOutput\ARM\GCC4.2\le\FLASH\release\plak1a_LPC2478\lib\tmp_NativeSample.lib(asyncproccall_fastcompile.obj)
                0x80003998                HAL_COMPLETION::EnqueueTicks(unsigned long long)
 .text._ZN14HAL_COMPLETION14EnqueueDelta64Ey
                0x80003a70       0x6c Z:\home\Develop\software\NETMF-LPC\MicroFrameworkPK_v4_1\BuildOutput\ARM\GCC4.2\le\FLASH\release\plak1a_LPC2478\lib\tmp_NativeSample.lib(asyncproccall_fastcompile.obj)
                0x80003a70                HAL_COMPLETION::EnqueueDelta64(unsigned long long)
 .text._ZN14HAL_COMPLETION12EnqueueDeltaEj
                0x80003adc       0x24 Z:\home\Develop\software\NETMF-LPC\MicroFrameworkPK_v4_1\BuildOutput\ARM\GCC4.2\le\FLASH\release\plak1a_LPC2478\lib\tmp_NativeSample.lib(asyncproccall_fastcompile.obj)
                0x80003adc                HAL_COMPLETION::EnqueueDelta(unsigned int)
 .text._ZN14HAL_COMPLETION5AbortEv
                0x80003b00       0xa8 Z:\home\Develop\software\NETMF-LPC\MicroFrameworkPK_v4_1\BuildOutput\ARM\GCC4.2\le\FLASH\release\plak1a_LPC2478\lib\tmp_NativeSample.lib(asyncproccall_fastcompile.obj)
                0x80003b00                HAL_COMPLETION::Abort()
 .text._ZN14HAL_COMPLETION17WaitForInterruptsEyjy
                0x80003ba8       0xbc Z:\home\Develop\software\NETMF-LPC\MicroFrameworkPK_v4_1\BuildOutput\ARM\GCC4.2\le\FLASH\release\plak1a_LPC2478\lib\tmp_NativeSample.lib(asyncproccall_fastcompile.obj)
                0x80003ba8                HAL_COMPLETION::WaitForInterrupts(unsigned long long, unsigned int, unsigned long long)
 .text._ZN14HAL_COMPLETION14DequeueAndExecEv
                0x80003c64       0xf8 Z:\home\Develop\software\NETMF-LPC\MicroFrameworkPK_v4_1\BuildOutput\ARM\GCC4.2\le\FLASH\release\plak1a_LPC2478\lib\tmp_NativeSample.lib(asyncproccall_fastcompile.obj)
                0x80003c64                HAL_COMPLETION::DequeueAndExec()
 .text._Z23BlockStorage_AddDevicesv
                0x80003d5c       0x38 Z:\home\Develop\software\NETMF-LPC\MicroFrameworkPK_v4_1\BuildOutput\ARM\GCC4.2\le\FLASH\release\plak1a_LPC2478\lib\tmp_NativeSample.lib(Bl_AddDevices.obj)
                0x80003d5c                BlockStorage_AddDevices()
 .text._ZNK10BlockRange13GetBlockCountEv
                0x80003d94       0x10 Z:\home\Develop\software\NETMF-LPC\MicroFrameworkPK_v4_1\BuildOutput\ARM\GCC4.2\le\FLASH\release\plak1a_LPC2478\lib\tmp_NativeSample.lib(blockstoragelist.obj)
                0x80003d94                BlockRange::GetBlockCount() const
 .text._ZNK15BlockRegionInfo12BlockAddressEj
                0x80003da4       0x10 Z:\home\Develop\software\NETMF-LPC\MicroFrameworkPK_v4_1\BuildOutput\ARM\GCC4.2\le\FLASH\release\plak1a_LPC2478\lib\tmp_NativeSample.lib(blockstoragelist.obj)
                0x80003da4                BlockRegionInfo::BlockAddress(unsigned int) const
 .text._ZN18BlockStorageDevice16InitializeDeviceEv
                0x80003db4       0x24 Z:\home\Develop\software\NETMF-LPC\MicroFrameworkPK_v4_1\BuildOutput\ARM\GCC4.2\le\FLASH\release\plak1a_LPC2478\lib\tmp_NativeSample.lib(blockstoragelist.obj)
                0x80003db4                BlockStorageDevice::InitializeDevice()
 .text._ZN18BlockStorageStream14CurrentAddressEv
                0x80003dd8        0xc Z:\home\Develop\software\NETMF-LPC\MicroFrameworkPK_v4_1\BuildOutput\ARM\GCC4.2\le\FLASH\release\plak1a_LPC2478\lib\tmp_NativeSample.lib(blockstoragelist.obj)
                0x80003dd8                BlockStorageStream::CurrentAddress()
 .text._ZNK15BlockDeviceInfo21FindRegionFromAddressEjRjS0_
                0x80003de4       0xd8 Z:\home\Develop\software\NETMF-LPC\MicroFrameworkPK_v4_1\BuildOutput\ARM\GCC4.2\le\FLASH\release\plak1a_LPC2478\lib\tmp_NativeSample.lib(blockstoragelist.obj)
                0x80003de4                BlockDeviceInfo::FindRegionFromAddress(unsigned int, unsigned int&, unsigned int&) const
 .text._ZNK15BlockDeviceInfo18FindNextUsageBlockEjRjS0_S0_
                0x80003ebc       0xc0 Z:\home\Develop\software\NETMF-LPC\MicroFrameworkPK_v4_1\BuildOutput\ARM\GCC4.2\le\FLASH\release\plak1a_LPC2478\lib\tmp_NativeSample.lib(blockstoragelist.obj)
                0x80003ebc                BlockDeviceInfo::FindNextUsageBlock(unsigned int, unsigned int&, unsigned int&, unsigned int&) const
 .text._ZNK15BlockDeviceInfo17FindForBlockUsageEjRjS0_S0_
                0x80003f7c       0x34 Z:\home\Develop\software\NETMF-LPC\MicroFrameworkPK_v4_1\BuildOutput\ARM\GCC4.2\le\FLASH\release\plak1a_LPC2478\lib\tmp_NativeSample.lib(blockstoragelist.obj)
                0x80003f7c                BlockDeviceInfo::FindForBlockUsage(unsigned int, unsigned int&, unsigned int&, unsigned int&) const
 .text._ZN18BlockStorageDevice18FindNextUsageBlockEjRjS0_S0_
                0x80003fb0       0x4c Z:\home\Develop\software\NETMF-LPC\MicroFrameworkPK_v4_1\BuildOutput\ARM\GCC4.2\le\FLASH\release\plak1a_LPC2478\lib\tmp_NativeSample.lib(blockstoragelist.obj)
                0x80003fb0                BlockStorageDevice::FindNextUsageBlock(unsigned int, unsigned int&, unsigned int&, unsigned int&)
 .text._ZN17HAL_DblLinkedNodeI18BlockStorageDeviceE10InitializeEv
                0x80003ffc       0x10 Z:\home\Develop\software\NETMF-LPC\MicroFrameworkPK_v4_1\BuildOutput\ARM\GCC4.2\le\FLASH\release\plak1a_LPC2478\lib\tmp_NativeSample.lib(blockstoragelist.obj)
                0x80003ffc                HAL_DblLinkedNode<BlockStorageDevice>::Initialize()
 .text._ZNK17HAL_DblLinkedListI18BlockStorageDeviceE14FirstValidNodeEv
                0x8000400c       0x18 Z:\home\Develop\software\NETMF-LPC\MicroFrameworkPK_v4_1\BuildOutput\ARM\GCC4.2\le\FLASH\release\plak1a_LPC2478\lib\tmp_NativeSample.lib(blockstoragelist.obj)
                0x8000400c                HAL_DblLinkedList<BlockStorageDevice>::FirstValidNode() const
 .text._ZN16BlockStorageList14GetFirstDeviceEv
                0x80004024       0x30 Z:\home\Develop\software\NETMF-LPC\MicroFrameworkPK_v4_1\BuildOutput\ARM\GCC4.2\le\FLASH\release\plak1a_LPC2478\lib\tmp_NativeSample.lib(blockstoragelist.obj)
                0x80004024                BlockStorageList::GetFirstDevice()
 .text._ZNK17HAL_DblLinkedListI18BlockStorageDeviceE4TailEv
                0x80004054        0x8 Z:\home\Develop\software\NETMF-LPC\MicroFrameworkPK_v4_1\BuildOutput\ARM\GCC4.2\le\FLASH\release\plak1a_LPC2478\lib\tmp_NativeSample.lib(blockstoragelist.obj)
                0x80004054                HAL_DblLinkedList<BlockStorageDevice>::Tail() const
 .text._ZNK17HAL_DblLinkedListI18BlockStorageDeviceE4HeadEv
                0x8000405c        0x4 Z:\home\Develop\software\NETMF-LPC\MicroFrameworkPK_v4_1\BuildOutput\ARM\GCC4.2\le\FLASH\release\plak1a_LPC2478\lib\tmp_NativeSample.lib(blockstoragelist.obj)
                0x8000405c                HAL_DblLinkedList<BlockStorageDevice>::Head() const
 .text._ZN17HAL_DblLinkedListI18BlockStorageDeviceE10InitializeEv
                0x80004060       0x40 Z:\home\Develop\software\NETMF-LPC\MicroFrameworkPK_v4_1\BuildOutput\ARM\GCC4.2\le\FLASH\release\plak1a_LPC2478\lib\tmp_NativeSample.lib(blockstoragelist.obj)
                0x80004060                HAL_DblLinkedList<BlockStorageDevice>::Initialize()
 .text._ZN16BlockStorageList10InitializeEv
                0x800040a0       0x38 Z:\home\Develop\software\NETMF-LPC\MicroFrameworkPK_v4_1\BuildOutput\ARM\GCC4.2\le\FLASH\release\plak1a_LPC2478\lib\tmp_NativeSample.lib(blockstoragelist.obj)
                0x800040a0                BlockStorageList::Initialize()
 .text._ZN17HAL_DblLinkedNodeI18BlockStorageDeviceE14RemoveFromListEv
                0x800040d8       0x18 Z:\home\Develop\software\NETMF-LPC\MicroFrameworkPK_v4_1\BuildOutput\ARM\GCC4.2\le\FLASH\release\plak1a_LPC2478\lib\tmp_NativeSample.lib(blockstoragelist.obj)
                0x800040d8                HAL_DblLinkedNode<BlockStorageDevice>::RemoveFromList()
 .text._ZN17HAL_DblLinkedListI18BlockStorageDeviceE6InsertEPS0_S2_S2_
                0x800040f0       0x14 Z:\home\Develop\software\NETMF-LPC\MicroFrameworkPK_v4_1\BuildOutput\ARM\GCC4.2\le\FLASH\release\plak1a_LPC2478\lib\tmp_NativeSample.lib(blockstoragelist.obj)
                0x800040f0                HAL_DblLinkedList<BlockStorageDevice>::Insert(BlockStorageDevice*, BlockStorageDevice*, BlockStorageDevice*)
 .text._ZN17HAL_DblLinkedListI18BlockStorageDeviceE16InsertBeforeNodeEPS0_S2_
                0x80004104       0x60 Z:\home\Develop\software\NETMF-LPC\MicroFrameworkPK_v4_1\BuildOutput\ARM\GCC4.2\le\FLASH\release\plak1a_LPC2478\lib\tmp_NativeSample.lib(blockstoragelist.obj)
                0x80004104                HAL_DblLinkedList<BlockStorageDevice>::InsertBeforeNode(BlockStorageDevice*, BlockStorageDevice*)
 .text._ZN17HAL_DblLinkedListI18BlockStorageDeviceE10LinkAtBackEPS0_
                0x80004164       0x40 Z:\home\Develop\software\NETMF-LPC\MicroFrameworkPK_v4_1\BuildOutput\ARM\GCC4.2\le\FLASH\release\plak1a_LPC2478\lib\tmp_NativeSample.lib(blockstoragelist.obj)
                0x80004164                HAL_DblLinkedList<BlockStorageDevice>::LinkAtBack(BlockStorageDevice*)
 .text._ZN18BlockStorageStream10NextStreamEv
                0x800041a4      0x1e4 Z:\home\Develop\software\NETMF-LPC\MicroFrameworkPK_v4_1\BuildOutput\ARM\GCC4.2\le\FLASH\release\plak1a_LPC2478\lib\tmp_NativeSample.lib(blockstoragelist.obj)
                0x800041a4                BlockStorageStream::NextStream()
 .text._ZN18BlockStorageStream4ReadEPPhj
                0x80004388      0x130 Z:\home\Develop\software\NETMF-LPC\MicroFrameworkPK_v4_1\BuildOutput\ARM\GCC4.2\le\FLASH\release\plak1a_LPC2478\lib\tmp_NativeSample.lib(blockstoragelist.obj)
                0x80004388                BlockStorageStream::Read(unsigned char**, unsigned int)
 .text._ZN18BlockStorageStream10InitializeEjP18BlockStorageDevice
                0x800044b8       0xa4 Z:\home\Develop\software\NETMF-LPC\MicroFrameworkPK_v4_1\BuildOutput\ARM\GCC4.2\le\FLASH\release\plak1a_LPC2478\lib\tmp_NativeSample.lib(blockstoragelist.obj)
                0x800044b8                BlockStorageStream::Initialize(unsigned int, BlockStorageDevice*)
 .text._ZN18BlockStorageStream10InitializeEj
                0x8000455c       0x20 Z:\home\Develop\software\NETMF-LPC\MicroFrameworkPK_v4_1\BuildOutput\ARM\GCC4.2\le\FLASH\release\plak1a_LPC2478\lib\tmp_NativeSample.lib(blockstoragelist.obj)
                0x8000455c                BlockStorageStream::Initialize(unsigned int)
 .text._ZN16BlockStorageList9AddDeviceEP18BlockStorageDeviceP19IBlockStorageDevicePvj
                0x8000457c       0x9c Z:\home\Develop\software\NETMF-LPC\MicroFrameworkPK_v4_1\BuildOutput\ARM\GCC4.2\le\FLASH\release\plak1a_LPC2478\lib\tmp_NativeSample.lib(blockstoragelist.obj)
                0x8000457c                BlockStorageList::AddDevice(BlockStorageDevice*, IBlockStorageDevice*, void*, unsigned int)
 .text._ZN16BlockStorageList17InitializeDevicesEv
                0x80004618       0xf4 Z:\home\Develop\software\NETMF-LPC\MicroFrameworkPK_v4_1\BuildOutput\ARM\GCC4.2\le\FLASH\release\plak1a_LPC2478\lib\tmp_NativeSample.lib(blockstoragelist.obj)
                0x80004618                BlockStorageList::InitializeDevices()
 .text._Z29CPU_ProtectCommunicationGPIOsj
                0x8000470c       0x68 Z:\home\Develop\software\NETMF-LPC\MicroFrameworkPK_v4_1\BuildOutput\ARM\GCC4.2\le\FLASH\release\plak1a_LPC2478\lib\tmp_NativeSample.lib(ComDirector.obj)
                0x8000470c                CPU_ProtectCommunicationGPIOs(unsigned int)
 .text._Z27CPU_InitializeCommunicationv
                0x80004774      0x110 Z:\home\Develop\software\NETMF-LPC\MicroFrameworkPK_v4_1\BuildOutput\ARM\GCC4.2\le\FLASH\release\plak1a_LPC2478\lib\tmp_NativeSample.lib(ComDirector.obj)
                0x80004774                CPU_InitializeCommunication()
 .text._Z18DebuggerPort_Flushi
                0x80004884       0x6c Z:\home\Develop\software\NETMF-LPC\MicroFrameworkPK_v4_1\BuildOutput\ARM\GCC4.2\le\FLASH\release\plak1a_LPC2478\lib\tmp_NativeSample.lib(ComDirector.obj)
                0x80004884                DebuggerPort_Flush(int)
 .text._Z18DebuggerPort_WriteiPKcj
                0x800048f0      0x108 Z:\home\Develop\software\NETMF-LPC\MicroFrameworkPK_v4_1\BuildOutput\ARM\GCC4.2\le\FLASH\release\plak1a_LPC2478\lib\tmp_NativeSample.lib(ComDirector.obj)
                0x800048f0                DebuggerPort_Write(int, char const*, unsigned int)
 .text._Z22LCD_WriteFormattedCharh
                0x800049f8       0x1c Z:\home\Develop\software\NETMF-LPC\MicroFrameworkPK_v4_1\BuildOutput\ARM\GCC4.2\le\FLASH\release\plak1a_LPC2478\lib\tmp_NativeSample.lib(Display_stubs_functions.obj)
                0x800049f8                LCD_WriteFormattedChar(unsigned char)
 .text._Z13LCD_WriteCharhii
                0x80004a14       0x1c Z:\home\Develop\software\NETMF-LPC\MicroFrameworkPK_v4_1\BuildOutput\ARM\GCC4.2\le\FLASH\release\plak1a_LPC2478\lib\tmp_NativeSample.lib(Display_stubs_functions.obj)
                0x80004a14                LCD_WriteChar(unsigned char, int, int)
 .text._Z9LCD_Clearv
                0x80004a30       0x1c Z:\home\Develop\software\NETMF-LPC\MicroFrameworkPK_v4_1\BuildOutput\ARM\GCC4.2\le\FLASH\release\plak1a_LPC2478\lib\tmp_NativeSample.lib(Display_stubs_functions.obj)
                0x80004a30                LCD_Clear()
 .text._Z14LCD_Initializev
                0x80004a4c       0x1c Z:\home\Develop\software\NETMF-LPC\MicroFrameworkPK_v4_1\BuildOutput\ARM\GCC4.2\le\FLASH\release\plak1a_LPC2478\lib\tmp_NativeSample.lib(Display_stubs_functions.obj)
                0x80004a4c                LCD_Initialize()
 .text._Z20BackLight_Initializev
                0x80004a68        0x8 Z:\home\Develop\software\NETMF-LPC\MicroFrameworkPK_v4_1\BuildOutput\ARM\GCC4.2\le\FLASH\release\plak1a_LPC2478\lib\tmp_NativeSample.lib(fastcompile_backlight_stubs.obj)
                0x80004a68                BackLight_Initialize()
 .text._Z18Charger_Initializev
                0x80004a70        0x8 Z:\home\Develop\software\NETMF-LPC\MicroFrameworkPK_v4_1\BuildOutput\ARM\GCC4.2\le\FLASH\release\plak1a_LPC2478\lib\tmp_NativeSample.lib(fastcompile_batterycharger_stubs.obj)
                0x80004a70                Charger_Initialize()
 .text._Z18Battery_Initializev
                0x80004a78        0x8 Z:\home\Develop\software\NETMF-LPC\MicroFrameworkPK_v4_1\BuildOutput\ARM\GCC4.2\le\FLASH\release\plak1a_LPC2478\lib\tmp_NativeSample.lib(fastcompile_BatteryMeasurement_stubs.obj)
                0x80004a78                Battery_Initialize()
 .text._Z13FS_AddVolumesv
                0x80004a80        0x4 Z:\home\Develop\software\NETMF-LPC\MicroFrameworkPK_v4_1\BuildOutput\ARM\GCC4.2\le\FLASH\release\plak1a_LPC2478\lib\tmp_NativeSample.lib(FS_config_stubs.obj)
                0x80004a80                FS_AddVolumes()
 .text._Z13FS_Initializev
                0x80004a84        0x4 Z:\home\Develop\software\NETMF-LPC\MicroFrameworkPK_v4_1\BuildOutput\ARM\GCC4.2\le\FLASH\release\plak1a_LPC2478\lib\tmp_NativeSample.lib(fs_stubs.obj)
                0x80004a84                FS_Initialize()
 .text._ZN20FileSystemVolumeList10InitializeEv
                0x80004a88        0x4 Z:\home\Develop\software\NETMF-LPC\MicroFrameworkPK_v4_1\BuildOutput\ARM\GCC4.2\le\FLASH\release\plak1a_LPC2478\lib\tmp_NativeSample.lib(fs_stubs.obj)
                0x80004a88                FileSystemVolumeList::Initialize()
 .text._ZN20FileSystemVolumeList17InitializeVolumesEv
                0x80004a8c        0x8 Z:\home\Develop\software\NETMF-LPC\MicroFrameworkPK_v4_1\BuildOutput\ARM\GCC4.2\le\FLASH\release\plak1a_LPC2478\lib\tmp_NativeSample.lib(fs_stubs.obj)
                0x80004a8c                FileSystemVolumeList::InitializeVolumes()
 .text._Z18Gesture_Initializev
                0x80004a94        0x8 Z:\home\Develop\software\NETMF-LPC\MicroFrameworkPK_v4_1\BuildOutput\ARM\GCC4.2\le\FLASH\release\plak1a_LPC2478\lib\tmp_NativeSample.lib(gesture_stubs.obj)
                0x80004a94                Gesture_Initialize()
 .text._ZN18GPIO_BUTTON_Driver16HW_To_Hal_ButtonEj
                0x80004a9c       0x38 Z:\home\Develop\software\NETMF-LPC\MicroFrameworkPK_v4_1\BuildOutput\ARM\GCC4.2\le\FLASH\release\plak1a_LPC2478\lib\tmp_NativeSample.lib(GPIO_Buttons_fastcompile.obj)
                0x80004a9c                GPIO_BUTTON_Driver::HW_To_Hal_Button(unsigned int)
 .text._Z24Buttons_HW_To_Hal_Buttonj
                0x80004ad4       0x1c Z:\home\Develop\software\NETMF-LPC\MicroFrameworkPK_v4_1\BuildOutput\ARM\GCC4.2\le\FLASH\release\plak1a_LPC2478\lib\tmp_NativeSample.lib(GPIO_Buttons_fastcompile.obj)
                0x80004ad4                Buttons_HW_To_Hal_Button(unsigned int)
 .text._ZN19Hal_Queue_KnownSizeIN18GPIO_BUTTON_Driver19BUTTON_STATE_CHANGEELj64EE10InitializeEv
                0x80004af0       0x14 Z:\home\Develop\software\NETMF-LPC\MicroFrameworkPK_v4_1\BuildOutput\ARM\GCC4.2\le\FLASH\release\plak1a_LPC2478\lib\tmp_NativeSample.lib(GPIO_Buttons_fastcompile.obj)
                0x80004af0                Hal_Queue_KnownSize<GPIO_BUTTON_Driver::BUTTON_STATE_CHANGE, 64u>::Initialize()
 .text._ZN19Hal_Queue_KnownSizeIN18GPIO_BUTTON_Driver19BUTTON_STATE_CHANGEELj64EE4PushEv
                0x80004b04       0x40 Z:\home\Develop\software\NETMF-LPC\MicroFrameworkPK_v4_1\BuildOutput\ARM\GCC4.2\le\FLASH\release\plak1a_LPC2478\lib\tmp_NativeSample.lib(GPIO_Buttons_fastcompile.obj)
                0x80004b04                Hal_Queue_KnownSize<GPIO_BUTTON_Driver::BUTTON_STATE_CHANGE, 64u>::Push()
 .text._ZN18GPIO_BUTTON_Driver14CurrentHWStateEv
                0x80004b44       0x5c Z:\home\Develop\software\NETMF-LPC\MicroFrameworkPK_v4_1\BuildOutput\ARM\GCC4.2\le\FLASH\release\plak1a_LPC2478\lib\tmp_NativeSample.lib(GPIO_Buttons_fastcompile.obj)
                0x80004b44                GPIO_BUTTON_Driver::CurrentHWState()
 .text._Z22Buttons_CurrentHWStatev
                0x80004ba0       0x1c Z:\home\Develop\software\NETMF-LPC\MicroFrameworkPK_v4_1\BuildOutput\ARM\GCC4.2\le\FLASH\release\plak1a_LPC2478\lib\tmp_NativeSample.lib(GPIO_Buttons_fastcompile.obj)
                0x80004ba0                Buttons_CurrentHWState()
 .text._ZN18GPIO_BUTTON_Driver19RegisterStateChangeEjj
                0x80004bbc       0xe8 Z:\home\Develop\software\NETMF-LPC\MicroFrameworkPK_v4_1\BuildOutput\ARM\GCC4.2\le\FLASH\release\plak1a_LPC2478\lib\tmp_NativeSample.lib(GPIO_Buttons_fastcompile.obj)
                0x80004bbc                GPIO_BUTTON_Driver::RegisterStateChange(unsigned int, unsigned int)
 .text._Z27Buttons_RegisterStateChangejj
                0x80004ca4       0x1c Z:\home\Develop\software\NETMF-LPC\MicroFrameworkPK_v4_1\BuildOutput\ARM\GCC4.2\le\FLASH\release\plak1a_LPC2478\lib\tmp_NativeSample.lib(GPIO_Buttons_fastcompile.obj)
                0x80004ca4                Buttons_RegisterStateChange(unsigned int, unsigned int)
 .text._ZN18GPIO_BUTTON_Driver3ISREjjPv
                0x80004cc0       0x40 Z:\home\Develop\software\NETMF-LPC\MicroFrameworkPK_v4_1\BuildOutput\ARM\GCC4.2\le\FLASH\release\plak1a_LPC2478\lib\tmp_NativeSample.lib(GPIO_Buttons_fastcompile.obj)
                0x80004cc0                GPIO_BUTTON_Driver::ISR(unsigned int, unsigned int, void*)
 .text._ZN18GPIO_BUTTON_Driver10InitializeEv
                0x80004d00       0xd0 Z:\home\Develop\software\NETMF-LPC\MicroFrameworkPK_v4_1\BuildOutput\ARM\GCC4.2\le\FLASH\release\plak1a_LPC2478\lib\tmp_NativeSample.lib(GPIO_Buttons_fastcompile.obj)
                0x80004d00                GPIO_BUTTON_Driver::Initialize()
 .text._Z18Buttons_Initializev
                0x80004dd0       0x1c Z:\home\Develop\software\NETMF-LPC\MicroFrameworkPK_v4_1\BuildOutput\ARM\GCC4.2\le\FLASH\release\plak1a_LPC2478\lib\tmp_NativeSample.lib(GPIO_Buttons_fastcompile.obj)
                0x80004dd0                Buttons_Initialize()
 .text._Z12HeapLocationRPhRj
                0x80004dec       0x20 Z:\home\Develop\software\NETMF-LPC\MicroFrameworkPK_v4_1\BuildOutput\ARM\GCC4.2\le\FLASH\release\plak1a_LPC2478\lib\tmp_NativeSample.lib(heap.obj)
                0x80004dec                HeapLocation(unsigned char*&, unsigned int&)
 .text._ZN10I2C_Driver10InitializeEv
                0x80004e0c       0x88 Z:\home\Develop\software\NETMF-LPC\MicroFrameworkPK_v4_1\BuildOutput\ARM\GCC4.2\le\FLASH\release\plak1a_LPC2478\lib\tmp_NativeSample.lib(i2c.obj)
                0x80004e0c                I2C_Driver::Initialize()
 .text._Z14I2C_Initializev
                0x80004e94       0x1c Z:\home\Develop\software\NETMF-LPC\MicroFrameworkPK_v4_1\BuildOutput\ARM\GCC4.2\le\FLASH\release\plak1a_LPC2478\lib\tmp_NativeSample.lib(i2c.obj)
                0x80004e94                I2C_Initialize()
 .text._ZN15I2C_HAL_XACTION6SignalEhj
                0x80004eb0       0x40 Z:\home\Develop\software\NETMF-LPC\MicroFrameworkPK_v4_1\BuildOutput\ARM\GCC4.2\le\FLASH\release\plak1a_LPC2478\lib\tmp_NativeSample.lib(i2c.obj)
                0x80004eb0                I2C_HAL_XACTION::Signal(unsigned char, unsigned int)
 .text._Z14Ink_Initializev
                0x80004ef0        0x8 Z:\home\Develop\software\NETMF-LPC\MicroFrameworkPK_v4_1\BuildOutput\ARM\GCC4.2\le\FLASH\release\plak1a_LPC2478\lib\tmp_NativeSample.lib(ink_stubs.obj)
                0x80004ef0                Ink_Initialize()
 .text._ZN19LPC24XX_GPIO_Driver18PIN_ISR_DESCRIPTOR4FireEPv
                0x80004ef8       0x28 Z:\home\Develop\software\NETMF-LPC\MicroFrameworkPK_v4_1\BuildOutput\ARM\GCC4.2\le\FLASH\release\plak1a_LPC2478\lib\tmp_NativeSample.lib(LPC24XX__GPIO.obj)
                0x80004ef8                LPC24XX_GPIO_Driver::PIN_ISR_DESCRIPTOR::Fire(void*)
 .text._ZN19LPC24XX_GPIO_Driver8GPIO_ISREPv
                0x80004f20      0x204 Z:\home\Develop\software\NETMF-LPC\MicroFrameworkPK_v4_1\BuildOutput\ARM\GCC4.2\le\FLASH\release\plak1a_LPC2478\lib\tmp_NativeSample.lib(LPC24XX__GPIO.obj)
                0x80004f20                LPC24XX_GPIO_Driver::GPIO_ISR(void*)
 .text._ZN19LPC24XX_GPIO_Driver14STUB_ISRVectorEjjPv
                0x80005124       0x28 Z:\home\Develop\software\NETMF-LPC\MicroFrameworkPK_v4_1\BuildOutput\ARM\GCC4.2\le\FLASH\release\plak1a_LPC2478\lib\tmp_NativeSample.lib(LPC24XX__GPIO.obj)
                0x80005124                LPC24XX_GPIO_Driver::STUB_ISRVector(unsigned int, unsigned int, void*)
 .text._ZN19LPC24XX_GPIO_Driver11SetDebounceEx
                0x8000514c       0x70 Z:\home\Develop\software\NETMF-LPC\MicroFrameworkPK_v4_1\BuildOutput\ARM\GCC4.2\le\FLASH\release\plak1a_LPC2478\lib\tmp_NativeSample.lib(LPC24XX__GPIO.obj)
                0x8000514c                LPC24XX_GPIO_Driver::SetDebounce(long long)
 .text._Z20CPU_GPIO_SetDebouncex
                0x800051bc       0x1c Z:\home\Develop\software\NETMF-LPC\MicroFrameworkPK_v4_1\BuildOutput\ARM\GCC4.2\le\FLASH\release\plak1a_LPC2478\lib\tmp_NativeSample.lib(LPC24XX__GPIO.obj)
                0x800051bc                CPU_GPIO_SetDebounce(long long)
 .text._ZN19LPC24XX_GPIO_Driver14PinToPCBRegBitEj
                0x800051d8       0x2c Z:\home\Develop\software\NETMF-LPC\MicroFrameworkPK_v4_1\BuildOutput\ARM\GCC4.2\le\FLASH\release\plak1a_LPC2478\lib\tmp_NativeSample.lib(LPC24XX__GPIO.obj)
                0x800051d8                LPC24XX_GPIO_Driver::PinToPCBRegBit(unsigned int)
 .text._ZN19LPC24XX_GPIO_Driver11PinToPCBRegEj
                0x80005204       0x28 Z:\home\Develop\software\NETMF-LPC\MicroFrameworkPK_v4_1\BuildOutput\ARM\GCC4.2\le\FLASH\release\plak1a_LPC2478\lib\tmp_NativeSample.lib(LPC24XX__GPIO.obj)
                0x80005204                LPC24XX_GPIO_Driver::PinToPCBReg(unsigned int)
 .text._ZN19LPC24XX_GPIO_Driver10DisablePinEj13GPIO_RESISTORj13GPIO_ALT_MODE
                0x8000522c       0xb4 Z:\home\Develop\software\NETMF-LPC\MicroFrameworkPK_v4_1\BuildOutput\ARM\GCC4.2\le\FLASH\release\plak1a_LPC2478\lib\tmp_NativeSample.lib(LPC24XX__GPIO.obj)
                0x8000522c                LPC24XX_GPIO_Driver::DisablePin(unsigned int, GPIO_RESISTOR, unsigned int, GPIO_ALT_MODE)
 .text._Z19CPU_GPIO_DisablePinj13GPIO_RESISTORj13GPIO_ALT_MODE
                0x800052e0       0x1c Z:\home\Develop\software\NETMF-LPC\MicroFrameworkPK_v4_1\BuildOutput\ARM\GCC4.2\le\FLASH\release\plak1a_LPC2478\lib\tmp_NativeSample.lib(LPC24XX__GPIO.obj)
                0x800052e0                CPU_GPIO_DisablePin(unsigned int, GPIO_RESISTOR, unsigned int, GPIO_ALT_MODE)
 .text._ZN19LPC24XX_GPIO_Driver8PinToBitEj
                0x800052fc       0x28 Z:\home\Develop\software\NETMF-LPC\MicroFrameworkPK_v4_1\BuildOutput\ARM\GCC4.2\le\FLASH\release\plak1a_LPC2478\lib\tmp_NativeSample.lib(LPC24XX__GPIO.obj)
                0x800052fc                LPC24XX_GPIO_Driver::PinToBit(unsigned int)
 .text._ZN19LPC24XX_GPIO_Driver9PinToPortEj
                0x80005324       0x28 Z:\home\Develop\software\NETMF-LPC\MicroFrameworkPK_v4_1\BuildOutput\ARM\GCC4.2\le\FLASH\release\plak1a_LPC2478\lib\tmp_NativeSample.lib(LPC24XX__GPIO.obj)
                0x80005324                LPC24XX_GPIO_Driver::PinToPort(unsigned int)
 .text._ZN19LPC24XX_GPIO_Driver11SetPinStateEjj
                0x8000534c       0xc0 Z:\home\Develop\software\NETMF-LPC\MicroFrameworkPK_v4_1\BuildOutput\ARM\GCC4.2\le\FLASH\release\plak1a_LPC2478\lib\tmp_NativeSample.lib(LPC24XX__GPIO.obj)
                0x8000534c                LPC24XX_GPIO_Driver::SetPinState(unsigned int, unsigned int)
 .text._Z20CPU_GPIO_SetPinStatejj
                0x8000540c       0x1c Z:\home\Develop\software\NETMF-LPC\MicroFrameworkPK_v4_1\BuildOutput\ARM\GCC4.2\le\FLASH\release\plak1a_LPC2478\lib\tmp_NativeSample.lib(LPC24XX__GPIO.obj)
                0x8000540c                CPU_GPIO_SetPinState(unsigned int, unsigned int)
 .text._ZN19LPC24XX_GPIO_Driver11GetPinStateEj
                0x80005428       0x68 Z:\home\Develop\software\NETMF-LPC\MicroFrameworkPK_v4_1\BuildOutput\ARM\GCC4.2\le\FLASH\release\plak1a_LPC2478\lib\tmp_NativeSample.lib(LPC24XX__GPIO.obj)
                0x80005428                LPC24XX_GPIO_Driver::GetPinState(unsigned int)
 .text._Z20CPU_GPIO_GetPinStatej
                0x80005490       0x1c Z:\home\Develop\software\NETMF-LPC\MicroFrameworkPK_v4_1\BuildOutput\ARM\GCC4.2\le\FLASH\release\plak1a_LPC2478\lib\tmp_NativeSample.lib(LPC24XX__GPIO.obj)
                0x80005490                CPU_GPIO_GetPinState(unsigned int)
 .text._ZN19LPC24XX_GPIO_Driver15EnableOutputPinEjj
                0x800054ac      0x104 Z:\home\Develop\software\NETMF-LPC\MicroFrameworkPK_v4_1\BuildOutput\ARM\GCC4.2\le\FLASH\release\plak1a_LPC2478\lib\tmp_NativeSample.lib(LPC24XX__GPIO.obj)
                0x800054ac                LPC24XX_GPIO_Driver::EnableOutputPin(unsigned int, unsigned int)
 .text._Z24CPU_GPIO_EnableOutputPinjj
                0x800055b0       0x1c Z:\home\Develop\software\NETMF-LPC\MicroFrameworkPK_v4_1\BuildOutput\ARM\GCC4.2\le\FLASH\release\plak1a_LPC2478\lib\tmp_NativeSample.lib(LPC24XX__GPIO.obj)
                0x800055b0                CPU_GPIO_EnableOutputPin(unsigned int, unsigned int)
 .text._ZN19LPC24XX_GPIO_Driver14EnableInputPinEjjPFvjjPvES0_13GPIO_INT_EDGE13GPIO_RESISTOR
                0x800055cc      0x240 Z:\home\Develop\software\NETMF-LPC\MicroFrameworkPK_v4_1\BuildOutput\ARM\GCC4.2\le\FLASH\release\plak1a_LPC2478\lib\tmp_NativeSample.lib(LPC24XX__GPIO.obj)
                0x800055cc                LPC24XX_GPIO_Driver::EnableInputPin(unsigned int, unsigned int, void (*)(unsigned int, unsigned int, void*), void*, GPIO_INT_EDGE, GPIO_RESISTOR)
 .text._Z24CPU_GPIO_EnableInputPin2jjPFvjjPvES_13GPIO_INT_EDGE13GPIO_RESISTOR
                0x8000580c       0x28 Z:\home\Develop\software\NETMF-LPC\MicroFrameworkPK_v4_1\BuildOutput\ARM\GCC4.2\le\FLASH\release\plak1a_LPC2478\lib\tmp_NativeSample.lib(LPC24XX__GPIO.obj)
                0x8000580c                CPU_GPIO_EnableInputPin2(unsigned int, unsigned int, void (*)(unsigned int, unsigned int, void*), void*, GPIO_INT_EDGE, GPIO_RESISTOR)
 .text._Z23CPU_GPIO_EnableInputPinjjPFvjjPvE13GPIO_INT_EDGE13GPIO_RESISTOR
                0x80005834       0x28 Z:\home\Develop\software\NETMF-LPC\MicroFrameworkPK_v4_1\BuildOutput\ARM\GCC4.2\le\FLASH\release\plak1a_LPC2478\lib\tmp_NativeSample.lib(LPC24XX__GPIO.obj)
                0x80005834                CPU_GPIO_EnableInputPin(unsigned int, unsigned int, void (*)(unsigned int, unsigned int, void*), GPIO_INT_EDGE, GPIO_RESISTOR)
 .text._ZN19LPC24XX_GPIO_Driver10InitializeEv
                0x8000585c       0xd8 Z:\home\Develop\software\NETMF-LPC\MicroFrameworkPK_v4_1\BuildOutput\ARM\GCC4.2\le\FLASH\release\plak1a_LPC2478\lib\tmp_NativeSample.lib(LPC24XX__GPIO.obj)
                0x8000585c                LPC24XX_GPIO_Driver::Initialize()
 .text._Z19CPU_GPIO_Initializev
                0x80005934       0x1c Z:\home\Develop\software\NETMF-LPC\MicroFrameworkPK_v4_1\BuildOutput\ARM\GCC4.2\le\FLASH\release\plak1a_LPC2478\lib\tmp_NativeSample.lib(LPC24XX__GPIO.obj)
                0x80005934                CPU_GPIO_Initialize()
 .text._ZN15I2C_HAL_XACTION18ProcessingLastUnitEv
                0x80005950       0x18 Z:\home\Develop\software\NETMF-LPC\MicroFrameworkPK_v4_1\BuildOutput\ARM\GCC4.2\le\FLASH\release\plak1a_LPC2478\lib\tmp_NativeSample.lib(LPC24XX__I2C.obj)
                0x80005950                I2C_HAL_XACTION::ProcessingLastUnit()
 .text._ZN18LPC24XX_I2C_Driver19MasterXAction_StartEP15I2C_HAL_XACTIONb
                0x80005968       0x58 Z:\home\Develop\software\NETMF-LPC\MicroFrameworkPK_v4_1\BuildOutput\ARM\GCC4.2\le\FLASH\release\plak1a_LPC2478\lib\tmp_NativeSample.lib(LPC24XX__I2C.obj)
                0x80005968                LPC24XX_I2C_Driver::MasterXAction_Start(I2C_HAL_XACTION*, bool)
 .text._ZN18LPC24XX_I2C_Driver18MasterXAction_StopEv
                0x800059c0       0x30 Z:\home\Develop\software\NETMF-LPC\MicroFrameworkPK_v4_1\BuildOutput\ARM\GCC4.2\le\FLASH\release\plak1a_LPC2478\lib\tmp_NativeSample.lib(LPC24XX__I2C.obj)
                0x800059c0                LPC24XX_I2C_Driver::MasterXAction_Stop()
 .text._Z24I2C_Internal_XActionStopv
                0x800059f0       0x1c Z:\home\Develop\software\NETMF-LPC\MicroFrameworkPK_v4_1\BuildOutput\ARM\GCC4.2\le\FLASH\release\plak1a_LPC2478\lib\tmp_NativeSample.lib(LPC24XX__I2C.obj)
                0x800059f0                I2C_Internal_XActionStop()
 .text._ZN18LPC24XX_I2C_Driver18WriteToSubordinateEP20I2C_HAL_XACTION_UNIT
                0x80005a0c       0x48 Z:\home\Develop\software\NETMF-LPC\MicroFrameworkPK_v4_1\BuildOutput\ARM\GCC4.2\le\FLASH\release\plak1a_LPC2478\lib\tmp_NativeSample.lib(LPC24XX__I2C.obj)
                0x80005a0c                LPC24XX_I2C_Driver::WriteToSubordinate(I2C_HAL_XACTION_UNIT*)
 .text._ZN18LPC24XX_I2C_Driver19ReadFromSubordinateEP20I2C_HAL_XACTION_UNIT
                0x80005a54       0x5c Z:\home\Develop\software\NETMF-LPC\MicroFrameworkPK_v4_1\BuildOutput\ARM\GCC4.2\le\FLASH\release\plak1a_LPC2478\lib\tmp_NativeSample.lib(LPC24XX__I2C.obj)
                0x80005a54                LPC24XX_I2C_Driver::ReadFromSubordinate(I2C_HAL_XACTION_UNIT*)
 .text._ZN18LPC24XX_I2C_Driver3ISREPv
                0x80005ab0      0x1d0 Z:\home\Develop\software\NETMF-LPC\MicroFrameworkPK_v4_1\BuildOutput\ARM\GCC4.2\le\FLASH\release\plak1a_LPC2478\lib\tmp_NativeSample.lib(LPC24XX__I2C.obj)
                0x80005ab0                LPC24XX_I2C_Driver::ISR(void*)
 .text._ZN18LPC24XX_I2C_Driver10InitializeEv
                0x80005c80       0x94 Z:\home\Develop\software\NETMF-LPC\MicroFrameworkPK_v4_1\BuildOutput\ARM\GCC4.2\le\FLASH\release\plak1a_LPC2478\lib\tmp_NativeSample.lib(LPC24XX__I2C.obj)
                0x80005c80                LPC24XX_I2C_Driver::Initialize()
 .text._Z23I2C_Internal_Initializev
                0x80005d14       0x1c Z:\home\Develop\software\NETMF-LPC\MicroFrameworkPK_v4_1\BuildOutput\ARM\GCC4.2\le\FLASH\release\plak1a_LPC2478\lib\tmp_NativeSample.lib(LPC24XX__I2C.obj)
                0x80005d14                I2C_Internal_Initialize()
 .text._ZN11LPC24XX_SPI19ConfigurationToModeERK17SPI_CONFIGURATION
                0x80005d30       0x30 Z:\home\Develop\software\NETMF-LPC\MicroFrameworkPK_v4_1\BuildOutput\ARM\GCC4.2\le\FLASH\release\plak1a_LPC2478\lib\tmp_NativeSample.lib(LPC24XX__SPI.obj)
                0x80005d30                LPC24XX_SPI::ConfigurationToMode(SPI_CONFIGURATION const&)
 .text._ZN18LPC24XX_SPI_Driver22Xaction_nWrite8_nRead8ER13SPI_XACTION_8
                0x80005d60      0x138 Z:\home\Develop\software\NETMF-LPC\MicroFrameworkPK_v4_1\BuildOutput\ARM\GCC4.2\le\FLASH\release\plak1a_LPC2478\lib\tmp_NativeSample.lib(LPC24XX__SPI.obj)
                0x80005d60                LPC24XX_SPI_Driver::Xaction_nWrite8_nRead8(SPI_XACTION_8&)
 .text._ZN18LPC24XX_SPI_Driver12Xaction_StopERK17SPI_CONFIGURATION
                0x80005e98       0xa8 Z:\home\Develop\software\NETMF-LPC\MicroFrameworkPK_v4_1\BuildOutput\ARM\GCC4.2\le\FLASH\release\plak1a_LPC2478\lib\tmp_NativeSample.lib(LPC24XX__SPI.obj)
                0x80005e98                LPC24XX_SPI_Driver::Xaction_Stop(SPI_CONFIGURATION const&)
 .text._ZN18LPC24XX_SPI_Driver13Xaction_StartERK17SPI_CONFIGURATION
                0x80005f40       0xd4 Z:\home\Develop\software\NETMF-LPC\MicroFrameworkPK_v4_1\BuildOutput\ARM\GCC4.2\le\FLASH\release\plak1a_LPC2478\lib\tmp_NativeSample.lib(LPC24XX__SPI.obj)
                0x80005f40                LPC24XX_SPI_Driver::Xaction_Start(SPI_CONFIGURATION const&)
 .text._ZN18LPC24XX_SPI_Driver14nWrite8_nRead8ERK17SPI_CONFIGURATIONPhiS3_ii
                0x80006014      0x108 Z:\home\Develop\software\NETMF-LPC\MicroFrameworkPK_v4_1\BuildOutput\ARM\GCC4.2\le\FLASH\release\plak1a_LPC2478\lib\tmp_NativeSample.lib(LPC24XX__SPI.obj)
                0x80006014                LPC24XX_SPI_Driver::nWrite8_nRead8(SPI_CONFIGURATION const&, unsigned char*, int, unsigned char*, int, int)
 .text._Z22CPU_SPI_nWrite8_nRead8RK17SPI_CONFIGURATIONPhiS2_ii
                0x8000611c       0x2c Z:\home\Develop\software\NETMF-LPC\MicroFrameworkPK_v4_1\BuildOutput\ARM\GCC4.2\le\FLASH\release\plak1a_LPC2478\lib\tmp_NativeSample.lib(LPC24XX__SPI.obj)
                0x8000611c                CPU_SPI_nWrite8_nRead8(SPI_CONFIGURATION const&, unsigned char*, int, unsigned char*, int, int)
 .text._ZN18LPC24XX_SPI_Driver10InitializeEv
                0x80006148       0x60 Z:\home\Develop\software\NETMF-LPC\MicroFrameworkPK_v4_1\BuildOutput\ARM\GCC4.2\le\FLASH\release\plak1a_LPC2478\lib\tmp_NativeSample.lib(LPC24XX__SPI.obj)
                0x80006148                LPC24XX_SPI_Driver::Initialize()
 .text._Z18CPU_SPI_Initializev
                0x800061a8       0x1c Z:\home\Develop\software\NETMF-LPC\MicroFrameworkPK_v4_1\BuildOutput\ARM\GCC4.2\le\FLASH\release\plak1a_LPC2478\lib\tmp_NativeSample.lib(LPC24XX__SPI.obj)
                0x800061a8                CPU_SPI_Initialize()
 .text._ZN7LPC24XX4UARTEi
                0x800061c4       0x60 Z:\home\Develop\software\NETMF-LPC\MicroFrameworkPK_v4_1\BuildOutput\ARM\GCC4.2\le\FLASH\release\plak1a_LPC2478\lib\tmp_NativeSample.lib(LPC24XX__USART.obj)
                0x800061c4                LPC24XX::UART(int)
 .text._ZN20LPC24XX_USART_Driver27TxBufferEmptyInterruptStateEi
                0x80006224       0x34 Z:\home\Develop\software\NETMF-LPC\MicroFrameworkPK_v4_1\BuildOutput\ARM\GCC4.2\le\FLASH\release\plak1a_LPC2478\lib\tmp_NativeSample.lib(LPC24XX__USART.obj)
                0x80006224                LPC24XX_USART_Driver::TxBufferEmptyInterruptState(int)
 .text._Z37CPU_USART_TxBufferEmptyInterruptStatei
                0x80006258       0x1c Z:\home\Develop\software\NETMF-LPC\MicroFrameworkPK_v4_1\BuildOutput\ARM\GCC4.2\le\FLASH\release\plak1a_LPC2478\lib\tmp_NativeSample.lib(LPC24XX__USART.obj)
                0x80006258                CPU_USART_TxBufferEmptyInterruptState(int)
 .text._ZN20LPC24XX_USART_Driver20TxShiftRegisterEmptyEi
                0x80006274       0x28 Z:\home\Develop\software\NETMF-LPC\MicroFrameworkPK_v4_1\BuildOutput\ARM\GCC4.2\le\FLASH\release\plak1a_LPC2478\lib\tmp_NativeSample.lib(LPC24XX__USART.obj)
                0x80006274                LPC24XX_USART_Driver::TxShiftRegisterEmpty(int)
 .text._Z30CPU_USART_TxShiftRegisterEmptyi
                0x8000629c       0x1c Z:\home\Develop\software\NETMF-LPC\MicroFrameworkPK_v4_1\BuildOutput\ARM\GCC4.2\le\FLASH\release\plak1a_LPC2478\lib\tmp_NativeSample.lib(LPC24XX__USART.obj)
                0x8000629c                CPU_USART_TxShiftRegisterEmpty(int)
 .text._ZN20LPC24XX_USART_Driver13TxBufferEmptyEi
                0x800062b8       0x28 Z:\home\Develop\software\NETMF-LPC\MicroFrameworkPK_v4_1\BuildOutput\ARM\GCC4.2\le\FLASH\release\plak1a_LPC2478\lib\tmp_NativeSample.lib(LPC24XX__USART.obj)
                0x800062b8                LPC24XX_USART_Driver::TxBufferEmpty(int)
 .text._ZN20LPC24XX_USART_Driver19WriteCharToTxBufferEih
                0x800062e0       0x48 Z:\home\Develop\software\NETMF-LPC\MicroFrameworkPK_v4_1\BuildOutput\ARM\GCC4.2\le\FLASH\release\plak1a_LPC2478\lib\tmp_NativeSample.lib(LPC24XX__USART.obj)
                0x800062e0                LPC24XX_USART_Driver::WriteCharToTxBuffer(int, unsigned char)
 .text._Z29CPU_USART_WriteCharToTxBufferih
                0x80006328       0x1c Z:\home\Develop\software\NETMF-LPC\MicroFrameworkPK_v4_1\BuildOutput\ARM\GCC4.2\le\FLASH\release\plak1a_LPC2478\lib\tmp_NativeSample.lib(LPC24XX__USART.obj)
                0x80006328                CPU_USART_WriteCharToTxBuffer(int, unsigned char)
 .text._Z23CPU_USART_TxBufferEmptyi
                0x80006344       0x1c Z:\home\Develop\software\NETMF-LPC\MicroFrameworkPK_v4_1\BuildOutput\ARM\GCC4.2\le\FLASH\release\plak1a_LPC2478\lib\tmp_NativeSample.lib(LPC24XX__USART.obj)
                0x80006344                CPU_USART_TxBufferEmpty(int)
 .text._ZN20LPC24XX_USART_Driver27RxBufferFullInterruptEnableEij
                0x80006360       0x6c Z:\home\Develop\software\NETMF-LPC\MicroFrameworkPK_v4_1\BuildOutput\ARM\GCC4.2\le\FLASH\release\plak1a_LPC2478\lib\tmp_NativeSample.lib(LPC24XX__USART.obj)
                0x80006360                LPC24XX_USART_Driver::RxBufferFullInterruptEnable(int, unsigned int)
 .text._Z37CPU_USART_RxBufferFullInterruptEnableij
                0x800063cc       0x1c Z:\home\Develop\software\NETMF-LPC\MicroFrameworkPK_v4_1\BuildOutput\ARM\GCC4.2\le\FLASH\release\plak1a_LPC2478\lib\tmp_NativeSample.lib(LPC24XX__USART.obj)
                0x800063cc                CPU_USART_RxBufferFullInterruptEnable(int, unsigned int)
 .text._ZN20LPC24XX_USART_Driver28TxBufferEmptyInterruptEnableEij
                0x800063e8       0xe4 Z:\home\Develop\software\NETMF-LPC\MicroFrameworkPK_v4_1\BuildOutput\ARM\GCC4.2\le\FLASH\release\plak1a_LPC2478\lib\tmp_NativeSample.lib(LPC24XX__USART.obj)
                0x800063e8                LPC24XX_USART_Driver::TxBufferEmptyInterruptEnable(int, unsigned int)
 .text._ZN20LPC24XX_USART_Driver11ProtectPinsEij
                0x800064cc      0x18c Z:\home\Develop\software\NETMF-LPC\MicroFrameworkPK_v4_1\BuildOutput\ARM\GCC4.2\le\FLASH\release\plak1a_LPC2478\lib\tmp_NativeSample.lib(LPC24XX__USART.obj)
                0x800064cc                LPC24XX_USART_Driver::ProtectPins(int, unsigned int)
 .text._Z21CPU_USART_ProtectPinsij
                0x80006658       0x1c Z:\home\Develop\software\NETMF-LPC\MicroFrameworkPK_v4_1\BuildOutput\ARM\GCC4.2\le\FLASH\release\plak1a_LPC2478\lib\tmp_NativeSample.lib(LPC24XX__USART.obj)
                0x80006658                CPU_USART_ProtectPins(int, unsigned int)
 .text._Z38CPU_USART_TxBufferEmptyInterruptEnableij
                0x80006674       0x1c Z:\home\Develop\software\NETMF-LPC\MicroFrameworkPK_v4_1\BuildOutput\ARM\GCC4.2\le\FLASH\release\plak1a_LPC2478\lib\tmp_NativeSample.lib(LPC24XX__USART.obj)
                0x80006674                CPU_USART_TxBufferEmptyInterruptEnable(int, unsigned int)
 .text._ZN20LPC24XX_USART_Driver10InitializeEiiiiii
                0x80006690      0x210 Z:\home\Develop\software\NETMF-LPC\MicroFrameworkPK_v4_1\BuildOutput\ARM\GCC4.2\le\FLASH\release\plak1a_LPC2478\lib\tmp_NativeSample.lib(LPC24XX__USART.obj)
                0x80006690                LPC24XX_USART_Driver::Initialize(int, int, int, int, int, int)
 .text._Z20CPU_USART_Initializeiiiiii
                0x800068a0       0x2c Z:\home\Develop\software\NETMF-LPC\MicroFrameworkPK_v4_1\BuildOutput\ARM\GCC4.2\le\FLASH\release\plak1a_LPC2478\lib\tmp_NativeSample.lib(LPC24XX__USART.obj)
                0x800068a0                CPU_USART_Initialize(int, int, int, int, int, int)
 .text._Z33CPU_USART_TxHandshakeEnabledStatei
                0x800068cc        0x8 Z:\home\Develop\software\NETMF-LPC\MicroFrameworkPK_v4_1\BuildOutput\ARM\GCC4.2\le\FLASH\release\plak1a_LPC2478\lib\tmp_NativeSample.lib(LPC24XX__USART.obj)
                0x800068cc                CPU_USART_TxHandshakeEnabledState(int)
 .text._ZN20LPC24XX_USART_Driver15UART_IntHandlerEPv
                0x800068d4      0x134 Z:\home\Develop\software\NETMF-LPC\MicroFrameworkPK_v4_1\BuildOutput\ARM\GCC4.2\le\FLASH\release\plak1a_LPC2478\lib\tmp_NativeSample.lib(LPC24XX__USART.obj)
                0x800068d4                LPC24XX_USART_Driver::UART_IntHandler(void*)
 .text._ZN23LPC24XX_WATCHDOG_Driver7DisableEv
                0x80006a08       0x14 Z:\home\Develop\software\NETMF-LPC\MicroFrameworkPK_v4_1\BuildOutput\ARM\GCC4.2\le\FLASH\release\plak1a_LPC2478\lib\tmp_NativeSample.lib(LPC24XX__WATCHDOG.obj)
                0x80006a08                LPC24XX_WATCHDOG_Driver::Disable()
 .text._Z16Watchdog_Disablev
                0x80006a1c       0x1c Z:\home\Develop\software\NETMF-LPC\MicroFrameworkPK_v4_1\BuildOutput\ARM\GCC4.2\le\FLASH\release\plak1a_LPC2478\lib\tmp_NativeSample.lib(LPC24XX__WATCHDOG.obj)
                0x80006a1c                Watchdog_Disable()
 .text._Z13Font_GetGlyphh
                0x80006a38       0x30 Z:\home\Develop\software\NETMF-LPC\MicroFrameworkPK_v4_1\BuildOutput\ARM\GCC4.2\le\FLASH\release\plak1a_LPC2478\lib\tmp_NativeSample.lib(MTF-TQ35SP741-AV.obj)
                0x80006a38                Font_GetGlyph(unsigned char)
 .text._ZN16TQ35SP741_Driver13PixelsPerWordEv
                0x80006a68       0x2c Z:\home\Develop\software\NETMF-LPC\MicroFrameworkPK_v4_1\BuildOutput\ARM\GCC4.2\le\FLASH\release\plak1a_LPC2478\lib\tmp_NativeSample.lib(MTF-TQ35SP741-AV.obj)
                0x80006a68                TQ35SP741_Driver::PixelsPerWord()
 .text._ZN16TQ35SP741_Driver8TextRowsEv
                0x80006a94       0x14 Z:\home\Develop\software\NETMF-LPC\MicroFrameworkPK_v4_1\BuildOutput\ARM\GCC4.2\le\FLASH\release\plak1a_LPC2478\lib\tmp_NativeSample.lib(MTF-TQ35SP741-AV.obj)
                0x80006a94                TQ35SP741_Driver::TextRows()
 .text._ZN16TQ35SP741_Driver11TextColumnsEv
                0x80006aa8       0x14 Z:\home\Develop\software\NETMF-LPC\MicroFrameworkPK_v4_1\BuildOutput\ARM\GCC4.2\le\FLASH\release\plak1a_LPC2478\lib\tmp_NativeSample.lib(MTF-TQ35SP741-AV.obj)
                0x80006aa8                TQ35SP741_Driver::TextColumns()
 .text._ZN16TQ35SP741_Driver12WidthInWordsEv
                0x80006abc       0x44 Z:\home\Develop\software\NETMF-LPC\MicroFrameworkPK_v4_1\BuildOutput\ARM\GCC4.2\le\FLASH\release\plak1a_LPC2478\lib\tmp_NativeSample.lib(MTF-TQ35SP741-AV.obj)
                0x80006abc                TQ35SP741_Driver::WidthInWords()
 .text._ZN16TQ35SP741_Driver11SizeInWordsEv
                0x80006b00       0x2c Z:\home\Develop\software\NETMF-LPC\MicroFrameworkPK_v4_1\BuildOutput\ARM\GCC4.2\le\FLASH\release\plak1a_LPC2478\lib\tmp_NativeSample.lib(MTF-TQ35SP741-AV.obj)
                0x80006b00                TQ35SP741_Driver::SizeInWords()
 .text._ZN16TQ35SP741_Driver11SizeInBytesEv
                0x80006b2c       0x20 Z:\home\Develop\software\NETMF-LPC\MicroFrameworkPK_v4_1\BuildOutput\ARM\GCC4.2\le\FLASH\release\plak1a_LPC2478\lib\tmp_NativeSample.lib(MTF-TQ35SP741-AV.obj)
                0x80006b2c                TQ35SP741_Driver::SizeInBytes()
 .text._ZN16TQ35SP741_Driver9Write_SPIER20TQ35SP741_LCD_CONFIGtt
                0x80006b4c       0x88 Z:\home\Develop\software\NETMF-LPC\MicroFrameworkPK_v4_1\BuildOutput\ARM\GCC4.2\le\FLASH\release\plak1a_LPC2478\lib\tmp_NativeSample.lib(MTF-TQ35SP741-AV.obj)
                0x80006b4c                TQ35SP741_Driver::Write_SPI(TQ35SP741_LCD_CONFIG&, unsigned short, unsigned short)
 .text._ZN16TQ35SP741_Driver12Display_InitER20TQ35SP741_LCD_CONFIG
                0x80006bd4       0x5c Z:\home\Develop\software\NETMF-LPC\MicroFrameworkPK_v4_1\BuildOutput\ARM\GCC4.2\le\FLASH\release\plak1a_LPC2478\lib\tmp_NativeSample.lib(MTF-TQ35SP741-AV.obj)
                0x80006bd4                TQ35SP741_Driver::Display_Init(TQ35SP741_LCD_CONFIG&)
 .text._ZN16TQ35SP741_Driver5ClearEv
                0x80006c30       0x8c Z:\home\Develop\software\NETMF-LPC\MicroFrameworkPK_v4_1\BuildOutput\ARM\GCC4.2\le\FLASH\release\plak1a_LPC2478\lib\tmp_NativeSample.lib(MTF-TQ35SP741-AV.obj)
                0x80006c30                TQ35SP741_Driver::Clear()
 .text._ZN16TQ35SP741_Driver10InitializeEv
                0x80006cbc       0xf0 Z:\home\Develop\software\NETMF-LPC\MicroFrameworkPK_v4_1\BuildOutput\ARM\GCC4.2\le\FLASH\release\plak1a_LPC2478\lib\tmp_NativeSample.lib(MTF-TQ35SP741-AV.obj)
                0x80006cbc                TQ35SP741_Driver::Initialize()
 .text._ZN16TQ35SP741_Driver9WriteCharEhii
                0x80006dac       0xd4 Z:\home\Develop\software\NETMF-LPC\MicroFrameworkPK_v4_1\BuildOutput\ARM\GCC4.2\le\FLASH\release\plak1a_LPC2478\lib\tmp_NativeSample.lib(MTF-TQ35SP741-AV.obj)
                0x80006dac                TQ35SP741_Driver::WriteChar(unsigned char, int, int)
 .text._ZN16TQ35SP741_Driver18WriteFormattedCharEh
                0x80006e80      0x278 Z:\home\Develop\software\NETMF-LPC\MicroFrameworkPK_v4_1\BuildOutput\ARM\GCC4.2\le\FLASH\release\plak1a_LPC2478\lib\tmp_NativeSample.lib(MTF-TQ35SP741-AV.obj)
                0x80006e80                TQ35SP741_Driver::WriteFormattedChar(unsigned char)
 .text._Z19PalEvent_Initializev
                0x800070f8        0x8 Z:\home\Develop\software\NETMF-LPC\MicroFrameworkPK_v4_1\BuildOutput\ARM\GCC4.2\le\FLASH\release\plak1a_LPC2478\lib\tmp_NativeSample.lib(palevent_stubs.obj)
                0x800070f8                PalEvent_Initialize()
 .text._Z13PalEvent_Postjj
                0x80007100        0x8 Z:\home\Develop\software\NETMF-LPC\MicroFrameworkPK_v4_1\BuildOutput\ARM\GCC4.2\le\FLASH\release\plak1a_LPC2478\lib\tmp_NativeSample.lib(palevent_stubs.obj)
                0x80007100                PalEvent_Post(unsigned int, unsigned int)
 .text._Z16Piezo_Initializev
                0x80007108        0x4 Z:\home\Develop\software\NETMF-LPC\MicroFrameworkPK_v4_1\BuildOutput\ARM\GCC4.2\le\FLASH\release\plak1a_LPC2478\lib\tmp_NativeSample.lib(piezo_stubs.obj)