Archive member included because of file (symbol)

Z:\home\Develop\software\NETMF-LPC\MicroFrameworkPK_v4_1\BuildOutput\ARM\GCC4.2\le\ANY_MEDIA\release\lib\TinybooterLib.lib(Commands.obj)
                              Z:\home\Develop\software\NETMF-LPC\MicroFrameworkPK_v4_1\BuildOutput\ARM\GCC4.2\le\FLASH\release\plak1a_LPC2478\obj\Solutions\plak1a_LPC2478\TinyBooter\TinyBooterEntry.obj (MfReleaseInfo::Init(MfReleaseInfo&, unsigned short, unsigned short, unsigned short, unsigned short, char const*, unsigned int))
Z:\home\Develop\software\NETMF-LPC\MicroFrameworkPK_v4_1\BuildOutput\ARM\GCC4.2\le\ANY_MEDIA\release\lib\TinybooterLib.lib(ConfigurationManager.obj)
                              Z:\home\Develop\software\NETMF-LPC\MicroFrameworkPK_v4_1\BuildOutput\ARM\GCC4.2\le\ANY_MEDIA\release\lib\TinybooterLib.lib(Commands.obj) (ConfigurationSectorManager::CheckSignatureKeyEmpty(unsigned int))
Z:\home\Develop\software\NETMF-LPC\MicroFrameworkPK_v4_1\BuildOutput\ARM\GCC4.2\le\ANY_MEDIA\release\lib\TinybooterLib.lib(CryptoInterface.obj)
                              Z:\home\Develop\software\NETMF-LPC\MicroFrameworkPK_v4_1\BuildOutput\ARM\GCC4.2\le\ANY_MEDIA\release\lib\TinybooterLib.lib(Commands.obj) (CryptoState::CryptoState(unsigned int, unsigned int, unsigned char*, unsigned int, unsigned int))
Z:\home\Develop\software\NETMF-LPC\MicroFrameworkPK_v4_1\BuildOutput\ARM\GCC4.2\le\ANY_MEDIA\release\lib\TinybooterLib.lib(Tinybooter.obj)
                              Z:\home\Develop\software\NETMF-LPC\MicroFrameworkPK_v4_1\BuildOutput\ARM\GCC4.2\le\ANY_MEDIA\release\lib\TinybooterLib.lib(Commands.obj) (private_free)
Z:\home\Develop\software\NETMF-LPC\MicroFrameworkPK_v4_1\BuildOutput\ARM\GCC4.2\le\ANY_MEDIA\release\lib\CRC.lib(CRC.obj)
                              Z:\home\Develop\software\NETMF-LPC\MicroFrameworkPK_v4_1\BuildOutput\ARM\GCC4.2\le\ANY_MEDIA\release\lib\TinybooterLib.lib(Commands.obj) (SUPPORT_ComputeCRC(void const*, int, unsigned int))
Z:\home\Develop\software\NETMF-LPC\MicroFrameworkPK_v4_1\BuildOutput\ARM\GCC4.2\le\ANY_MEDIA\release\lib\WireProtocol.lib(Compression.obj)
                              Z:\home\Develop\software\NETMF-LPC\MicroFrameworkPK_v4_1\BuildOutput\ARM\GCC4.2\le\ANY_MEDIA\release\lib\TinybooterLib.lib(Commands.obj) (LZ77_Decompress(unsigned char*, int, unsigned char*, int))
Z:\home\Develop\software\NETMF-LPC\MicroFrameworkPK_v4_1\BuildOutput\ARM\GCC4.2\le\ANY_MEDIA\release\lib\WireProtocol.lib(WireProtocol.obj)
                              Z:\home\Develop\software\NETMF-LPC\MicroFrameworkPK_v4_1\BuildOutput\ARM\GCC4.2\le\ANY_MEDIA\release\lib\TinybooterLib.lib(Commands.obj) (WP_Controller::SendProtocolMessage(WP_Message const&))
Z:\home\Develop\software\NETMF-LPC\MicroFrameworkPK_v4_1\BuildOutput\ARM\GCC4.2\le\FLASH\release\plak1a_LPC2478\lib\tmp_Tinybooter.lib(blockstoragelist.obj)
                              Z:\home\Develop\software\NETMF-LPC\MicroFrameworkPK_v4_1\BuildOutput\ARM\GCC4.2\le\ANY_MEDIA\release\lib\TinybooterLib.lib(Commands.obj) (BlockStorageStream::CurrentAddress())
Z:\home\Develop\software\NETMF-LPC\MicroFrameworkPK_v4_1\BuildOutput\ARM\GCC4.2\le\FLASH\release\plak1a_LPC2478\lib\tmp_Tinybooter.lib(ComDirector.obj)
                              Z:\home\Develop\software\NETMF-LPC\MicroFrameworkPK_v4_1\BuildOutput\ARM\GCC4.2\le\FLASH\release\plak1a_LPC2478\obj\Solutions\plak1a_LPC2478\TinyBooter\TinyBooterEntry.obj (DebuggerPort_Flush(int))
Z:\home\Develop\software\NETMF-LPC\MicroFrameworkPK_v4_1\BuildOutput\ARM\GCC4.2\le\FLASH\release\plak1a_LPC2478\lib\tmp_Tinybooter.lib(events.obj)
                              Z:\home\Develop\software\NETMF-LPC\MicroFrameworkPK_v4_1\BuildOutput\ARM\GCC4.2\le\FLASH\release\plak1a_LPC2478\obj\Solutions\plak1a_LPC2478\TinyBooter\TinyBooterEntry.obj (Events_WaitForEvents(unsigned int, unsigned int, unsigned int))
Z:\home\Develop\software\NETMF-LPC\MicroFrameworkPK_v4_1\BuildOutput\ARM\GCC4.2\le\FLASH\release\plak1a_LPC2478\lib\tmp_Tinybooter.lib(fastcompile_display_stubs.obj)
                              Z:\home\Develop\software\NETMF-LPC\MicroFrameworkPK_v4_1\BuildOutput\ARM\GCC4.2\le\ANY_MEDIA\release\lib\TinybooterLib.lib(Commands.obj) (LCD_Uninitialize())
Z:\home\Develop\software\NETMF-LPC\MicroFrameworkPK_v4_1\BuildOutput\ARM\GCC4.2\le\FLASH\release\plak1a_LPC2478\lib\tmp_Tinybooter.lib(GPIO_Buttons_fastcompile.obj)
                              Z:\home\Develop\software\NETMF-LPC\MicroFrameworkPK_v4_1\BuildOutput\ARM\GCC4.2\le\FLASH\release\plak1a_LPC2478\obj\Solutions\plak1a_LPC2478\TinyBooter\TinyBooterEntry.obj (Buttons_GetNextStateChange(unsigned int&, unsigned int&))
Z:\home\Develop\software\NETMF-LPC\MicroFrameworkPK_v4_1\BuildOutput\ARM\GCC4.2\le\FLASH\release\plak1a_LPC2478\lib\tmp_Tinybooter.lib(heap.obj)
[...]
Memory Configuration

Name             Origin             Length             Attributes
LR_FLASH         0xa0000000         0x00060000
HEAP             0xa0100000         0x00100001
STACK            0xa02ffff8         0x00000009
ER_IRAM_BEGIN    0x40000000         0x00000040
*default*        0x00000000         0xffffffff

Linker script and memory map


ER_RAM_RO       0xa0000000    0x17530
 *(i.EntryPoint)
 i.EntryPoint   0xa0000000       0xb4 Z:\home\Develop\software\NETMF-LPC\MicroFrameworkPK_v4_1\BuildOutput\ARM\GCC4.2\le\FLASH\release\plak1a_LPC2478\obj\Solutions\plak1a_LPC2478\TinyBooter\FirstEntryMinimal.obj
                0xa0000000                ARM_Vectors
                0xa000002c                IRQ_SubHandler_Trampoline
                0xa0000000                EntryPoint
 *(SectionForBootstrapOperations)
 SectionForBootstrapOperations
                0xa00000b4       0x94 Z:\home\Develop\software\NETMF-LPC\MicroFrameworkPK_v4_1\BuildOutput\ARM\GCC4.2\le\FLASH\release\plak1a_LPC2478\lib\tmp_Tinybooter.lib(LPC24XX_Power.obj)
                0xa0000100                PrepareImageRegions_IRAM_TC()
                0xa00000b4                BootstrapCode_Dummy()
                0xa00000b8                PrepareImageRegions_IRAM()
 SectionForBootstrapOperations
                0xa0000148      0x408 Z:\home\Develop\software\NETMF-LPC\MicroFrameworkPK_v4_1\BuildOutput\ARM\GCC4.2\le\FLASH\release\plak1a_LPC2478\lib\tmp_Tinybooter.lib(LPC24XX_bootstrap_plak1a_LPC2478.obj)
                0xa0000154                GetFsclk()
                0xa0000148                Bootstrap_Delay(int)
                0xa00002d8                BootstrapCode_Pins()
                0xa00004d0                GetFpclk(unsigned int)
                0xa0000294                BootstrapCode_Ext_SRAM()
                0xa0000298                BootstrapCode_Ext_Flash()
                0xa0000524                Initialize_SyncOn()
                0xa00001b0                BootstrapCode_Clocks()
                0xa0000460                delayMs(unsigned int, unsigned int)
                0xa0000334                BootstrapCode_Ext_SDRAM()
                0xa0000538                platform_prestackinit
 *(.text*)
 .text._ZN18BlockStorageDevice13GetDeviceInfoEv
                0xa0000550       0x24 Z:\home\Develop\software\NETMF-LPC\MicroFrameworkPK_v4_1\BuildOutput\ARM\GCC4.2\le\FLASH\release\plak1a_LPC2478\obj\Solutions\plak1a_LPC2478\TinyBooter\TinyBooterEntry.obj
                0xa0000550                BlockStorageDevice::GetDeviceInfo()
 .text._Z27Tinybooter_ProgramWordCheckv
                0xa0000574        0xc Z:\home\Develop\software\NETMF-LPC\MicroFrameworkPK_v4_1\BuildOutput\ARM\GCC4.2\le\FLASH\release\plak1a_LPC2478\obj\Solutions\plak1a_LPC2478\TinyBooter\TinyBooterEntry.obj
                0xa0000574                Tinybooter_ProgramWordCheck()
 .text._Z28Tinybooter_ImageIsCompressedv
                0xa0000580        0x8 Z:\home\Develop\software\NETMF-LPC\MicroFrameworkPK_v4_1\BuildOutput\ARM\GCC4.2\le\FLASH\release\plak1a_LPC2478\obj\Solutions\plak1a_LPC2478\TinyBooter\TinyBooterEntry.obj
                0xa0000580                Tinybooter_ImageIsCompressed()
 .text._Z31Tinybooter_CompressedImageStartRK22CompressedImage_Header
                0xa0000588        0x8 Z:\home\Develop\software\NETMF-LPC\MicroFrameworkPK_v4_1\BuildOutput\ARM\GCC4.2\le\FLASH\release\plak1a_LPC2478\obj\Solutions\plak1a_LPC2478\TinyBooter\TinyBooterEntry.obj
                0xa0000588                Tinybooter_CompressedImageStart(CompressedImage_Header const&)
 .text._Z39Tinybooter_PrepareForDecompressedLaunchv
                0xa0000590        0x4 Z:\home\Develop\software\NETMF-LPC\MicroFrameworkPK_v4_1\BuildOutput\ARM\GCC4.2\le\FLASH\release\plak1a_LPC2478\obj\Solutions\plak1a_LPC2478\TinyBooter\TinyBooterEntry.obj
                0xa0000590                Tinybooter_PrepareForDecompressedLaunch()
 .text._Z25TinyBooter_GetReleaseInfoR13MfReleaseInfo
                0xa0000594       0x6c Z:\home\Develop\software\NETMF-LPC\MicroFrameworkPK_v4_1\BuildOutput\ARM\GCC4.2\le\FLASH\release\plak1a_LPC2478\obj\Solutions\plak1a_LPC2478\TinyBooter\TinyBooterEntry.obj
                0xa0000594                TinyBooter_GetReleaseInfo(MfReleaseInfo&)
 .text._ZN18BlockStorageDevice21FindRegionFromAddressEjRjS0_
                0xa0000600       0x44 Z:\home\Develop\software\NETMF-LPC\MicroFrameworkPK_v4_1\BuildOutput\ARM\GCC4.2\le\FLASH\release\plak1a_LPC2478\obj\Solutions\plak1a_LPC2478\TinyBooter\TinyBooterEntry.obj
                0xa0000600                BlockStorageDevice::FindRegionFromAddress(unsigned int, unsigned int&, unsigned int&)
 .text._Z24TinyBooter_OnStateChange16_TinyBooterStatePvPS0_
                0xa0000644      0x1d8 Z:\home\Develop\software\NETMF-LPC\MicroFrameworkPK_v4_1\BuildOutput\ARM\GCC4.2\le\FLASH\release\plak1a_LPC2478\obj\Solutions\plak1a_LPC2478\TinyBooter\TinyBooterEntry.obj
                0xa0000644                TinyBooter_OnStateChange(_TinyBooterState, void*, void**)
 .text._Z20Events_WaitForEventsjj
                0xa000081c       0x28 Z:\home\Develop\software\NETMF-LPC\MicroFrameworkPK_v4_1\BuildOutput\ARM\GCC4.2\le\FLASH\release\plak1a_LPC2478\obj\Solutions\plak1a_LPC2478\TinyBooter\TinyBooterEntry.obj
                0xa000081c                Events_WaitForEvents(unsigned int, unsigned int)
 .text._Z23WaitForTinyBooterUploadRi
                0xa0000844       0x88 Z:\home\Develop\software\NETMF-LPC\MicroFrameworkPK_v4_1\BuildOutput\ARM\GCC4.2\le\FLASH\release\plak1a_LPC2478\obj\Solutions\plak1a_LPC2478\TinyBooter\TinyBooterEntry.obj
                0xa0000844                WaitForTinyBooterUpload(int&)
 .text._ZN7Version4InitERS_tttt
                0xa00008cc       0x18 Z:\home\Develop\software\NETMF-LPC\MicroFrameworkPK_v4_1\BuildOutput\ARM\GCC4.2\le\ANY_MEDIA\release\lib\TinybooterLib.lib(Commands.obj)
                0xa00008cc                Version::Init(Version&, unsigned short, unsigned short, unsigned short, unsigned short)
 .text._ZNK10BlockRange8IsConfigEv
                0xa00008e4       0x20 Z:\home\Develop\software\NETMF-LPC\MicroFrameworkPK_v4_1\BuildOutput\ARM\GCC4.2\le\ANY_MEDIA\release\lib\TinybooterLib.lib(Commands.obj)
                0xa00008e4                BlockRange::IsConfig() const
 .text._ZNK10BlockRange13GetBlockCountEv
                0xa0000904       0x10 Z:\home\Develop\software\NETMF-LPC\MicroFrameworkPK_v4_1\BuildOutput\ARM\GCC4.2\le\ANY_MEDIA\release\lib\TinybooterLib.lib(Commands.obj)
                0xa0000904                BlockRange::GetBlockCount() const
 .text._ZNK15BlockRegionInfo12BlockAddressEj
                0xa0000914       0x10 Z:\home\Develop\software\NETMF-LPC\MicroFrameworkPK_v4_1\BuildOutput\ARM\GCC4.2\le\ANY_MEDIA\release\lib\TinybooterLib.lib(Commands.obj)
                0xa0000914                BlockRegionInfo::BlockAddress(unsigned int) const
 .text._ZNK15BlockRegionInfo15OffsetFromBlockEj
                0xa0000924       0x30 Z:\home\Develop\software\NETMF-LPC\MicroFrameworkPK_v4_1\BuildOutput\ARM\GCC4.2\le\ANY_MEDIA\release\lib\TinybooterLib.lib(Commands.obj)
                0xa0000924                BlockRegionInfo::OffsetFromBlock(unsigned int) const
 .text._ZNK15BlockRegionInfo21BlockIndexFromAddressEj
                0xa0000954       0x2c Z:\home\Develop\software\NETMF-LPC\MicroFrameworkPK_v4_1\BuildOutput\ARM\GCC4.2\le\ANY_MEDIA\release\lib\TinybooterLib.lib(Commands.obj)
                0xa0000954                BlockRegionInfo::BlockIndexFromAddress(unsigned int) const
 .text._ZN18BlockStorageDevice4ReadEjjPh
                0xa0000980       0x24 Z:\home\Develop\software\NETMF-LPC\MicroFrameworkPK_v4_1\BuildOutput\ARM\GCC4.2\le\ANY_MEDIA\release\lib\TinybooterLib.lib(Commands.obj)
                0xa0000980                BlockStorageDevice::Read(unsigned int, unsigned int, unsigned char*)
 .text._ZN18BlockStorageDevice5WriteEjjPhj
                0xa00009a4       0x2c Z:\home\Develop\software\NETMF-LPC\MicroFrameworkPK_v4_1\BuildOutput\ARM\GCC4.2\le\ANY_MEDIA\release\lib\TinybooterLib.lib(Commands.obj)
                0xa00009a4                BlockStorageDevice::Write(unsigned int, unsigned int, unsigned char*, unsigned int)
 .text._ZN18BlockStorageDevice13IsBlockErasedEjj
                0xa00009d0       0x24 Z:\home\Develop\software\NETMF-LPC\MicroFrameworkPK_v4_1\BuildOutput\ARM\GCC4.2\le\ANY_MEDIA\release\lib\TinybooterLib.lib(Commands.obj)
                0xa00009d0                BlockStorageDevice::IsBlockErased(unsigned int, unsigned int)
 .text._ZNK18BlockStorageDevice10EraseBlockEj
                0xa00009f4       0x24 Z:\home\Develop\software\NETMF-LPC\MicroFrameworkPK_v4_1\BuildOutput\ARM\GCC4.2\le\ANY_MEDIA\release\lib\TinybooterLib.lib(Commands.obj)
                0xa00009f4                BlockStorageDevice::EraseBlock(unsigned int) const
 .text._ZN15BitFieldManager20ResetBitFieldManagerEv
                0xa0000a18       0x20 Z:\home\Develop\software\NETMF-LPC\MicroFrameworkPK_v4_1\BuildOutput\ARM\GCC4.2\le\ANY_MEDIA\release\lib\TinybooterLib.lib(Commands.obj)
                0xa0000a18                BitFieldManager::ResetBitFieldManager()
 .text._ZN13Loader_Engine15SignedDataState10CheckDirtyEv
                0xa0000a38       0x20 Z:\home\Develop\software\NETMF-LPC\MicroFrameworkPK_v4_1\BuildOutput\ARM\GCC4.2\le\ANY_MEDIA\release\lib\TinybooterLib.lib(Commands.obj)
                0xa0000a38                Loader_Engine::SignedDataState::CheckDirty()
 .text._ZN13Loader_Engine15SignedDataState5ResetEv
                0xa0000a58       0x34 Z:\home\Develop\software\NETMF-LPC\MicroFrameworkPK_v4_1\BuildOutput\ARM\GCC4.2\le\ANY_MEDIA\release\lib\TinybooterLib.lib(Commands.obj)
                0xa0000a58                Loader_Engine::SignedDataState::Reset()
 .text._ZN13Loader_Engine11App_ReleaseEPvP10WP_Message
                0xa0000a8c       0x28 Z:\home\Develop\software\NETMF-LPC\MicroFrameworkPK_v4_1\BuildOutput\ARM\GCC4.2\le\ANY_MEDIA\release\lib\TinybooterLib.lib(Commands.obj)
                0xa0000a8c                Loader_Engine::App_Release(void*, WP_Message*)
 .text._ZN15BitFieldManager24ResetSignatureCheckArrayEv
                0xa0000ab4      0x150 Z:\home\Develop\software\NETMF-LPC\MicroFrameworkPK_v4_1\BuildOutput\ARM\GCC4.2\le\ANY_MEDIA\release\lib\TinybooterLib.lib(Commands.obj)
                0xa0000ab4                BitFieldManager::ResetSignatureCheckArray()
 .text._Z12AccessMemoryjjPhi
                0xa0000c04      0x678 Z:\home\Develop\software\NETMF-LPC\MicroFrameworkPK_v4_1\BuildOutput\ARM\GCC4.2\le\ANY_MEDIA\release\lib\TinybooterLib.lib(Commands.obj)
 .text._ZN13MfReleaseInfo4InitERS_ttttPKcj
                0xa000127c       0x6c Z:\home\Develop\software\NETMF-LPC\MicroFrameworkPK_v4_1\BuildOutput\ARM\GCC4.2\le\ANY_MEDIA\release\lib\TinybooterLib.lib(Commands.obj)
                0xa000127c                MfReleaseInfo::Init(MfReleaseInfo&, unsigned short, unsigned short, unsigned short, unsigned short, char const*, unsigned int)
 .text._ZN13Loader_Engine14ReplyToCommandEP10WP_MessagebbPvi
                0xa00012e8       0xbc Z:\home\Develop\software\NETMF-LPC\MicroFrameworkPK_v4_1\BuildOutput\ARM\GCC4.2\le\ANY_MEDIA\release\lib\TinybooterLib.lib(Commands.obj)
                0xa00012e8                Loader_Engine::ReplyToCommand(WP_Message*, bool, bool, void*, int)
 .text._ZN13Loader_Engine22Monitor_FlashSectorMapEP10WP_Message
                0xa00013a4      0x240 Z:\home\Develop\software\NETMF-LPC\MicroFrameworkPK_v4_1\BuildOutput\ARM\GCC4.2\le\ANY_MEDIA\release\lib\TinybooterLib.lib(Commands.obj)
                0xa00013a4                Loader_Engine::Monitor_FlashSectorMap(WP_Message*)
 .text._ZN13Loader_Engine15Monitor_OemInfoEP10WP_Message
                0xa00015e4       0x78 Z:\home\Develop\software\NETMF-LPC\MicroFrameworkPK_v4_1\BuildOutput\ARM\GCC4.2\le\ANY_MEDIA\release\lib\TinybooterLib.lib(Commands.obj)
                0xa00015e4                Loader_Engine::Monitor_OemInfo(WP_Message*)
 .text._ZN13Loader_Engine12Monitor_PingEP10WP_Message
                0xa000165c       0x4c Z:\home\Develop\software\NETMF-LPC\MicroFrameworkPK_v4_1\BuildOutput\ARM\GCC4.2\le\ANY_MEDIA\release\lib\TinybooterLib.lib(Commands.obj)
                0xa000165c                Loader_Engine::Monitor_Ping(WP_Message*)
 .text._ZN13Loader_Engine14ReplyToCommandEP10WP_Messagebb
                0xa00016a8       0x28 Z:\home\Develop\software\NETMF-LPC\MicroFrameworkPK_v4_1\BuildOutput\ARM\GCC4.2\le\ANY_MEDIA\release\lib\TinybooterLib.lib(Commands.obj)
                0xa00016a8                Loader_Engine::ReplyToCommand(WP_Message*, bool, bool)
 .text._ZN13Loader_Engine26Monitor_SignatureKeyUpdateEP10WP_Message
                0xa00016d0      0x190 Z:\home\Develop\software\NETMF-LPC\MicroFrameworkPK_v4_1\BuildOutput\ARM\GCC4.2\le\ANY_MEDIA\release\lib\TinybooterLib.lib(Commands.obj)
                0xa00016d0                Loader_Engine::Monitor_SignatureKeyUpdate(WP_Message*)
 .text._ZN13Loader_Engine14Monitor_RebootEP10WP_Message
                0xa0001860       0x64 Z:\home\Develop\software\NETMF-LPC\MicroFrameworkPK_v4_1\BuildOutput\ARM\GCC4.2\le\ANY_MEDIA\release\lib\TinybooterLib.lib(Commands.obj)
                0xa0001860                Loader_Engine::Monitor_Reboot(WP_Message*)
 .text._ZN13Loader_Engine14ProcessPayloadEP10WP_Message
                0xa00018c4       0xd4 Z:\home\Develop\software\NETMF-LPC\MicroFrameworkPK_v4_1\BuildOutput\ARM\GCC4.2\le\ANY_MEDIA\release\lib\TinybooterLib.lib(Commands.obj)
                0xa00018c4                Loader_Engine::ProcessPayload(WP_Message*)
 .text._ZN13Loader_Engine18App_ProcessPayloadEPvP10WP_Message
                0xa0001998       0x40 Z:\home\Develop\software\NETMF-LPC\MicroFrameworkPK_v4_1\BuildOutput\ARM\GCC4.2\le\ANY_MEDIA\release\lib\TinybooterLib.lib(Commands.obj)
                0xa0001998                Loader_Engine::App_ProcessPayload(void*, WP_Message*)
 .text._ZN13Loader_Engine15TransmitMessageEPK10WP_Messageb
                0xa00019d8       0x8c Z:\home\Develop\software\NETMF-LPC\MicroFrameworkPK_v4_1\BuildOutput\ARM\GCC4.2\le\ANY_MEDIA\release\lib\TinybooterLib.lib(Commands.obj)
                0xa00019d8                Loader_Engine::TransmitMessage(WP_Message const*, bool)
 .text._ZN13Loader_Engine19Phy_TransmitMessageEPvPK10WP_Message
                0xa0001a64       0x20 Z:\home\Develop\software\NETMF-LPC\MicroFrameworkPK_v4_1\BuildOutput\ARM\GCC4.2\le\ANY_MEDIA\release\lib\TinybooterLib.lib(Commands.obj)
                0xa0001a64                Loader_Engine::Phy_TransmitMessage(void*, WP_Message const*)
 .text._ZN13Loader_Engine6LaunchEPFvvE
                0xa0001a84      0x12c Z:\home\Develop\software\NETMF-LPC\MicroFrameworkPK_v4_1\BuildOutput\ARM\GCC4.2\le\ANY_MEDIA\release\lib\TinybooterLib.lib(Commands.obj)
                0xa0001a84                Loader_Engine::Launch(void (*)())
 .text._ZN13Loader_Engine18EnumerateAndLaunchEv
                0xa0001bb0      0x13c Z:\home\Develop\software\NETMF-LPC\MicroFrameworkPK_v4_1\BuildOutput\ARM\GCC4.2\le\ANY_MEDIA\release\lib\TinybooterLib.lib(Commands.obj)
                0xa0001bb0                Loader_Engine::EnumerateAndLaunch()
 .text._ZN13Loader_Engine15ProcessCommandsEv
                0xa0001cec       0x20 Z:\home\Develop\software\NETMF-LPC\MicroFrameworkPK_v4_1\BuildOutput\ARM\GCC4.2\le\ANY_MEDIA\release\lib\TinybooterLib.lib(Commands.obj)
                0xa0001cec                Loader_Engine::ProcessCommands()
 .text._ZN15BitFieldManager27GetNextSectorSignatureCheckEP18BlockStorageDeviceR16SECTOR_BIT_FIELD
                0xa0001d0c      0x2f4 Z:\home\Develop\software\NETMF-LPC\MicroFrameworkPK_v4_1\BuildOutput\ARM\GCC4.2\le\ANY_MEDIA\release\lib\TinybooterLib.lib(Commands.obj)
                0xa0001d0c                BitFieldManager::GetNextSectorSignatureCheck(BlockStorageDevice*, SECTOR_BIT_FIELD&)
 .text._ZN13Loader_Engine15SignedDataState20VerifyContiguousDataEjj
                0xa0002000      0x128 Z:\home\Develop\software\NETMF-LPC\MicroFrameworkPK_v4_1\BuildOutput\ARM\GCC4.2\le\ANY_MEDIA\release\lib\TinybooterLib.lib(Commands.obj)
                0xa0002000                Loader_Engine::SignedDataState::VerifyContiguousData(unsigned int, unsigned int)
 .text._ZN15BitFieldManager17SetDirtySectorBitEj
                0xa0002128      0x1a0 Z:\home\Develop\software\NETMF-LPC\MicroFrameworkPK_v4_1\BuildOutput\ARM\GCC4.2\le\ANY_MEDIA\release\lib\TinybooterLib.lib(Commands.obj)
                0xa0002128                BitFieldManager::SetDirtySectorBit(unsigned int)
 .text._ZN15BitFieldManager24InvalidateSectorBitFieldEv
                0xa00022c8       0x60 Z:\home\Develop\software\NETMF-LPC\MicroFrameworkPK_v4_1\BuildOutput\ARM\GCC4.2\le\ANY_MEDIA\release\lib\TinybooterLib.lib(Commands.obj)
                0xa00022c8                BitFieldManager::InvalidateSectorBitField()
 .text._ZN13Loader_Engine15SignedDataState19EraseMemoryAndResetEv
                0xa0002328       0x78 Z:\home\Develop\software\NETMF-LPC\MicroFrameworkPK_v4_1\BuildOutput\ARM\GCC4.2\le\ANY_MEDIA\release\lib\TinybooterLib.lib(Commands.obj)
                0xa0002328                Loader_Engine::SignedDataState::EraseMemoryAndReset()
 .text._ZN13Loader_Engine17Monitor_MemoryMapEP10WP_Message
                0xa00023a0       0xc8 Z:\home\Develop\software\NETMF-LPC\MicroFrameworkPK_v4_1\BuildOutput\ARM\GCC4.2\le\ANY_MEDIA\release\lib\TinybooterLib.lib(Commands.obj)
                0xa00023a0                Loader_Engine::Monitor_MemoryMap(WP_Message*)
 .text._ZN13Loader_Engine15Monitor_ExecuteEP10WP_Message
                0xa0002468      0x18c Z:\home\Develop\software\NETMF-LPC\MicroFrameworkPK_v4_1\BuildOutput\ARM\GCC4.2\le\ANY_MEDIA\release\lib\TinybooterLib.lib(Commands.obj)
                0xa0002468                Loader_Engine::Monitor_Execute(WP_Message*)
 .text._ZN13Loader_Engine19Monitor_EraseMemoryEP10WP_Message
                0xa00025f4       0xbc Z:\home\Develop\software\NETMF-LPC\MicroFrameworkPK_v4_1\BuildOutput\ARM\GCC4.2\le\ANY_MEDIA\release\lib\TinybooterLib.lib(Commands.obj)
                0xa00025f4                Loader_Engine::Monitor_EraseMemory(WP_Message*)
 .text._ZN13Loader_Engine19Monitor_CheckMemoryEP10WP_Message
                0xa00026b0       0xb4 Z:\home\Develop\software\NETMF-LPC\MicroFrameworkPK_v4_1\BuildOutput\ARM\GCC4.2\le\ANY_MEDIA\release\lib\TinybooterLib.lib(Commands.obj)
                0xa00026b0                Loader_Engine::Monitor_CheckMemory(WP_Message*)
 .text._ZN13Loader_Engine19Monitor_WriteMemoryEP10WP_Message
                0xa0002764       0xc0 Z:\home\Develop\software\NETMF-LPC\MicroFrameworkPK_v4_1\BuildOutput\ARM\GCC4.2\le\ANY_MEDIA\release\lib\TinybooterLib.lib(Commands.obj)
                0xa0002764                Loader_Engine::Monitor_WriteMemory(WP_Message*)
 .text._ZN13Loader_Engine18Monitor_ReadMemoryEP10WP_Message
                0xa0002824       0xc0 Z:\home\Develop\software\NETMF-LPC\MicroFrameworkPK_v4_1\BuildOutput\ARM\GCC4.2\le\ANY_MEDIA\release\lib\TinybooterLib.lib(Commands.obj)
                0xa0002824                Loader_Engine::Monitor_ReadMemory(WP_Message*)
 .text._ZN13Loader_Engine15SignedDataState15VerifySignatureEPhjj
                0xa00028e4      0x1c4 Z:\home\Develop\software\NETMF-LPC\MicroFrameworkPK_v4_1\BuildOutput\ARM\GCC4.2\le\ANY_MEDIA\release\lib\TinybooterLib.lib(Commands.obj)
                0xa00028e4                Loader_Engine::SignedDataState::VerifySignature(unsigned char*, unsigned int, unsigned int)
 .text._ZN13Loader_Engine22Monitor_CheckSignatureEP10WP_Message
                0xa0002aa8       0x94 Z:\home\Develop\software\NETMF-LPC\MicroFrameworkPK_v4_1\BuildOutput\ARM\GCC4.2\le\ANY_MEDIA\release\lib\TinybooterLib.lib(Commands.obj)
                0xa0002aa8                Loader_Engine::Monitor_CheckSignature(WP_Message*)
 .text._ZN15BitFieldManager25EraseOnSignatureCheckFailEv
                0xa0002b3c      0x210 Z:\home\Develop\software\NETMF-LPC\MicroFrameworkPK_v4_1\BuildOutput\ARM\GCC4.2\le\ANY_MEDIA\release\lib\TinybooterLib.lib(Commands.obj)
                0xa0002b3c                BitFieldManager::EraseOnSignatureCheckFail()
 .text._ZN13Loader_Engine10InitializeEi
                0xa0002d4c       0xac Z:\home\Develop\software\NETMF-LPC\MicroFrameworkPK_v4_1\BuildOutput\ARM\GCC4.2\le\ANY_MEDIA\release\lib\TinybooterLib.lib(Commands.obj)
                0xa0002d4c                Loader_Engine::Initialize(int)
 .text._ZN13Loader_Engine16Phy_ReceiveBytesEPvRPhRj
                0xa0002df8       0x60 Z:\home\Develop\software\NETMF-LPC\MicroFrameworkPK_v4_1\BuildOutput\ARM\GCC4.2\le\ANY_MEDIA\release\lib\TinybooterLib.lib(Commands.obj)
                0xa0002df8                Loader_Engine::Phy_ReceiveBytes(void*, unsigned char*&, unsigned int&)
 .text._ZN13Loader_Engine17App_ProcessHeaderEPvP10WP_Message
                0xa0002e58       0x3c Z:\home\Develop\software\NETMF-LPC\MicroFrameworkPK_v4_1\BuildOutput\ARM\GCC4.2\le\ANY_MEDIA\release\lib\TinybooterLib.lib(Commands.obj)
                0xa0002e58                Loader_Engine::App_ProcessHeader(void*, WP_Message*)
 .text._ZN26ConfigurationSectorManager20IsBootLoaderRequiredERi
                0xa0002e94       0x80 Z:\home\Develop\software\NETMF-LPC\MicroFrameworkPK_v4_1\BuildOutput\ARM\GCC4.2\le\ANY_MEDIA\release\lib\TinybooterLib.lib(ConfigurationManager.obj)
                0xa0002e94                ConfigurationSectorManager::IsBootLoaderRequired(int&)
 .text._ZN26ConfigurationSectorManager22CheckSignatureKeyEmptyEj
                0xa0002f14       0x40 Z:\home\Develop\software\NETMF-LPC\MicroFrameworkPK_v4_1\BuildOutput\ARM\GCC4.2\le\ANY_MEDIA\release\lib\TinybooterLib.lib(ConfigurationManager.obj)
                0xa0002f14                ConfigurationSectorManager::CheckSignatureKeyEmpty(unsigned int)
 .text._ZN26ConfigurationSectorManager20GetTinyBooterVersionEv
                0xa0002f54       0x18 Z:\home\Develop\software\NETMF-LPC\MicroFrameworkPK_v4_1\BuildOutput\ARM\GCC4.2\le\ANY_MEDIA\release\lib\TinybooterLib.lib(ConfigurationManager.obj)
                0xa0002f54                ConfigurationSectorManager::GetTinyBooterVersion()
 .text._ZN26ConfigurationSectorManager17LoadConfigurationEv
                0xa0002f6c       0x68 Z:\home\Develop\software\NETMF-LPC\MicroFrameworkPK_v4_1\BuildOutput\ARM\GCC4.2\le\ANY_MEDIA\release\lib\TinybooterLib.lib(ConfigurationManager.obj)
                0xa0002f6c                ConfigurationSectorManager::LoadConfiguration()
 .text._ZN26ConfigurationSectorManager17GetDeploymentKeysEj
                0xa0002fd4       0x48 Z:\home\Develop\software\NETMF-LPC\MicroFrameworkPK_v4_1\BuildOutput\ARM\GCC4.2\le\ANY_MEDIA\release\lib\TinybooterLib.lib(ConfigurationManager.obj)
                0xa0002fd4                ConfigurationSectorManager::GetDeploymentKeys(unsigned int)
 .text._ZN26ConfigurationSectorManager19VerifiySignatureKeyEjPh
                0xa000301c       0x60 Z:\home\Develop\software\NETMF-LPC\MicroFrameworkPK_v4_1\BuildOutput\ARM\GCC4.2\le\ANY_MEDIA\release\lib\TinybooterLib.lib(ConfigurationManager.obj)
                0xa000301c                ConfigurationSectorManager::VerifiySignatureKey(unsigned int, unsigned char*)
 .text._ZN26ConfigurationSectorManager21EraseWriteConfigBlockEPhj
                0xa000307c       0x6c Z:\home\Develop\software\NETMF-LPC\MicroFrameworkPK_v4_1\BuildOutput\ARM\GCC4.2\le\ANY_MEDIA\release\lib\TinybooterLib.lib(ConfigurationManager.obj)
                0xa000307c                ConfigurationSectorManager::EraseWriteConfigBlock(unsigned char*, unsigned int)
 .text._ZN26ConfigurationSectorManager18WriteConfigurationEjPhjj
                0xa00030e8      0x190 Z:\home\Develop\software\NETMF-LPC\MicroFrameworkPK_v4_1\BuildOutput\ARM\GCC4.2\le\ANY_MEDIA\release\lib\TinybooterLib.lib(ConfigurationManager.obj)
                0xa00030e8                ConfigurationSectorManager::WriteConfiguration(unsigned int, unsigned char*, unsigned int, unsigned int)
 .text._ZN26ConfigurationSectorManager18UpdateSignatureKeyEjPh
                0xa0003278       0x30 Z:\home\Develop\software\NETMF-LPC\MicroFrameworkPK_v4_1\BuildOutput\ARM\GCC4.2\le\ANY_MEDIA\release\lib\TinybooterLib.lib(ConfigurationManager.obj)
                0xa0003278                ConfigurationSectorManager::UpdateSignatureKey(unsigned int, unsigned char*)
 .text._ZN26ConfigurationSectorManager19CleanBootLoaderFlagEv
                0xa00032a8       0x40 Z:\home\Develop\software\NETMF-LPC\MicroFrameworkPK_v4_1\BuildOutput\ARM\GCC4.2\le\ANY_MEDIA\release\lib\TinybooterLib.lib(ConfigurationManager.obj)
                0xa00032a8                ConfigurationSectorManager::CleanBootLoaderFlag()
 .text._ZN26ConfigurationSectorManager25LocateConfigurationSectorEj
                0xa00032e8      0x128 Z:\home\Develop\software\NETMF-LPC\MicroFrameworkPK_v4_1\BuildOutput\ARM\GCC4.2\le\ANY_MEDIA\release\lib\TinybooterLib.lib(ConfigurationManager.obj)
                0xa00032e8                ConfigurationSectorManager::LocateConfigurationSector(unsigned int)
 .text._ZN11CryptoStateC1EjjPhjj
                0xa0003410       0x34 Z:\home\Develop\software\NETMF-LPC\MicroFrameworkPK_v4_1\BuildOutput\ARM\GCC4.2\le\ANY_MEDIA\release\lib\TinybooterLib.lib(CryptoInterface.obj)
                0xa0003410                CryptoState::CryptoState(unsigned int, unsigned int, unsigned char*, unsigned int, unsigned int)
 .text._ZN11CryptoState15VerifySignatureEj
                0xa0003444      0x2b0 Z:\home\Develop\software\NETMF-LPC\MicroFrameworkPK_v4_1\BuildOutput\ARM\GCC4.2\le\ANY_MEDIA\release\lib\TinybooterLib.lib(CryptoInterface.obj)
                0xa0003444                CryptoState::VerifySignature(unsigned int)
 .text._ZN11CryptoStateD1Ev
                0xa00036f4       0x28 Z:\home\Develop\software\NETMF-LPC\MicroFrameworkPK_v4_1\BuildOutput\ARM\GCC4.2\le\ANY_MEDIA\release\lib\TinybooterLib.lib(CryptoInterface.obj)
                0xa00036f4                CryptoState::~CryptoState()
 .text._Z21ApplicationEntryPointv
                0xa000371c      0x36c Z:\home\Develop\software\NETMF-LPC\MicroFrameworkPK_v4_1\BuildOutput\ARM\GCC4.2\le\ANY_MEDIA\release\lib\TinybooterLib.lib(Tinybooter.obj)
                0xa000371c                ApplicationEntryPoint()
 .text.private_free
                0xa0003a88       0x1c Z:\home\Develop\software\NETMF-LPC\MicroFrameworkPK_v4_1\BuildOutput\ARM\GCC4.2\le\ANY_MEDIA\release\lib\TinybooterLib.lib(Tinybooter.obj)
                0xa0003a88                private_free
 .text.private_malloc
                0xa0003aa4       0x1c Z:\home\Develop\software\NETMF-LPC\MicroFrameworkPK_v4_1\BuildOutput\ARM\GCC4.2\le\ANY_MEDIA\release\lib\TinybooterLib.lib(Tinybooter.obj)
                0xa0003aa4                private_malloc
 .text._Z18SUPPORT_ComputeCRCPKvij
                0xa0003ac0       0x44 Z:\home\Develop\software\NETMF-LPC\MicroFrameworkPK_v4_1\BuildOutput\ARM\GCC4.2\le\ANY_MEDIA\release\lib\CRC.lib(CRC.obj)
                0xa0003ac0                SUPPORT_ComputeCRC(void const*, int, unsigned int)
 .text._Z15LZ77_DecompressPhiS_i
                0xa0003b04      0x13c Z:\home\Develop\software\NETMF-LPC\MicroFrameworkPK_v4_1\BuildOutput\ARM\GCC4.2\le\ANY_MEDIA\release\lib\WireProtocol.lib(Compression.obj)
                0xa0003b04                LZ77_Decompress(unsigned char*, int, unsigned char*, int)
 .text._ZN10WP_Message16PrepareReceptionEv
                0xa0003c40        0xc Z:\home\Develop\software\NETMF-LPC\MicroFrameworkPK_v4_1\BuildOutput\ARM\GCC4.2\le\ANY_MEDIA\release\lib\WireProtocol.lib(WireProtocol.obj)
                0xa0003c40                WP_Message::PrepareReception()
 .text._ZN10WP_Message7ReleaseEv
                0xa0003c4c       0x40 Z:\home\Develop\software\NETMF-LPC\MicroFrameworkPK_v4_1\BuildOutput\ARM\GCC4.2\le\ANY_MEDIA\release\lib\WireProtocol.lib(WireProtocol.obj)
                0xa0003c4c                WP_Message::Release()
 .text._ZN13WP_Controller19SendProtocolMessageERK10WP_Message
                0xa0003c8c       0x24 Z:\home\Develop\software\NETMF-LPC\MicroFrameworkPK_v4_1\BuildOutput\ARM\GCC4.2\le\ANY_MEDIA\release\lib\WireProtocol.lib(WireProtocol.obj)
                0xa0003c8c                WP_Controller::SendProtocolMessage(WP_Message const&)
 .text._ZN10WP_Message10InitializeEP13WP_Controller
                0xa0003cb0       0x50 Z:\home\Develop\software\NETMF-LPC\MicroFrameworkPK_v4_1\BuildOutput\ARM\GCC4.2\le\ANY_MEDIA\release\lib\WireProtocol.lib(WireProtocol.obj)
                0xa0003cb0                WP_Message::Initialize(WP_Controller*)
 .text._ZN13WP_Controller10InitializeEPKcPK16WP_PhysicalLayerPK19WP_ApplicationLayerPv
                0xa0003d00       0x74 Z:\home\Develop\software\NETMF-LPC\MicroFrameworkPK_v4_1\BuildOutput\ARM\GCC4.2\le\ANY_MEDIA\release\lib\WireProtocol.lib(WireProtocol.obj)
                0xa0003d00                WP_Controller::Initialize(char const*, WP_PhysicalLayer const*, WP_ApplicationLayer const*, void*)
 .text._ZN10WP_Message13VerifyPayloadEv
                0xa0003d74       0x50 Z:\home\Develop\software\NETMF-LPC\MicroFrameworkPK_v4_1\BuildOutput\ARM\GCC4.2\le\ANY_MEDIA\release\lib\WireProtocol.lib(WireProtocol.obj)
                0xa0003d74                WP_Message::VerifyPayload()
 .text._ZN10WP_Message12VerifyHeaderEv
                0xa0003dc4       0x48 Z:\home\Develop\software\NETMF-LPC\MicroFrameworkPK_v4_1\BuildOutput\ARM\GCC4.2\le\ANY_MEDIA\release\lib\WireProtocol.lib(WireProtocol.obj)
                0xa0003dc4                WP_Message::VerifyHeader()
 .text._ZN10WP_Message12PrepareReplyERK9WP_PacketjjPh
                0xa0003e0c       0xc4 Z:\home\Develop\software\NETMF-LPC\MicroFrameworkPK_v4_1\BuildOutput\ARM\GCC4.2\le\ANY_MEDIA\release\lib\WireProtocol.lib(WireProtocol.obj)
                0xa0003e0c                WP_Message::PrepareReply(WP_Packet const&, unsigned int, unsigned int, unsigned char*)
 .text._ZN10WP_Message14PrepareRequestEjjjPh
                0xa0003ed0       0xb8 Z:\home\Develop\software\NETMF-LPC\MicroFrameworkPK_v4_1\BuildOutput\ARM\GCC4.2\le\ANY_MEDIA\release\lib\WireProtocol.lib(WireProtocol.obj)
                0xa0003ed0                WP_Message::PrepareRequest(unsigned int, unsigned int, unsigned int, unsigned char*)
 .text._ZN13WP_Controller19SendProtocolMessageEjjjPh
                0xa0003f88       0x80 Z:\home\Develop\software\NETMF-LPC\MicroFrameworkPK_v4_1\BuildOutput\ARM\GCC4.2\le\ANY_MEDIA\release\lib\WireProtocol.lib(WireProtocol.obj)
                0xa0003f88                WP_Controller::SendProtocolMessage(unsigned int, unsigned int, unsigned int, unsigned char*)
 .text._ZN10WP_Message14ReplyBadPacketEj
                0xa0004008       0x7c Z:\home\Develop\software\NETMF-LPC\MicroFrameworkPK_v4_1\BuildOutput\ARM\GCC4.2\le\ANY_MEDIA\release\lib\WireProtocol.lib(WireProtocol.obj)
                0xa0004008                WP_Message::ReplyBadPacket(unsigned int)
 .text._ZN10WP_Message7ProcessEv
                0xa0004084      0x328 Z:\home\Develop\software\NETMF-LPC\MicroFrameworkPK_v4_1\BuildOutput\ARM\GCC4.2\le\ANY_MEDIA\release\lib\WireProtocol.lib(WireProtocol.obj)
                0xa0004084                WP_Message::Process()
 .text._ZN13WP_Controller12AdvanceStateEv
                0xa00043ac       0x20 Z:\home\Develop\software\NETMF-LPC\MicroFrameworkPK_v4_1\BuildOutput\ARM\GCC4.2\le\ANY_MEDIA\release\lib\WireProtocol.lib(WireProtocol.obj)
                0xa00043ac                WP_Controller::AdvanceState()
 .text._ZNK10BlockRange13GetBlockUsageEv
                0xa00043cc        0x8 Z:\home\Develop\software\NETMF-LPC\MicroFrameworkPK_v4_1\BuildOutput\ARM\GCC4.2\le\FLASH\release\plak1a_LPC2478\lib\tmp_Tinybooter.lib(blockstoragelist.obj)
                0xa00043cc                BlockRange::GetBlockUsage() const
 .text._ZN18BlockStorageDevice16InitializeDeviceEv
                0xa00043d4       0x24 Z:\home\Develop\software\NETMF-LPC\MicroFrameworkPK_v4_1\BuildOutput\ARM\GCC4.2\le\FLASH\release\plak1a_LPC2478\lib\tmp_Tinybooter.lib(blockstoragelist.obj)
                0xa00043d4                BlockStorageDevice::InitializeDevice()
 .text._ZN18BlockStorageStream14CurrentAddressEv
                0xa00043f8        0xc Z:\home\Develop\software\NETMF-LPC\MicroFrameworkPK_v4_1\BuildOutput\ARM\GCC4.2\le\FLASH\release\plak1a_LPC2478\lib\tmp_Tinybooter.lib(blockstoragelist.obj)
                0xa00043f8                BlockStorageStream::CurrentAddress()
 .text._ZNK15BlockDeviceInfo21FindRegionFromAddressEjRjS0_
                0xa0004404       0xd8 Z:\home\Develop\software\NETMF-LPC\MicroFrameworkPK_v4_1\BuildOutput\ARM\GCC4.2\le\FLASH\release\plak1a_LPC2478\lib\tmp_Tinybooter.lib(blockstoragelist.obj)
                0xa0004404                BlockDeviceInfo::FindRegionFromAddress(unsigned int, unsigned int&, unsigned int&) const
 .text._ZNK15BlockDeviceInfo18FindNextUsageBlockEjRjS0_S0_
                0xa00044dc       0xc0 Z:\home\Develop\software\NETMF-LPC\MicroFrameworkPK_v4_1\BuildOutput\ARM\GCC4.2\le\FLASH\release\plak1a_LPC2478\lib\tmp_Tinybooter.lib(blockstoragelist.obj)
                0xa00044dc                BlockDeviceInfo::FindNextUsageBlock(unsigned int, unsigned int&, unsigned int&, unsigned int&) const
 .text._ZNK15BlockDeviceInfo17FindForBlockUsageEjRjS0_S0_
                0xa000459c       0x34 Z:\home\Develop\software\NETMF-LPC\MicroFrameworkPK_v4_1\BuildOutput\ARM\GCC4.2\le\FLASH\release\plak1a_LPC2478\lib\tmp_Tinybooter.lib(blockstoragelist.obj)
                0xa000459c                BlockDeviceInfo::FindForBlockUsage(unsigned int, unsigned int&, unsigned int&, unsigned int&) const
 .text._ZN18BlockStorageDevice17FindForBlockUsageEjRjS0_S0_
                0xa00045d0       0x4c Z:\home\Develop\software\NETMF-LPC\MicroFrameworkPK_v4_1\BuildOutput\ARM\GCC4.2\le\FLASH\release\plak1a_LPC2478\lib\tmp_Tinybooter.lib(blockstoragelist.obj)
                0xa00045d0                BlockStorageDevice::FindForBlockUsage(unsigned int, unsigned int&, unsigned int&, unsigned int&)
 .text._ZN18BlockStorageDevice18FindNextUsageBlockEjRjS0_S0_
                0xa000461c       0x4c Z:\home\Develop\software\NETMF-LPC\MicroFrameworkPK_v4_1\BuildOutput\ARM\GCC4.2\le\FLASH\release\plak1a_LPC2478\lib\tmp_Tinybooter.lib(blockstoragelist.obj)
                0xa000461c                BlockStorageDevice::FindNextUsageBlock(unsigned int, unsigned int&, unsigned int&, unsigned int&)
 .text._ZN17HAL_DblLinkedNodeI18BlockStorageDeviceE10InitializeEv
                0xa0004668       0x10 Z:\home\Develop\software\NETMF-LPC\MicroFrameworkPK_v4_1\BuildOutput\ARM\GCC4.2\le\FLASH\release\plak1a_LPC2478\lib\tmp_Tinybooter.lib(blockstoragelist.obj)
                0xa0004668                HAL_DblLinkedNode<BlockStorageDevice>::Initialize()
 .text._ZNK17HAL_DblLinkedListI18BlockStorageDeviceE14FirstValidNodeEv
                0xa0004678       0x18 Z:\home\Develop\software\NETMF-LPC\MicroFrameworkPK_v4_1\BuildOutput\ARM\GCC4.2\le\FLASH\release\plak1a_LPC2478\lib\tmp_Tinybooter.lib(blockstoragelist.obj)
                0xa0004678                HAL_DblLinkedList<BlockStorageDevice>::FirstValidNode() const
 .text._ZN16BlockStorageList14GetFirstDeviceEv
                0xa0004690       0x30 Z:\home\Develop\software\NETMF-LPC\MicroFrameworkPK_v4_1\BuildOutput\ARM\GCC4.2\le\FLASH\release\plak1a_LPC2478\lib\tmp_Tinybooter.lib(blockstoragelist.obj)
                0xa0004690                BlockStorageList::GetFirstDevice()
 .text._ZNK17HAL_DblLinkedListI18BlockStorageDeviceE4TailEv
                0xa00046c0        0x8 Z:\home\Develop\software\NETMF-LPC\MicroFrameworkPK_v4_1\BuildOutput\ARM\GCC4.2\le\FLASH\release\plak1a_LPC2478\lib\tmp_Tinybooter.lib(blockstoragelist.obj)
                0xa00046c0                HAL_DblLinkedList<BlockStorageDevice>::Tail() const
 .text._ZNK17HAL_DblLinkedListI18BlockStorageDeviceE4HeadEv
                0xa00046c8        0x4 Z:\home\Develop\software\NETMF-LPC\MicroFrameworkPK_v4_1\BuildOutput\ARM\GCC4.2\le\FLASH\release\plak1a_LPC2478\lib\tmp_Tinybooter.lib(blockstoragelist.obj)
                0xa00046c8                HAL_DblLinkedList<BlockStorageDevice>::Head() const
 .text._ZN17HAL_DblLinkedListI18BlockStorageDeviceE10InitializeEv
                0xa00046cc       0x40 Z:\home\Develop\software\NETMF-LPC\MicroFrameworkPK_v4_1\BuildOutput\ARM\GCC4.2\le\FLASH\release\plak1a_LPC2478\lib\tmp_Tinybooter.lib(blockstoragelist.obj)
                0xa00046cc                HAL_DblLinkedList<BlockStorageDevice>::Initialize()
 .text._ZN16BlockStorageList10InitializeEv
                0xa000470c       0x38 Z:\home\Develop\software\NETMF-LPC\MicroFrameworkPK_v4_1\BuildOutput\ARM\GCC4.2\le\FLASH\release\plak1a_LPC2478\lib\tmp_Tinybooter.lib(blockstoragelist.obj)
                0xa000470c                BlockStorageList::Initialize()
 .text._ZN17HAL_DblLinkedNodeI18BlockStorageDeviceE14RemoveFromListEv
                0xa0004744       0x18 Z:\home\Develop\software\NETMF-LPC\MicroFrameworkPK_v4_1\BuildOutput\ARM\GCC4.2\le\FLASH\release\plak1a_LPC2478\lib\tmp_Tinybooter.lib(blockstoragelist.obj)
                0xa0004744                HAL_DblLinkedNode<BlockStorageDevice>::RemoveFromList()
 .text._ZN17HAL_DblLinkedListI18BlockStorageDeviceE6InsertEPS0_S2_S2_
                0xa000475c       0x14 Z:\home\Develop\software\NETMF-LPC\MicroFrameworkPK_v4_1\BuildOutput\ARM\GCC4.2\le\FLASH\release\plak1a_LPC2478\lib\tmp_Tinybooter.lib(blockstoragelist.obj)
                0xa000475c                HAL_DblLinkedList<BlockStorageDevice>::Insert(BlockStorageDevice*, BlockStorageDevice*, BlockStorageDevice*)
 .text._ZN17HAL_DblLinkedListI18BlockStorageDeviceE16InsertBeforeNodeEPS0_S2_
                0xa0004770       0x60 Z:\home\Develop\software\NETMF-LPC\MicroFrameworkPK_v4_1\BuildOutput\ARM\GCC4.2\le\FLASH\release\plak1a_LPC2478\lib\tmp_Tinybooter.lib(blockstoragelist.obj)
                0xa0004770                HAL_DblLinkedList<BlockStorageDevice>::InsertBeforeNode(BlockStorageDevice*, BlockStorageDevice*)
 .text._ZN17HAL_DblLinkedListI18BlockStorageDeviceE10LinkAtBackEPS0_
                0xa00047d0       0x40 Z:\home\Develop\software\NETMF-LPC\MicroFrameworkPK_v4_1\BuildOutput\ARM\GCC4.2\le\FLASH\release\plak1a_LPC2478\lib\tmp_Tinybooter.lib(blockstoragelist.obj)
                0xa00047d0                HAL_DblLinkedList<BlockStorageDevice>::LinkAtBack(BlockStorageDevice*)
 .text._ZN18BlockStorageStream10NextStreamEv
                0xa0004810      0x1e4 Z:\home\Develop\software\NETMF-LPC\MicroFrameworkPK_v4_1\BuildOutput\ARM\GCC4.2\le\FLASH\release\plak1a_LPC2478\lib\tmp_Tinybooter.lib(blockstoragelist.obj)
                0xa0004810                BlockStorageStream::NextStream()
 .text._ZN18BlockStorageStream4ReadEPPhj
                0xa00049f4      0x130 Z:\home\Develop\software\NETMF-LPC\MicroFrameworkPK_v4_1\BuildOutput\ARM\GCC4.2\le\FLASH\release\plak1a_LPC2478\lib\tmp_Tinybooter.lib(blockstoragelist.obj)
                0xa00049f4                BlockStorageStream::Read(unsigned char**, unsigned int)
 .text._ZN18BlockStorageStream10PrevStreamEv
                0xa0004b24      0x1c0 Z:\home\Develop\software\NETMF-LPC\MicroFrameworkPK_v4_1\BuildOutput\ARM\GCC4.2\le\FLASH\release\plak1a_LPC2478\lib\tmp_Tinybooter.lib(blockstoragelist.obj)
                0xa0004b24                BlockStorageStream::PrevStream()
 .text._ZN18BlockStorageStream4SeekEiNS_10SeekOriginE
                0xa0004ce4       0xf0 Z:\home\Develop\software\NETMF-LPC\MicroFrameworkPK_v4_1\BuildOutput\ARM\GCC4.2\le\FLASH\release\plak1a_LPC2478\lib\tmp_Tinybooter.lib(blockstoragelist.obj)
                0xa0004ce4                BlockStorageStream::Seek(int, BlockStorageStream::SeekOrigin)
 .text._ZN18BlockStorageStream10InitializeEjP18BlockStorageDevice
                0xa0004dd4       0xa4 Z:\home\Develop\software\NETMF-LPC\MicroFrameworkPK_v4_1\BuildOutput\ARM\GCC4.2\le\FLASH\release\plak1a_LPC2478\lib\tmp_Tinybooter.lib(blockstoragelist.obj)
                0xa0004dd4                BlockStorageStream::Initialize(unsigned int, BlockStorageDevice*)
 .text._ZN18BlockStorageStream10InitializeEj
                0xa0004e78       0x20 Z:\home\Develop\software\NETMF-LPC\MicroFrameworkPK_v4_1\BuildOutput\ARM\GCC4.2\le\FLASH\release\plak1a_LPC2478\lib\tmp_Tinybooter.lib(blockstoragelist.obj)
                0xa0004e78                BlockStorageStream::Initialize(unsigned int)
 .text._ZN16BlockStorageList9AddDeviceEP18BlockStorageDeviceP19IBlockStorageDevicePvj
                0xa0004e98       0x9c Z:\home\Develop\software\NETMF-LPC\MicroFrameworkPK_v4_1\BuildOutput\ARM\GCC4.2\le\FLASH\release\plak1a_LPC2478\lib\tmp_Tinybooter.lib(blockstoragelist.obj)
                0xa0004e98                BlockStorageList::AddDevice(BlockStorageDevice*, IBlockStorageDevice*, void*, unsigned int)
 .text._ZN16BlockStorageList13GetNextDeviceER18BlockStorageDevice
                0xa0004f34       0x34 Z:\home\Develop\software\NETMF-LPC\MicroFrameworkPK_v4_1\BuildOutput\ARM\GCC4.2\le\FLASH\release\plak1a_LPC2478\lib\tmp_Tinybooter.lib(blockstoragelist.obj)
                0xa0004f34                BlockStorageList::GetNextDevice(BlockStorageDevice&)
 .text._ZN16BlockStorageList17InitializeDevicesEv
                0xa0004f68       0xf4 Z:\home\Develop\software\NETMF-LPC\MicroFrameworkPK_v4_1\BuildOutput\ARM\GCC4.2\le\FLASH\release\plak1a_LPC2478\lib\tmp_Tinybooter.lib(blockstoragelist.obj)
                0xa0004f68                BlockStorageList::InitializeDevices()
 .text._ZN16BlockStorageList28FindDeviceForPhysicalAddressEPP18BlockStorageDevicejRj
                0xa000505c       0xdc Z:\home\Develop\software\NETMF-LPC\MicroFrameworkPK_v4_1\BuildOutput\ARM\GCC4.2\le\FLASH\release\plak1a_LPC2478\lib\tmp_Tinybooter.lib(blockstoragelist.obj)
                0xa000505c                BlockStorageList::FindDeviceForPhysicalAddress(BlockStorageDevice**, unsigned int, unsigned int&)
 .text._Z29CPU_ProtectCommunicationGPIOsj
                0xa0005138       0x68 Z:\home\Develop\software\NETMF-LPC\MicroFrameworkPK_v4_1\BuildOutput\ARM\GCC4.2\le\FLASH\release\plak1a_LPC2478\lib\tmp_Tinybooter.lib(ComDirector.obj)
                0xa0005138                CPU_ProtectCommunicationGPIOs(unsigned int)
 .text._Z18DebuggerPort_Flushi
                0xa00051a0       0x6c Z:\home\Develop\software\NETMF-LPC\MicroFrameworkPK_v4_1\BuildOutput\ARM\GCC4.2\le\FLASH\release\plak1a_LPC2478\lib\tmp_Tinybooter.lib(ComDirector.obj)
                0xa00051a0                DebuggerPort_Flush(int)
 .text._Z17DebuggerPort_ReadiPcj
                0xa000520c       0x6c Z:\home\Develop\software\NETMF-LPC\MicroFrameworkPK_v4_1\BuildOutput\ARM\GCC4.2\le\FLASH\release\plak1a_LPC2478\lib\tmp_Tinybooter.lib(ComDirector.obj)
                0xa000520c                DebuggerPort_Read(int, char*, unsigned int)
 .text._Z18DebuggerPort_WriteiPKcj
                0xa0005278      0x108 Z:\home\Develop\software\NETMF-LPC\MicroFrameworkPK_v4_1\BuildOutput\ARM\GCC4.2\le\FLASH\release\plak1a_LPC2478\lib\tmp_Tinybooter.lib(ComDirector.obj)
                0xa0005278                DebuggerPort_Write(int, char const*, unsigned int)
 .text._Z25DebuggerPort_Uninitializei
                0xa0005380       0x88 Z:\home\Develop\software\NETMF-LPC\MicroFrameworkPK_v4_1\BuildOutput\ARM\GCC4.2\le\FLASH\release\plak1a_LPC2478\lib\tmp_Tinybooter.lib(ComDirector.obj)
                0xa0005380                DebuggerPort_Uninitialize(int)
 .text._Z23DebuggerPort_Initializei
                0xa0005408       0xf4 Z:\home\Develop\software\NETMF-LPC\MicroFrameworkPK_v4_1\BuildOutput\ARM\GCC4.2\le\FLASH\release\plak1a_LPC2478\lib\tmp_Tinybooter.lib(ComDirector.obj)
                0xa0005408                DebuggerPort_Initialize(int)
 .text._Z17Events_MaskedReadj
                0xa00054fc       0x14 Z:\home\Develop\software\NETMF-LPC\MicroFrameworkPK_v4_1\BuildOutput\ARM\GCC4.2\le\FLASH\release\plak1a_LPC2478\lib\tmp_Tinybooter.lib(events.obj)
                0xa00054fc                Events_MaskedRead(unsigned int)
 .text._ZN17HAL_DblLinkedNodeI16HAL_CONTINUATIONE10InitializeEv
                0xa0005510       0x10 Z:\home\Develop\software\NETMF-LPC\MicroFrameworkPK_v4_1\BuildOutput\ARM\GCC4.2\le\FLASH\release\plak1a_LPC2478\lib\tmp_Tinybooter.lib(events.obj)
                0xa0005510                HAL_DblLinkedNode<HAL_CONTINUATION>::Initialize()
 .text._Z17Events_Initializev
                0xa0005520       0x34 Z:\home\Develop\software\NETMF-LPC\MicroFrameworkPK_v4_1\BuildOutput\ARM\GCC4.2\le\FLASH\release\plak1a_LPC2478\lib\tmp_Tinybooter.lib(events.obj)
                0xa0005520                Events_Initialize()
 .text._ZN14HAL_COMPLETION16InitializeForISREPFvPvES0_
                0xa0005554       0x24 Z:\home\Develop\software\NETMF-LPC\MicroFrameworkPK_v4_1\BuildOutput\ARM\GCC4.2\le\FLASH\release\plak1a_LPC2478\lib\tmp_Tinybooter.lib(events.obj)
                0xa0005554                HAL_COMPLETION::InitializeForISR(void (*)(void*), void*)
 .text._Z20Events_WaitForEventsjjj
                0xa0005578      0x164 Z:\home\Develop\software\NETMF-LPC\MicroFrameworkPK_v4_1\BuildOutput\ARM\GCC4.2\le\FLASH\release\plak1a_LPC2478\lib\tmp_Tinybooter.lib(events.obj)
                0xa0005578                Events_WaitForEvents(unsigned int, unsigned int, unsigned int)
 .text._Z12Events_Clearj
                0xa00056dc       0x54 Z:\home\Develop\software\NETMF-LPC\MicroFrameworkPK_v4_1\BuildOutput\ARM\GCC4.2\le\FLASH\release\plak1a_LPC2478\lib\tmp_Tinybooter.lib(events.obj)
                0xa00056dc                Events_Clear(unsigned int)
 .text._Z10Events_Setj
                0xa0005730       0x68 Z:\home\Develop\software\NETMF-LPC\MicroFrameworkPK_v4_1\BuildOutput\ARM\GCC4.2\le\FLASH\release\plak1a_LPC2478\lib\tmp_Tinybooter.lib(events.obj)
                0xa0005730                Events_Set(unsigned int)
 .text._Z14LCD_Initializev
                0xa0005798        0x8 Z:\home\Develop\software\NETMF-LPC\MicroFrameworkPK_v4_1\BuildOutput\ARM\GCC4.2\le\FLASH\release\plak1a_LPC2478\lib\tmp_Tinybooter.lib(fastcompile_display_stubs.obj)
                0xa0005798                LCD_Initialize()
 .text._Z16LCD_Uninitializev
                0xa00057a0        0x8 Z:\home\Develop\software\NETMF-LPC\MicroFrameworkPK_v4_1\BuildOutput\ARM\GCC4.2\le\FLASH\release\plak1a_LPC2478\lib\tmp_Tinybooter.lib(fastcompile_display_stubs.obj)
                0xa00057a0                LCD_Uninitialize()
 .text._Z9LCD_Clearv
                0xa00057a8        0x4 Z:\home\Develop\software\NETMF-LPC\MicroFrameworkPK_v4_1\BuildOutput\ARM\GCC4.2\le\FLASH\release\plak1a_LPC2478\lib\tmp_Tinybooter.lib(fastcompile_display_stubs.obj)
                0xa00057a8                LCD_Clear()
 .text._Z22LCD_WriteFormattedCharh
                0xa00057ac        0x4 Z:\home\Develop\software\NETMF-LPC\MicroFrameworkPK_v4_1\BuildOutput\ARM\GCC4.2\le\FLASH\release\plak1a_LPC2478\lib\tmp_Tinybooter.lib(fastcompile_display_stubs.obj)
                0xa00057ac                LCD_WriteFormattedChar(unsigned char)
 .text._ZN18GPIO_BUTTON_Driver16HW_To_Hal_ButtonEj
                0xa00057b0       0x38 Z:\home\Develop\software\NETMF-LPC\MicroFrameworkPK_v4_1\BuildOutput\ARM\GCC4.2\le\FLASH\release\plak1a_LPC2478\lib\tmp_Tinybooter.lib(GPIO_Buttons_fastcompile.obj)
                0xa00057b0                GPIO_BUTTON_Driver::HW_To_Hal_Button(unsigned int)
 .text._Z24Buttons_HW_To_Hal_Buttonj
                0xa00057e8       0x1c Z:\home\Develop\software\NETMF-LPC\MicroFrameworkPK_v4_1\BuildOutput\ARM\GCC4.2\le\FLASH\release\plak1a_LPC2478\lib\tmp_Tinybooter.lib(GPIO_Buttons_fastcompile.obj)
                0xa00057e8                Buttons_HW_To_Hal_Button(unsigned int)
 .text._ZN19Hal_Queue_KnownSizeIN18GPIO_BUTTON_Driver19BUTTON_STATE_CHANGEELj64EE10InitializeEv
                0xa0005804       0x14 Z:\home\Develop\software\NETMF-LPC\MicroFrameworkPK_v4_1\BuildOutput\ARM\GCC4.2\le\FLASH\release\plak1a_LPC2478\lib\tmp_Tinybooter.lib(GPIO_Buttons_fastcompile.obj)
                0xa0005804                Hal_Queue_KnownSize<GPIO_BUTTON_Driver::BUTTON_STATE_CHANGE, 64u>::Initialize()
 .text._ZN19Hal_Queue_KnownSizeIN18GPIO_BUTTON_Driver19BUTTON_STATE_CHANGEELj64EE4PushEv
                0xa0005818       0x40 Z:\home\Develop\software\NETMF-LPC\MicroFrameworkPK_v4_1\BuildOutput\ARM\GCC4.2\le\FLASH\release\plak1a_LPC2478\lib\tmp_Tinybooter.lib(GPIO_Buttons_fastcompile.obj)
                0xa0005818                Hal_Queue_KnownSize<GPIO_BUTTON_Driver::BUTTON_STATE_CHANGE, 64u>::Push()
 .text._ZN19Hal_Queue_KnownSizeIN18GPIO_BUTTON_Driver19BUTTON_STATE_CHANGEELj64EE3PopEv
                0xa0005858       0x44 Z:\home\Develop\software\NETMF-LPC\MicroFrameworkPK_v4_1\BuildOutput\ARM\GCC4.2\le\FLASH\release\plak1a_LPC2478\lib\tmp_Tinybooter.lib(GPIO_Buttons_fastcompile.obj)
                0xa0005858                Hal_Queue_KnownSize<GPIO_BUTTON_Driver::BUTTON_STATE_CHANGE, 64u>::Pop()
 .text._ZN18GPIO_BUTTON_Driver14CurrentHWStateEv
                0xa000589c       0x5c Z:\home\Develop\software\NETMF-LPC\MicroFrameworkPK_v4_1\BuildOutput\ARM\GCC4.2\le\FLASH\release\plak1a_LPC2478\lib\tmp_Tinybooter.lib(GPIO_Buttons_fastcompile.obj)
                0xa000589c                GPIO_BUTTON_Driver::CurrentHWState()
 .text._Z22Buttons_CurrentHWStatev
                0xa00058f8       0x1c Z:\home\Develop\software\NETMF-LPC\MicroFrameworkPK_v4_1\BuildOutput\ARM\GCC4.2\le\FLASH\release\plak1a_LPC2478\lib\tmp_Tinybooter.lib(GPIO_Buttons_fastcompile.obj)
                0xa00058f8                Buttons_CurrentHWState()
 .text._ZN18GPIO_BUTTON_Driver18GetNextStateChangeERjS0_
                0xa0005914       0x78 Z:\home\Develop\software\NETMF-LPC\MicroFrameworkPK_v4_1\BuildOutput\ARM\GCC4.2\le\FLASH\release\plak1a_LPC2478\lib\tmp_Tinybooter.lib(GPIO_Buttons_fastcompile.obj)
                0xa0005914                GPIO_BUTTON_Driver::GetNextStateChange(unsigned int&, unsigned int&)
 .text._Z26Buttons_GetNextStateChangeRjS_
                0xa000598c       0x1c Z:\home\Develop\software\NETMF-LPC\MicroFrameworkPK_v4_1\BuildOutput\ARM\GCC4.2\le\FLASH\release\plak1a_LPC2478\lib\tmp_Tinybooter.lib(GPIO_Buttons_fastcompile.obj)
                0xa000598c                Buttons_GetNextStateChange(unsigned int&, unsigned int&)
 .text._ZN18GPIO_BUTTON_Driver19RegisterStateChangeEjj
                0xa00059a8       0xe8 Z:\home\Develop\software\NETMF-LPC\MicroFrameworkPK_v4_1\BuildOutput\ARM\GCC4.2\le\FLASH\release\plak1a_LPC2478\lib\tmp_Tinybooter.lib(GPIO_Buttons_fastcompile.obj)
                0xa00059a8                GPIO_BUTTON_Driver::RegisterStateChange(unsigned int, unsigned int)
 .text._Z27Buttons_RegisterStateChangejj
                0xa0005a90       0x1c Z:\home\Develop\software\NETMF-LPC\MicroFrameworkPK_v4_1\BuildOutput\ARM\GCC4.2\le\FLASH\release\plak1a_LPC2478\lib\tmp_Tinybooter.lib(GPIO_Buttons_fastcompile.obj)
                0xa0005a90                Buttons_RegisterStateChange(unsigned int, unsigned int)
 .text._ZN18GPIO_BUTTON_Driver3ISREjjPv
                0xa0005aac       0x40 Z:\home\Develop\software\NETMF-LPC\MicroFrameworkPK_v4_1\BuildOutput\ARM\GCC4.2\le\FLASH\release\plak1a_LPC2478\lib\tmp_Tinybooter.lib(GPIO_Buttons_fastcompile.obj)
                0xa0005aac                GPIO_BUTTON_Driver::ISR(unsigned int, unsigned int, void*)
 .text._ZN18GPIO_BUTTON_Driver10InitializeEv
                0xa0005aec       0xd0 Z:\home\Develop\software\NETMF-LPC\MicroFrameworkPK_v4_1\BuildOutput\ARM\GCC4.2\le\FLASH\release\plak1a_LPC2478\lib\tmp_Tinybooter.lib(GPIO_Buttons_fastcompile.obj)
                0xa0005aec                GPIO_BUTTON_Driver::Initialize()
 .text._Z18Buttons_Initializev
                0xa0005bbc       0x1c Z:\home\Develop\software\NETMF-LPC\MicroFrameworkPK_v4_1\BuildOutput\ARM\GCC4.2\le\FLASH\release\plak1a_LPC2478\lib\tmp_Tinybooter.lib(GPIO_Buttons_fastcompile.obj)
                0xa0005bbc                Buttons_Initialize()
 .text._Z12HeapLocationRPhRj
                0xa0005bd8       0x20 Z:\home\Develop\software\NETMF-LPC\MicroFrameworkPK_v4_1\BuildOutput\ARM\GCC4.2\le\FLASH\release\plak1a_LPC2478\lib\tmp_Tinybooter.lib(heap.obj)
                0xa0005bd8                HeapLocation(unsigned char*&, unsigned int&)
 .text._ZN19LPC24XX_GPIO_Driver18PIN_ISR_DESCRIPTOR4FireEPv
                0xa0005bf8       0x28 Z:\home\Develop\software\NETMF-LPC\MicroFrameworkPK_v4_1\BuildOutput\ARM\GCC4.2\le\FLASH\release\plak1a_LPC2478\lib\tmp_Tinybooter.lib(LPC24XX__GPIO.obj)
                0xa0005bf8                LPC24XX_GPIO_Driver::PIN_ISR_DESCRIPTOR::Fire(void*)
 .text._ZN19LPC24XX_GPIO_Driver8GPIO_ISREPv
                0xa0005c20      0x204 Z:\home\Develop\software\NETMF-LPC\MicroFrameworkPK_v4_1\BuildOutput\ARM\GCC4.2\le\FLASH\release\plak1a_LPC2478\lib\tmp_Tinybooter.lib(LPC24XX__GPIO.obj)
                0xa0005c20                LPC24XX_GPIO_Driver::GPIO_ISR(void*)
 .text._ZN19LPC24XX_GPIO_Driver14STUB_ISRVectorEjjPv
                0xa0005e24       0x28 Z:\home\Develop\software\NETMF-LPC\MicroFrameworkPK_v4_1\BuildOutput\ARM\GCC4.2\le\FLASH\release\plak1a_LPC2478\lib\tmp_Tinybooter.lib(LPC24XX__GPIO.obj)
                0xa0005e24                LPC24XX_GPIO_Driver::STUB_ISRVector(unsigned int, unsigned int, void*)
 .text._ZN19LPC24XX_GPIO_Driver14PinToPCBRegBitEj
                0xa0005e4c       0x2c Z:\home\Develop\software\NETMF-LPC\MicroFrameworkPK_v4_1\BuildOutput\ARM\GCC4.2\le\FLASH\release\plak1a_LPC2478\lib\tmp_Tinybooter.lib(LPC24XX__GPIO.obj)
                0xa0005e4c                LPC24XX_GPIO_Driver::PinToPCBRegBit(unsigned int)
 .text._ZN19LPC24XX_GPIO_Driver11PinToPCBRegEj
                0xa0005e78       0x28 Z:\home\Develop\software\NETMF-LPC\MicroFrameworkPK_v4_1\BuildOutput\ARM\GCC4.2\le\FLASH\release\plak1a_LPC2478\lib\tmp_Tinybooter.lib(LPC24XX__GPIO.obj)
                0xa0005e78                LPC24XX_GPIO_Driver::PinToPCBReg(unsigned int)
 .text._ZN19LPC24XX_GPIO_Driver10DisablePinEj13GPIO_RESISTORj13GPIO_ALT_MODE
                0xa0005ea0       0xb4 Z:\home\Develop\software\NETMF-LPC\MicroFrameworkPK_v4_1\BuildOutput\ARM\GCC4.2\le\FLASH\release\plak1a_LPC2478\lib\tmp_Tinybooter.lib(LPC24XX__GPIO.obj)
                0xa0005ea0                LPC24XX_GPIO_Driver::DisablePin(unsigned int, GPIO_RESISTOR, unsigned int, GPIO_ALT_MODE)
 .text._Z19CPU_GPIO_DisablePinj13GPIO_RESISTORj13GPIO_ALT_MODE
                0xa0005f54       0x1c Z:\home\Develop\software\NETMF-LPC\MicroFrameworkPK_v4_1\BuildOutput\ARM\GCC4.2\le\FLASH\release\plak1a_LPC2478\lib\tmp_Tinybooter.lib(LPC24XX__GPIO.obj)
                0xa0005f54                CPU_GPIO_DisablePin(unsigned int, GPIO_RESISTOR, unsigned int, GPIO_ALT_MODE)
 .text._ZN19LPC24XX_GPIO_Driver8PinToBitEj
                0xa0005f70       0x28 Z:\home\Develop\software\NETMF-LPC\MicroFrameworkPK_v4_1\BuildOutput\ARM\GCC4.2\le\FLASH\release\plak1a_LPC2478\lib\tmp_Tinybooter.lib(LPC24XX__GPIO.obj)
                0xa0005f70                LPC24XX_GPIO_Driver::PinToBit(unsigned int)
 .text._ZN19LPC24XX_GPIO_Driver9PinToPortEj
                0xa0005f98       0x28 Z:\home\Develop\software\NETMF-LPC\MicroFrameworkPK_v4_1\BuildOutput\ARM\GCC4.2\le\FLASH\release\plak1a_LPC2478\lib\tmp_Tinybooter.lib(LPC24XX__GPIO.obj)
                0xa0005f98                LPC24XX_GPIO_Driver::PinToPort(unsigned int)
 .text._ZN19LPC24XX_GPIO_Driver11SetPinStateEjj
                0xa0005fc0       0xc0 Z:\home\Develop\software\NETMF-LPC\MicroFrameworkPK_v4_1\BuildOutput\ARM\GCC4.2\le\FLASH\release\plak1a_LPC2478\lib\tmp_Tinybooter.lib(LPC24XX__GPIO.obj)
                0xa0005fc0                LPC24XX_GPIO_Driver::SetPinState(unsigned int, unsigned int)
 .text._Z20CPU_GPIO_SetPinStatejj
                0xa0006080       0x1c Z:\home\Develop\software\NETMF-LPC\MicroFrameworkPK_v4_1\BuildOutput\ARM\GCC4.2\le\FLASH\release\plak1a_LPC2478\lib\tmp_Tinybooter.lib(LPC24XX__GPIO.obj)
                0xa0006080                CPU_GPIO_SetPinState(unsigned int, unsigned int)
 .text._ZN19LPC24XX_GPIO_Driver11GetPinStateEj
                0xa000609c       0x68 Z:\home\Develop\software\NETMF-LPC\MicroFrameworkPK_v4_1\BuildOutput\ARM\GCC4.2\le\FLASH\release\plak1a_LPC2478\lib\tmp_Tinybooter.lib(LPC24XX__GPIO.obj)
                0xa000609c                LPC24XX_GPIO_Driver::GetPinState(unsigned int)
 .text._Z20CPU_GPIO_GetPinStatej
                0xa0006104       0x1c Z:\home\Develop\software\NETMF-LPC\MicroFrameworkPK_v4_1\BuildOutput\ARM\GCC4.2\le\FLASH\release\plak1a_LPC2478\lib\tmp_Tinybooter.lib(LPC24XX__GPIO.obj)
                0xa0006104                CPU_GPIO_GetPinState(unsigned int)
 .text._ZN19LPC24XX_GPIO_Driver15EnableOutputPinEjj
                0xa0006120      0x104 Z:\home\Develop\software\NETMF-LPC\MicroFrameworkPK_v4_1\BuildOutput\ARM\GCC4.2\le\FLASH\release\plak1a_LPC2478\lib\tmp_Tinybooter.lib(LPC24XX__GPIO.obj)
                0xa0006120                LPC24XX_GPIO_Driver::EnableOutputPin(unsigned int, unsigned int)
 .text._Z24CPU_GPIO_EnableOutputPinjj
                0xa0006224       0x1c Z:\home\Develop\software\NETMF-LPC\MicroFrameworkPK_v4_1\BuildOutput\ARM\GCC4.2\le\FLASH\release\plak1a_LPC2478\lib\tmp_Tinybooter.lib(LPC24XX__GPIO.obj)
                0xa0006224                CPU_GPIO_EnableOutputPin(unsigned int, unsigned int)
 .text._ZN19LPC24XX_GPIO_Driver14EnableInputPinEjjPFvjjPvES0_13GPIO_INT_EDGE13GPIO_RESISTOR
                0xa0006240      0x240 Z:\home\Develop\software\NETMF-LPC\MicroFrameworkPK_v4_1\BuildOutput\ARM\GCC4.2\le\FLASH\release\plak1a_LPC2478\lib\tmp_Tinybooter.lib(LPC24XX__GPIO.obj)
                0xa0006240                LPC24XX_GPIO_Driver::EnableInputPin(unsigned int, unsigned int, void (*)(unsigned int, unsigned int, void*), void*, GPIO_INT_EDGE, GPIO_RESISTOR)
 .text._Z23CPU_GPIO_EnableInputPinjjPFvjjPvE13GPIO_INT_EDGE13GPIO_RESISTOR
                0xa0006480       0x28 Z:\home\Develop\software\NETMF-LPC\MicroFrameworkPK_v4_1\BuildOutput\ARM\GCC4.2\le\FLASH\release\plak1a_LPC2478\lib\tmp_Tinybooter.lib(LPC24XX__GPIO.obj)
                0xa0006480                CPU_GPIO_EnableInputPin(unsigned int, unsigned int, void (*)(unsigned int, unsigned int, void*), GPIO_INT_EDGE, GPIO_RESISTOR)
 .text._ZN19LPC24XX_GPIO_Driver10InitializeEv
                0xa00064a8       0xd8 Z:\home\Develop\software\NETMF-LPC\MicroFrameworkPK_v4_1\BuildOutput\ARM\GCC4.2\le\FLASH\release\plak1a_LPC2478\lib\tmp_Tinybooter.lib(LPC24XX__GPIO.obj)
                0xa00064a8                LPC24XX_GPIO_Driver::Initialize()
 .text._Z19CPU_GPIO_Initializev
                0xa0006580       0x1c Z:\home\Develop\software\NETMF-LPC\MicroFrameworkPK_v4_1\BuildOutput\ARM\GCC4.2\le\FLASH\release\plak1a_LPC2478\lib\tmp_Tinybooter.lib(LPC24XX__GPIO.obj)
                0xa0006580                CPU_GPIO_Initialize()
 .text._ZN11LPC24XX_VIC14ForceInterruptEj
                0xa000659c       0x14 Z:\home\Develop\software\NETMF-LPC\MicroFrameworkPK_v4_1\BuildOutput\ARM\GCC4.2\le\FLASH\release\plak1a_LPC2478\lib\tmp_Tinybooter.lib(LPC24XX__TIME.obj)
                0xa000659c                LPC24XX_VIC::ForceInterrupt(unsigned int)
 .text._ZN13LPC24XX_TIMER8getIntNoEi
                0xa00065b0       0x3c Z:\home\Develop\software\NETMF-LPC\MicroFrameworkPK_v4_1\BuildOutput\ARM\GCC4.2\le\FLASH\release\plak1a_LPC2478\lib\tmp_Tinybooter.lib(LPC24XX__TIME.obj)
                0xa00065b0                LPC24XX_TIMER::getIntNo(int)
 .text._Z27HAL_Time_GetDriftParametersPiS_Px
                0xa00065ec       0x24 Z:\home\Develop\software\NETMF-LPC\MicroFrameworkPK_v4_1\BuildOutput\ARM\GCC4.2\le\FLASH\release\plak1a_LPC2478\lib\tmp_Tinybooter.lib(LPC24XX__TIME.obj)
                0xa00065ec                HAL_Time_GetDriftParameters(int*, int*, long long*)
 .text._Z18CPU_TicksPerSecondv
                0xa0006610        0xc Z:\home\Develop\software\NETMF-LPC\MicroFrameworkPK_v4_1\BuildOutput\ARM\GCC4.2\le\FLASH\release\plak1a_LPC2478\lib\tmp_Tinybooter.lib(LPC24XX__TIME.obj)
                0xa0006610                CPU_TicksPerSecond()
 .text._Z23CPU_MillisecondsToTicksj
                0xa000661c       0x24 Z:\home\Develop\software\NETMF-LPC\MicroFrameworkPK_v4_1\BuildOutput\ARM\GCC4.2\le\FLASH\release\plak1a_LPC2478\lib\tmp_Tinybooter.lib(LPC24XX__TIME.obj)
                0xa000661c                CPU_MillisecondsToTicks(unsigned int)
 .text._Z44HAL_Time_Sleep_MicroSeconds_InterruptEnabledj
                0xa0006640       0x1c Z:\home\Develop\software\NETMF-LPC\MicroFrameworkPK_v4_1\BuildOutput\ARM\GCC4.2\le\FLASH\release\plak1a_LPC2478\lib\tmp_Tinybooter.lib(LPC24XX__TIME.obj)
                0xa0006640                HAL_Time_Sleep_MicroSeconds_InterruptEnabled(unsigned int)
 .text._ZN19LPC24XX_TIME_Driver12CounterValueEv
                0xa000665c       0x68 Z:\home\Develop\software\NETMF-LPC\MicroFrameworkPK_v4_1\BuildOutput\ARM\GCC4.2\le\FLASH\release\plak1a_LPC2478\lib\tmp_Tinybooter.lib(LPC24XX__TIME.obj)
                0xa000665c                LPC24XX_TIME_Driver::CounterValue()
 .text.HAL_Time_CurrentTicks
                0xa00066c4       0x1c Z:\home\Develop\software\NETMF-LPC\MicroFrameworkPK_v4_1\BuildOutput\ARM\GCC4.2\le\FLASH\release\plak1a_LPC2478\lib\tmp_Tinybooter.lib(LPC24XX__TIME.obj)
                0xa00066c4                HAL_Time_CurrentTicks
 .text.Time_CurrentTicks
                0xa00066e0       0x1c Z:\home\Develop\software\NETMF-LPC\MicroFrameworkPK_v4_1\BuildOutput\ARM\GCC4.2\le\FLASH\release\plak1a_LPC2478\lib\tmp_Tinybooter.lib(LPC24XX__TIME.obj)
                0xa00066e0                Time_CurrentTicks
 .text._Z27HAL_Time_Sleep_MicroSecondsj
                0xa00066fc       0x1c Z:\home\Develop\software\NETMF-LPC\MicroFrameworkPK_v4_1\BuildOutput\ARM\GCC4.2\le\FLASH\release\plak1a_LPC2478\lib\tmp_Tinybooter.lib(LPC24XX__TIME.obj)
                0xa00066fc                HAL_Time_Sleep_MicroSeconds(unsigned int)
 .text._ZN20LPC24XX_TIMER_Driver14ForceInterruptEj
                0xa0006718       0x54 Z:\home\Develop\software\NETMF-LPC\MicroFrameworkPK_v4_1\BuildOutput\ARM\GCC4.2\le\FLASH\release\plak1a_LPC2478\lib\tmp_Tinybooter.lib(LPC24XX__TIME.obj)
                0xa0006718                LPC24XX_TIMER_Driver::ForceInterrupt(unsigned int)
 .text._ZN7LPC24XX5TIMEREi
                0xa000676c       0x60 Z:\home\Develop\software\NETMF-LPC\MicroFrameworkPK_v4_1\BuildOutput\ARM\GCC4.2\le\FLASH\release\plak1a_LPC2478\lib\tmp_Tinybooter.lib(LPC24XX__TIME.obj)
                0xa000676c                LPC24XX::TIMER(int)
 .text._ZN20LPC24XX_TIMER_Driver15ResetCompareHitEj
                0xa00067cc       0x40 Z:\home\Develop\software\NETMF-LPC\MicroFrameworkPK_v4_1\BuildOutput\ARM\GCC4.2\le\FLASH\release\plak1a_LPC2478\lib\tmp_Tinybooter.lib(LPC24XX__TIME.obj)
                0xa00067cc                LPC24XX_TIMER_Driver::ResetCompareHit(unsigned int)
 .text._ZN20LPC24XX_TIMER_Driver13DidCompareHitEj
                0xa000680c       0x40 Z:\home\Develop\software\NETMF-LPC\MicroFrameworkPK_v4_1\BuildOutput\ARM\GCC4.2\le\FLASH\release\plak1a_LPC2478\lib\tmp_Tinybooter.lib(LPC24XX__TIME.obj)
                0xa000680c                LPC24XX_TIMER_Driver::DidCompareHit(unsigned int)
 .text._ZN20LPC24XX_TIMER_Driver10SetCompareEjj
                0xa000684c       0x40 Z:\home\Develop\software\NETMF-LPC\MicroFrameworkPK_v4_1\BuildOutput\ARM\GCC4.2\le\FLASH\release\plak1a_LPC2478\lib\tmp_Tinybooter.lib(LPC24XX__TIME.obj)
                0xa000684c                LPC24XX_TIMER_Driver::SetCompare(unsigned int, unsigned int)
 .text._ZN19LPC24XX_TIME_Driver15SetCompareValueEy
                0xa000688c      0x124 Z:\home\Develop\software\NETMF-LPC\MicroFrameworkPK_v4_1\BuildOutput\ARM\GCC4.2\le\FLASH\release\plak1a_LPC2478\lib\tmp_Tinybooter.lib(LPC24XX__TIME.obj)
                0xa000688c                LPC24XX_TIME_Driver::SetCompareValue(unsigned long long)
 .text._ZN19LPC24XX_TIME_Driver3ISREPv
                0xa00069b0       0x9c Z:\home\Develop\software\NETMF-LPC\MicroFrameworkPK_v4_1\BuildOutput\ARM\GCC4.2\le\FLASH\release\plak1a_LPC2478\lib\tmp_Tinybooter.lib(LPC24XX__TIME.obj)
                0xa00069b0                LPC24XX_TIME_Driver::ISR(void*)
 .text._Z19HAL_Time_SetComparey
                0xa0006a4c       0x1c Z:\home\Develop\software\NETMF-LPC\MicroFrameworkPK_v4_1\BuildOutput\ARM\GCC4.2\le\FLASH\release\plak1a_LPC2478\lib\tmp_Tinybooter.lib(LPC24XX__TIME.obj)
                0xa0006a4c                HAL_Time_SetCompare(unsigned long long)
 .text._ZN20LPC24XX_TIMER_Driver22EnableCompareInterruptEj
                0xa0006a68       0x44 Z:\home\Develop\software\NETMF-LPC\MicroFrameworkPK_v4_1\BuildOutput\ARM\GCC4.2\le\FLASH\release\plak1a_LPC2478\lib\tmp_Tinybooter.lib(LPC24XX__TIME.obj)
                0xa0006a68                LPC24XX_TIMER_Driver::EnableCompareInterrupt(unsigned int)
 .text._ZN19LPC24XX_TIME_Driver10InitializeEv
                0xa0006aac       0x8c Z:\home\Develop\software\NETMF-LPC\MicroFrameworkPK_v4_1\BuildOutput\ARM\GCC4.2\le\FLASH\release\plak1a_LPC2478\lib\tmp_Tinybooter.lib(LPC24XX__TIME.obj)
                0xa0006aac                LPC24XX_TIME_Driver::Initialize()
 .text._Z19HAL_Time_Initializev
                0xa0006b38       0x1c Z:\home\Develop\software\NETMF-LPC\MicroFrameworkPK_v4_1\BuildOutput\ARM\GCC4.2\le\FLASH\release\plak1a_LPC2478\lib\tmp_Tinybooter.lib(LPC24XX__TIME.obj)
                0xa0006b38                HAL_Time_Initialize()
 .text._Z20HAL_Time_TicksToTimey
                0xa0006b54        0x4 Z:\home\Develop\software\NETMF-LPC\MicroFrameworkPK_v4_1\BuildOutput\ARM\GCC4.2\le\FLASH\release\plak1a_LPC2478\lib\tmp_Tinybooter.lib(LPC24XX__TIME.obj)
                0xa0006b54                HAL_Time_TicksToTime(unsigned long long)
 .text._ZN20LPC24XX_TIMER_Driver10InitializeEjPFvPvES0_
                0xa0006b58      0x114 Z:\home\Develop\software\NETMF-LPC\MicroFrameworkPK_v4_1\BuildOutput\ARM\GCC4.2\le\FLASH\release\plak1a_LPC2478\lib\tmp_Tinybooter.lib(LPC24XX__TIMER.obj)
                0xa0006b58                LPC24XX_TIMER_Driver::Initialize(unsigned int, void (*)(void*), void*)
 .text._ZN13LPC24XX_USART8getIntNoEi
                0xa0006c6c       0x3c Z:\home\Develop\software\NETMF-LPC\MicroFrameworkPK_v4_1\BuildOutput\ARM\GCC4.2\le\FLASH\release\plak1a_LPC2478\lib\tmp_Tinybooter.lib(LPC24XX__USART.obj)
                0xa0006c6c                LPC24XX_USART::getIntNo(int)
 .text._ZN7LPC24XX4UARTEi
                0xa0006ca8       0x60 Z:\home\Develop\software\NETMF-LPC\MicroFrameworkPK_v4_1\BuildOutput\ARM\GCC4.2\le\FLASH\release\plak1a_LPC2478\lib\tmp_Tinybooter.lib(LPC24XX__USART.obj)
                0xa0006ca8                LPC24XX::UART(int)
 .text._ZN20LPC24XX_USART_Driver27TxBufferEmptyInterruptStateEi
                0xa0006d08       0x34 Z:\home\Develop\software\NETMF-LPC\MicroFrameworkPK_v4_1\BuildOutput\ARM\GCC4.2\le\FLASH\release\plak1a_LPC2478\lib\tmp_Tinybooter.lib(LPC24XX__USART.obj)
                0xa0006d08                LPC24XX_USART_Driver::TxBufferEmptyInterruptState(int)
 .text._Z37CPU_USART_TxBufferEmptyInterruptStatei
                0xa0006d3c       0x1c Z:\home\Develop\software\NETMF-LPC\MicroFrameworkPK_v4_1\BuildOutput\ARM\GCC4.2\le\FLASH\release\plak1a_LPC2478\lib\tmp_Tinybooter.lib(LPC24XX__USART.obj)
                0xa0006d3c                CPU_USART_TxBufferEmptyInterruptState(int)
 .text._ZN20LPC24XX_USART_Driver20TxShiftRegisterEmptyEi
                0xa0006d58       0x28 Z:\home\Develop\software\NETMF-LPC\MicroFrameworkPK_v4_1\BuildOutput\ARM\GCC4.2\le\FLASH\release\plak1a_LPC2478\lib\tmp_Tinybooter.lib(LPC24XX__USART.obj)
                0xa0006d58                LPC24XX_USART_Driver::TxShiftRegisterEmpty(int)
 .text._Z30CPU_USART_TxShiftRegisterEmptyi
                0xa0006d80       0x1c Z:\home\Develop\software\NETMF-LPC\MicroFrameworkPK_v4_1\BuildOutput\ARM\GCC4.2\le\FLASH\release\plak1a_LPC2478\lib\tmp_Tinybooter.lib(LPC24XX__USART.obj)
                0xa0006d80                CPU_USART_TxShiftRegisterEmpty(int)
 .text._ZN20LPC24XX_USART_Driver13TxBufferEmptyEi
                0xa0006d9c       0x28 Z:\home\Develop\software\NETMF-LPC\MicroFrameworkPK_v4_1\BuildOutput\ARM\GCC4.2\le\FLASH\release\plak1a_LPC2478\lib\tmp_Tinybooter.lib(LPC24XX__USART.obj)
                0xa0006d9c                LPC24XX_USART_Driver::TxBufferEmpty(int)
 .text._ZN20LPC24XX_USART_Driver19WriteCharToTxBufferEih
                0xa0006dc4       0x48 Z:\home\Develop\software\NETMF-LPC\MicroFrameworkPK_v4_1\BuildOutput\ARM\GCC4.2\le\FLASH\release\plak1a_LPC2478\lib\tmp_Tinybooter.lib(LPC24XX__USART.obj)
                0xa0006dc4                LPC24XX_USART_Driver::WriteCharToTxBuffer(int, unsigned char)
 .text._Z29CPU_USART_WriteCharToTxBufferih
                0xa0006e0c       0x1c Z:\home\Develop\software\NETMF-LPC\MicroFrameworkPK_v4_1\BuildOutput\ARM\GCC4.2\le\FLASH\release\plak1a_LPC2478\lib\tmp_Tinybooter.lib(LPC24XX__USART.obj)
                0xa0006e0c                CPU_USART_WriteCharToTxBuffer(int, unsigned char)
 .text._Z23CPU_USART_TxBufferEmptyi
                0xa0006e28       0x1c Z:\home\Develop\software\NETMF-LPC\MicroFrameworkPK_v4_1\BuildOutput\ARM\GCC4.2\le\FLASH\release\plak1a_LPC2478\lib\tmp_Tinybooter.lib(LPC24XX__USART.obj)
                0xa0006e28                CPU_USART_TxBufferEmpty(int)
 .text._ZN20LPC24XX_USART_Driver27RxBufferFullInterruptEnableEij
                0xa0006e44       0x6c Z:\home\Develop\software\NETMF-LPC\MicroFrameworkPK_v4_1\BuildOutput\ARM\GCC4.2\le\FLASH\release\plak1a_LPC2478\lib\tmp_Tinybooter.lib(LPC24XX__USART.obj)
                0xa0006e44                LPC24XX_USART_Driver::RxBufferFullInterruptEnable(int, unsigned int)
 .text._Z37CPU_USART_RxBufferFullInterruptEnableij
                0xa0006eb0       0x1c Z:\home\Develop\software\NETMF-LPC\MicroFrameworkPK_v4_1\BuildOutput\ARM\GCC4.2\le\FLASH\release\plak1a_LPC2478\lib\tmp_Tinybooter.lib(LPC24XX__USART.obj)
                0xa0006eb0                CPU_USART_RxBufferFullInterruptEnable(int, unsigned int)
 .text._ZN20LPC24XX_USART_Driver28TxBufferEmptyInterruptEnableEij
                0xa0006ecc       0xe4 Z:\home\Develop\software\NETMF-LPC\MicroFrameworkPK_v4_1\BuildOutput\ARM\GCC4.2\le\FLASH\release\plak1a_LPC2478\lib\tmp_Tinybooter.lib(LPC24XX__USART.obj)
                0xa0006ecc                LPC24XX_USART_Driver::TxBufferEmptyInterruptEnable(int, unsigned int)
 .text._ZN20LPC24XX_USART_Driver11ProtectPinsEij
                0xa0006fb0      0x18c Z:\home\Develop\software\NETMF-LPC\MicroFrameworkPK_v4_1\BuildOutput\ARM\GCC4.2\le\FLASH\release\plak1a_LPC2478\lib\tmp_Tinybooter.lib(LPC24XX__USART.obj)
                0xa0006fb0                LPC24XX_USART_Driver::ProtectPins(int, unsigned int)
 .text._ZN20LPC24XX_USART_Driver12UninitializeEi
                0xa000713c       0x8c Z:\home\Develop\software\NETMF-LPC\MicroFrameworkPK_v4_1\BuildOutput\ARM\GCC4.2\le\FLASH\release\plak1a_LPC2478\lib\tmp_Tinybooter.lib(LPC24XX__USART.obj)
                0xa000713c                LPC24XX_USART_Driver::Uninitialize(int)
 .text._Z22CPU_USART_Uninitializei
                0xa00071c8       0x1c Z:\home\Develop\software\NETMF-LPC\MicroFrameworkPK_v4_1\BuildOutput\ARM\GCC4.2\le\FLASH\release\plak1a_LPC2478\lib\tmp_Tinybooter.lib(LPC24XX__USART.obj)
                0xa00071c8                CPU_USART_Uninitialize(int)
 .text._Z21CPU_USART_ProtectPinsij
                0xa00071e4       0x1c Z:\home\Develop\software\NETMF-LPC\MicroFrameworkPK_v4_1\BuildOutput\ARM\GCC4.2\le\FLASH\release\plak1a_LPC2478\lib\tmp_Tinybooter.lib(LPC24XX__USART.obj)
                0xa00071e4                CPU_USART_ProtectPins(int, unsigned int)
 .text._Z38CPU_USART_TxBufferEmptyInterruptEnableij
                0xa0007200       0x1c Z:\home\Develop\software\NETMF-LPC\MicroFrameworkPK_v4_1\BuildOutput\ARM\GCC4.2\le\FLASH\release\plak1a_LPC2478\lib\tmp_Tinybooter.lib(LPC24XX__USART.obj)
                0xa0007200                CPU_USART_TxBufferEmptyInterruptEnable(int, unsigned int)
 .text._ZN20LPC24XX_USART_Driver10InitializeEiiiiii
                0xa000721c      0x210 Z:\home\Develop\software\NETMF-LPC\MicroFrameworkPK_v4_1\BuildOutput\ARM\GCC4.2\le\FLASH\release\plak1a_LPC2478\lib\tmp_Tinybooter.lib(LPC24XX__USART.obj)
                0xa000721c                LPC24XX_USART_Driver::Initialize(int, int, int, int, int, int)
 .text._Z20CPU_USART_Initializeiiiiii
                0xa000742c       0x2c Z:\home\Develop\software\NETMF-LPC\MicroFrameworkPK_v4_1\BuildOutput\ARM\GCC4.2\le\FLASH\release\plak1a_LPC2478\lib\tmp_Tinybooter.lib(LPC24XX__USART.obj)
                0xa000742c                CPU_USART_Initialize(int, int, int, int, int, int)
 .text._Z33CPU_USART_TxHandshakeEnabledStatei
                0xa0007458        0x8 Z:\home\Develop\software\NETMF-LPC\MicroFrameworkPK_v4_1\BuildOutput\ARM\GCC4.2\le\FLASH\release\plak1a_LPC2478\lib\tmp_Tinybooter.lib(LPC24XX__USART.obj)
                0xa0007458                CPU_USART_TxHandshakeEnabledState(int)
 .text._ZN20LPC24XX_USART_Driver15UART_IntHandlerEPv
                0xa0007460      0x134 Z:\home\Develop\software\NETMF-LPC\MicroFrameworkPK_v4_1\BuildOutput\ARM\GCC4.2\le\FLASH\release\plak1a_LPC2478\lib\tmp_Tinybooter.lib(LPC24XX__USART.obj)
                0xa0007460                LPC24XX_USART_Driver::UART_IntHandler(void*)
 .text._ZN12HAL_CALLBACK10InitializeEPFvPvES0_
                0xa0007594        0x8 Z:\home\Develop\software\NETMF-LPC\MicroFrameworkPK_v4_1\BuildOutput\ARM\GCC4.2\le\FLASH\release\plak1a_LPC2478\lib\tmp_Tinybooter.lib(LPC24XX__VIC.obj)
                0xa0007594                HAL_CALLBACK::Initialize(void (*)(void*), void*)
 .text._ZNK12HAL_CALLBACK7ExecuteEv
                0xa000759c       0x20 Z:\home\Develop\software\NETMF-LPC\MicroFrameworkPK_v4_1\BuildOutput\ARM\GCC4.2\le\FLASH\release\plak1a_LPC2478\lib\tmp_Tinybooter.lib(LPC24XX__VIC.obj)
                0xa000759c                HAL_CALLBACK::Execute() const
 .text._ZN11LPC24XX_VIC21RemoveForcedInterruptEj
                0xa00075bc       0x14 Z:\home\Develop\software\NETMF-LPC\MicroFrameworkPK_v4_1\BuildOutput\ARM\GCC4.2\le\FLASH\release\plak1a_LPC2478\lib\tmp_Tinybooter.lib(LPC24XX__VIC.obj)
                0xa00075bc                LPC24XX_VIC::RemoveForcedInterrupt(unsigned int)
 .text._ZN18LPC24XX_VIC_Driver10InitializeEv
                0xa00075d0       0x54 Z:\home\Develop\software\NETMF-LPC\MicroFrameworkPK_v4_1\BuildOutput\ARM\GCC4.2\le\FLASH\release\plak1a_LPC2478\lib\tmp_Tinybooter.lib(LPC24XX__VIC.obj)
                0xa00075d0                LPC24XX_VIC_Driver::Initialize()
 .text._Z19CPU_INTC_Initializev
                0xa0007624       0x1c Z:\home\Develop\software\NETMF-LPC\MicroFrameworkPK_v4_1\BuildOutput\ARM\GCC4.2\le\FLASH\release\plak1a_LPC2478\lib\tmp_Tinybooter.lib(LPC24XX__VIC.obj)
                0xa0007624                CPU_INTC_Initialize()
 .text._ZN18LPC24XX_VIC_Driver14IRQToIRQVectorEj
                0xa0007640       0x30 Z:\home\Develop\software\NETMF-LPC\MicroFrameworkPK_v4_1\BuildOutput\ARM\GCC4.2\le\FLASH\release\plak1a_LPC2478\lib\tmp_Tinybooter.lib(LPC24XX__VIC.obj)
                0xa0007640                LPC24XX_VIC_Driver::IRQToIRQVector(unsigned int)
 .text._ZN18LPC24XX_VIC_Driver14STUB_ISRVectorEPv
                0xa0007670       0x38 Z:\home\Develop\software\NETMF-LPC\MicroFrameworkPK_v4_1\BuildOutput\ARM\GCC4.2\le\FLASH\release\plak1a_LPC2478\lib\tmp_Tinybooter.lib(LPC24XX__VIC.obj)
                0xa0007670                LPC24XX_VIC_Driver::STUB_ISRVector(void*)
 .text._ZN11LPC24XX_VIC18IsInterruptEnabledEj
                0xa00076a8       0x34 Z:\home\Develop\software\NETMF-LPC\MicroFrameworkPK_v4_1\BuildOutput\ARM\GCC4.2\le\FLASH\release\plak1a_LPC2478\lib\tmp_Tinybooter.lib(LPC24XX__VIC.obj)
                0xa00076a8                LPC24XX_VIC::IsInterruptEnabled(unsigned int)
 .text._ZN18LPC24XX_VIC_Driver20InterruptEnableStateEj
                0xa00076dc       0x28 Z:\home\Develop\software\NETMF-LPC\MicroFrameworkPK_v4_1\BuildOutput\ARM\GCC4.2\le\FLASH\release\plak1a_LPC2478\lib\tmp_Tinybooter.lib(LPC24XX__VIC.obj)
                0xa00076dc                LPC24XX_VIC_Driver::InterruptEnableState(unsigned int)
 .text._Z29CPU_INTC_InterruptEnableStatej
                0xa0007704       0x1c Z:\home\Develop\software\NETMF-LPC\MicroFrameworkPK_v4_1\BuildOutput\ARM\GCC4.2\le\FLASH\release\plak1a_LPC2478\lib\tmp_Tinybooter.lib(LPC24XX__VIC.obj)
                0xa0007704                CPU_INTC_InterruptEnableState(unsigned int)
 .text._ZN18LPC24XX_VIC_Driver17ActivateInterruptEjjPFvPvES0_
                0xa0007720       0xac Z:\home\Develop\software\NETMF-LPC\MicroFrameworkPK_v4_1\BuildOutput\ARM\GCC4.2\le\FLASH\release\plak1a_LPC2478\lib\tmp_Tinybooter.lib(LPC24XX__VIC.obj)
                0xa0007720                LPC24XX_VIC_Driver::ActivateInterrupt(unsigned int, unsigned int, void (*)(void*), void*)
 .text._Z26CPU_INTC_ActivateInterruptjPFvPvES_
                0xa00077cc       0x28 Z:\home\Develop\software\NETMF-LPC\MicroFrameworkPK_v4_1\BuildOutput\ARM\GCC4.2\le\FLASH\release\plak1a_LPC2478\lib\tmp_Tinybooter.lib(LPC24XX__VIC.obj)
                0xa00077cc                CPU_INTC_ActivateInterrupt(unsigned int, void (*)(void*), void*)
 .text._ZN18LPC24XX_VIC_Driver11IRQ_HandlerEv
                0xa00077f4       0x9c Z:\home\Develop\software\NETMF-LPC\MicroFrameworkPK_v4_1\BuildOutput\ARM\GCC4.2\le\FLASH\release\plak1a_LPC2478\lib\tmp_Tinybooter.lib(LPC24XX__VIC.obj)
                0xa00077f4                LPC24XX_VIC_Driver::IRQ_Handler()
 .text.IRQ_Handler
                0xa0007890       0x1c Z:\home\Develop\software\NETMF-LPC\MicroFrameworkPK_v4_1\BuildOutput\ARM\GCC4.2\le\FLASH\release\plak1a_LPC2478\lib\tmp_Tinybooter.lib(LPC24XX__VIC.obj)
                0xa0007890                IRQ_Handler
 .text._Z12HAL_AssertExv
                0xa00078ac       0x10 Z:\home\Develop\software\NETMF-LPC\MicroFrameworkPK_v4_1\BuildOutput\ARM\GCC4.2\le\FLASH\release\plak1a_LPC2478\lib\tmp_Tinybooter.lib(LPC24XX_Power.obj)
                0xa00078ac                HAL_AssertEx()
 .text._ZN14LPC24XX_Driver8ShutdownEv
                0xa00078bc       0x20 Z:\home\Develop\software\NETMF-LPC\MicroFrameworkPK_v4_1\BuildOutput\ARM\GCC4.2\le\FLASH\release\plak1a_LPC2478\lib\tmp_Tinybooter.lib(LPC24XX_Power.obj)
                0xa00078bc                LPC24XX_Driver::Shutdown()
 .text._ZN14LPC24XX_Driver5ResetEv
                0xa00078dc       0x1c Z:\home\Develop\software\NETMF-LPC\MicroFrameworkPK_v4_1\BuildOutput\ARM\GCC4.2\le\FLASH\release\plak1a_LPC2478\lib\tmp_Tinybooter.lib(LPC24XX_Power.obj)
                0xa00078dc                LPC24XX_Driver::Reset()
 .text._Z9CPU_Resetv
                0xa00078f8       0x1c Z:\home\Develop\software\NETMF-LPC\MicroFrameworkPK_v4_1\BuildOutput\ARM\GCC4.2\le\FLASH\release\plak1a_LPC2478\lib\tmp_Tinybooter.lib(LPC24XX_Power.obj)
                0xa00078f8                CPU_Reset()
 .text._ZN14LPC24XX_Driver4HaltEv
                0xa0007914       0x4c Z:\home\Develop\software\NETMF-LPC\MicroFrameworkPK_v4_1\BuildOutput\ARM\GCC4.2\le\FLASH\release\plak1a_LPC2478\lib\tmp_Tinybooter.lib(LPC24XX_Power.obj)
                0xa0007914                LPC24XX_Driver::Halt()
 .text._Z8CPU_Haltv
                0xa0007960       0x1c Z:\home\Develop\software\NETMF-LPC\MicroFrameworkPK_v4_1\BuildOutput\ARM\GCC4.2\le\FLASH\release\plak1a_LPC2478\lib\tmp_Tinybooter.lib(LPC24XX_Power.obj)
                0xa0007960                CPU_Halt()
 .text._ZN14LPC24XX_Driver10InitializeEv
                0xa000797c       0x50 Z:\home\Develop\software\NETMF-LPC\MicroFrameworkPK_v4_1\BuildOutput\ARM\GCC4.2\le\FLASH\release\plak1a_LPC2478\lib\tmp_Tinybooter.lib(LPC24XX_Power.obj)
                0xa000797c                LPC24XX_Driver::Initialize()
 .text._Z14CPU_Initializev
                0xa00079cc       0x1c Z:\home\Develop\software\NETMF-LPC\MicroFrameworkPK_v4_1\BuildOutput\ARM\GCC4.2\le\FLASH\release\plak1a_LPC2478\lib\tmp_Tinybooter.lib(LPC24XX_Power.obj)
                0xa00079cc                CPU_Initialize()
 .text._Z9CPU_Sleep11SLEEP_LEVELy
                0xa00079e8       0x20 Z:\home\Develop\software\NETMF-LPC\MicroFrameworkPK_v4_1\BuildOutput\ARM\GCC4.2\le\FLASH\release\plak1a_LPC2478\lib\tmp_Tinybooter.lib(LPC24XX_Power.obj)
                0xa00079e8                CPU_Sleep(SLEEP_LEVEL, unsigned long long)
 .text._Z21SimpleHeap_InitializePvj
                0xa0007a08       0x38 Z:\home\Develop\software\NETMF-LPC\MicroFrameworkPK_v4_1\BuildOutput\ARM\GCC4.2\le\FLASH\release\plak1a_LPC2478\lib\tmp_Tinybooter.lib(SimpleHeap.obj)
                0xa0007a08                SimpleHeap_Initialize(void*, unsigned int)
 .text._Z19SimpleHeap_Allocatej
                0xa0007a40       0xe4 Z:\home\Develop\software\NETMF-LPC\MicroFrameworkPK_v4_1\BuildOutput\ARM\GCC4.2\le\FLASH\release\plak1a_LPC2478\lib\tmp_Tinybooter.lib(SimpleHeap.obj)
                0xa0007a40                SimpleHeap_Allocate(unsigned int)
 .text._Z18SimpleHeap_ReleasePv
                0xa0007b24      0x10c Z:\home\Develop\software\NETMF-LPC\MicroFrameworkPK_v4_1\BuildOutput\ARM\GCC4.2\le\FLASH\release\plak1a_LPC2478\lib\tmp_Tinybooter.lib(SimpleHeap.obj)
                0xa0007b24                SimpleHeap_Release(void*)
 .text._ZN12SmartPtr_IRQ11WasDisabledEv
                0xa0007c30       0x10 Z:\home\Develop\software\NETMF-LPC\MicroFrameworkPK_v4_1\BuildOutput\ARM\GCC4.2\le\FLASH\release\plak1a_LPC2478\lib\tmp_Tinybooter.lib(SmartPtr_gcc.obj)
                0xa0007c30                SmartPtr_IRQ::WasDisabled()
 .text._ZN12SmartPtr_IRQ7RestoreEv
                0xa0007c40       0x24 Z:\home\Develop\software\NETMF-LPC\MicroFrameworkPK_v4_1\BuildOutput\ARM\GCC4.2\le\FLASH\release\plak1a_LPC2478\lib\tmp_Tinybooter.lib(SmartPtr_gcc.obj)
                0xa0007c40                SmartPtr_IRQ::Restore()
 .text._ZN12SmartPtr_IRQD1Ev
                0xa0007c64       0x24 Z:\home\Develop\software\NETMF-LPC\MicroFrameworkPK_v4_1\BuildOutput\ARM\GCC4.2\le\FLASH\release\plak1a_LPC2478\lib\tmp_Tinybooter.lib(SmartPtr_gcc.obj)
                0xa0007c64                SmartPtr_IRQ::~SmartPtr_IRQ()
 .text._ZN12SmartPtr_IRQ7DisableEv
                0xa0007c88       0x24 Z:\home\Develop\software\NETMF-LPC\MicroFrameworkPK_v4_1\BuildOutput\ARM\GCC4.2\le\FLASH\release\plak1a_LPC2478\lib\tmp_Tinybooter.lib(SmartPtr_gcc.obj)
                0xa0007c88                SmartPtr_IRQ::Disable()
 .text._ZN12SmartPtr_IRQ7AcquireEv
                0xa0007cac       0x24 Z:\home\Develop\software\NETMF-LPC\MicroFrameworkPK_v4_1\BuildOutput\ARM\GCC4.2\le\FLASH\release\plak1a_LPC2478\lib\tmp_Tinybooter.lib(SmartPtr_gcc.obj)
                0xa0007cac                SmartPtr_IRQ::Acquire()
 .text._ZN12SmartPtr_IRQC1EPv
                0xa0007cd0       0x28 Z:\home\Develop\software\NETMF-LPC\MicroFrameworkPK_v4_1\BuildOutput\ARM\GCC4.2\le\FLASH\release\plak1a_LPC2478\lib\tmp_Tinybooter.lib(SmartPtr_gcc.obj)
                0xa0007cd0                SmartPtr_IRQ::SmartPtr_IRQ(void*)
 .text._ZN12SmartPtr_IRQ12ForceEnabledEPv
                0xa0007cf8       0x1c Z:\home\Develop\software\NETMF-LPC\MicroFrameworkPK_v4_1\BuildOutput\ARM\GCC4.2\le\FLASH\release\plak1a_LPC2478\lib\tmp_Tinybooter.lib(SmartPtr_gcc.obj)
                0xa0007cf8                SmartPtr_IRQ::ForceEnabled(void*)
 .text._ZN12SmartPtr_IRQ13ForceDisabledEPv
                0xa0007d14       0x1c Z:\home\Develop\software\NETMF-LPC\MicroFrameworkPK_v4_1\BuildOutput\ARM\GCC4.2\le\FLASH\release\plak1a_LPC2478\lib\tmp_Tinybooter.lib(SmartPtr_gcc.obj)
                0xa0007d14                SmartPtr_IRQ::ForceDisabled(void*)
 .text._ZN12SmartPtr_IRQ8GetStateEPv
                0xa0007d30       0x1c Z:\home\Develop\software\NETMF-LPC\MicroFrameworkPK_v4_1\BuildOutput\ARM\GCC4.2\le\FLASH\release\plak1a_LPC2478\lib\tmp_Tinybooter.lib(SmartPtr_gcc.obj)
                0xa0007d30                SmartPtr_IRQ::GetState(void*)
 .text._ZN12SmartPtr_IRQ5ProbeEv
                0xa0007d4c       0x24 Z:\home\Develop\software\NETMF-LPC\MicroFrameworkPK_v4_1\BuildOutput\ARM\GCC4.2\le\FLASH\release\plak1a_LPC2478\lib\tmp_Tinybooter.lib(SmartPtr_gcc.obj)
                0xa0007d4c                SmartPtr_IRQ::Probe()
 .text._ZN12SmartPtr_IRQ7ReleaseEv
                0xa0007d70       0x30 Z:\home\Develop\software\NETMF-LPC\MicroFrameworkPK_v4_1\BuildOutput\ARM\GCC4.2\le\FLASH\release\plak1a_LPC2478\lib\tmp_Tinybooter.lib(SmartPtr_gcc.obj)
                0xa0007d70                SmartPtr_IRQ::Release()
 .text._Z18SOCKETS_Initializei
                0xa0007da0        0x8 Z:\home\Develop\software\NETMF-LPC\MicroFrameworkPK_v4_1\BuildOutput\ARM\GCC4.2\le\FLASH\release\plak1a_LPC2478\lib\tmp_Tinybooter.lib(sockets_Stubs.obj)
                0xa0007da0                SOCKETS_Initialize(int)
 .text._Z20SOCKETS_Uninitializei
                0xa0007da8        0x8 Z:\home\Develop\software\NETMF-LPC\MicroFrameworkPK_v4_1\BuildOutput\ARM\GCC4.2\le\FLASH\release\plak1a_LPC2478\lib\tmp_Tinybooter.lib(sockets_Stubs.obj)
                0xa0007da8                SOCKETS_Uninitialize(int)
 .text._Z13SOCKETS_WriteiPKcj
                0xa0007db0        0x8 Z:\home\Develop\software\NETMF-LPC\MicroFrameworkPK_v4_1\BuildOutput\ARM\GCC4.2\le\FLASH\release\plak1a_LPC2478\lib\tmp_Tinybooter.lib(sockets_Stubs.obj)
                0xa0007db0                SOCKETS_Write(int, char const*, unsigned int)
 .text._Z12SOCKETS_ReadiPcj
                0xa0007db8        0x8 Z:\home\Develop\software\NETMF-LPC\MicroFrameworkPK_v4_1\BuildOutput\ARM\GCC4.2\le\FLASH\release\plak1a_LPC2478\lib\tmp_Tinybooter.lib(sockets_Stubs.obj)
                0xa0007db8                SOCKETS_Read(int, char*, unsigned int)
 .text._Z13SOCKETS_Flushi
                0xa0007dc0        0x8 Z:\home\Develop\software\NETMF-LPC\MicroFrameworkPK_v4_1\BuildOutput\ARM\GCC4.2\le\FLASH\release\plak1a_LPC2478\lib\tmp_Tinybooter.lib(sockets_Stubs.obj)
                0xa0007dc0                SOCKETS_Flush(int)
 .text.Crypto_StartRSAOperationWithKey
                0xa0007dc8        0x8 Z:\home\Develop\software\NETMF-LPC\MicroFrameworkPK_v4_1\BuildOutput\ARM\GCC4.2\le\FLASH\release\plak1a_LPC2478\lib\tmp_Tinybooter.lib(stubs.obj)
                0xa0007dc8                Crypto_StartRSAOperationWithKey
 .text.Crypto_StepRSAOperation
                0xa0007dd0        0x8 Z:\home\Develop\software\NETMF-LPC\MicroFrameworkPK_v4_1\BuildOutput\ARM\GCC4.2\le\FLASH\release\plak1a_LPC2478\lib\tmp_Tinybooter.lib(stubs.obj)
                0xa0007dd0                Crypto_StepRSAOperation
 .text.Crypto_AbortRSAOperation
                0xa0007dd8        0x8 Z:\home\Develop\software\NETMF-LPC\MicroFrameworkPK_v4_1\BuildOutput\ARM\GCC4.2\le\FLASH\release\plak1a_LPC2478\lib\tmp_Tinybooter.lib(stubs.obj)
                0xa0007dd8                Crypto_AbortRSAOperation
 .text._Z17CPU_DisableCachesv
                0xa0007de0        0x4 Z:\home\Develop\software\NETMF-LPC\MicroFrameworkPK_v4_1\BuildOutput\ARM\GCC4.2\le\FLASH\release\plak1a_LPC2478\lib\tmp_Tinybooter.lib(stubs_functions_cache.obj)
                0xa0007de0                CPU_DisableCaches()
 .text._Z24CPU_GetUncachableAddressj
                0xa0007de4        0x4 Z:\home\Develop\software\NETMF-LPC\MicroFrameworkPK_v4_1\BuildOutput\ARM\GCC4.2\le\FLASH\release\plak1a_LPC2478\lib\tmp_Tinybooter.lib(stubs_functions_cache.obj)
                0xa0007de4                CPU_GetUncachableAddress(unsigned int)
 .text._Z19CPU_USB_ProtectPinsij
                0xa0007de8        0x8 Z:\home\Develop\software\NETMF-LPC\MicroFrameworkPK_v4_1\BuildOutput\ARM\GCC4.2\le\FLASH\release\plak1a_LPC2478\lib\tmp_Tinybooter.lib(stubs_functions_USB.obj)
                0xa0007de8                CPU_USB_ProtectPins(int, unsigned int)
 .text._Z12hal_strlen_sPKc
                0xa0007df0       0x1c Z:\home\Develop\software\NETMF-LPC\MicroFrameworkPK_v4_1\BuildOutput\ARM\GCC4.2\le\FLASH\release\plak1a_LPC2478\lib\tmp_Tinybooter.lib(tinycrt.obj)
                0xa0007df0                hal_strlen_s(char const*)
 .text._Z13hal_strncpy_sPcjPKcj
                0xa0007e0c       0x6c Z:\home\Develop\software\NETMF-LPC\MicroFrameworkPK_v4_1\BuildOutput\ARM\GCC4.2\le\FLASH\release\plak1a_LPC2478\lib\tmp_Tinybooter.lib(tinycrt.obj)
                0xa0007e0c                hal_strncpy_s(char*, unsigned int, char const*, unsigned int)
 .text._Z13hal_vsnprintfPcjPKcPv
                0xa0007e78       0x1c Z:\home\Develop\software\NETMF-LPC\MicroFrameworkPK_v4_1\BuildOutput\ARM\GCC4.2\le\FLASH\release\plak1a_LPC2478\lib\tmp_Tinybooter.lib(tinycrt.obj)
                0xa0007e78                hal_vsnprintf(char*, unsigned int, char const*, void*)
 .text._Z12hal_vfprintfiPKcPv
                0xa0007e94       0xf8 Z:\home\Develop\software\NETMF-LPC\MicroFrameworkPK_v4_1\BuildOutput\ARM\GCC4.2\le\FLASH\release\plak1a_LPC2478\lib\tmp_Tinybooter.lib(tinycrt.obj)
                0xa0007e94                hal_vfprintf(int, char const*, void*)
 .text._Z11hal_fprintfiPKcz
                0xa0007f8c       0x34 Z:\home\Develop\software\NETMF-LPC\MicroFrameworkPK_v4_1\BuildOutput\ARM\GCC4.2\le\FLASH\release\plak1a_LPC2478\lib\tmp_Tinybooter.lib(tinycrt.obj)
                0xa0007f8c                hal_fprintf(int, char const*, ...)
 .text._Z11hal_vprintfPKcPv
                0xa0007fc0       0x34 Z:\home\Develop\software\NETMF-LPC\MicroFrameworkPK_v4_1\BuildOutput\ARM\GCC4.2\le\FLASH\release\plak1a_LPC2478\lib\tmp_Tinybooter.lib(tinycrt.obj)
                0xa0007fc0                hal_vprintf(char const*, void*)
 .text._Z10hal_printfPKcz
                0xa0007ff4       0x34 Z:\home\Develop\software\NETMF-LPC\MicroFrameworkPK_v4_1\BuildOutput\ARM\GCC4.2\le\FLASH\release\plak1a_LPC2478\lib\tmp_Tinybooter.lib(tinycrt.obj)
                0xa0007ff4                hal_printf(char const*, ...)
 .text.SystemState_SetNoLock
                0xa0008028       0x18 Z:\home\Develop\software\NETMF-LPC\MicroFrameworkPK_v4_1\BuildOutput\ARM\GCC4.2\le\FLASH\release\plak1a_LPC2478\lib\tmp_Tinybooter.lib(tinyhal.obj)
                0xa0008028                SystemState_SetNoLock
 .text.SystemState_ClearNoLock
                0xa0008040       0x18 Z:\home\Develop\software\NETMF-LPC\MicroFrameworkPK_v4_1\BuildOutput\ARM\GCC4.2\le\FLASH\release\plak1a_LPC2478\lib\tmp_Tinybooter.lib(tinyhal.obj)
                0xa0008040                SystemState_ClearNoLock
 .text.SystemState_QueryNoLock
                0xa0008058       0x1c Z:\home\Develop\software\NETMF-LPC\MicroFrameworkPK_v4_1\BuildOutput\ARM\GCC4.2\le\FLASH\release\plak1a_LPC2478\lib\tmp_Tinybooter.lib(tinyhal.obj)
                0xa0008058                SystemState_QueryNoLock
 .text._Z21Checksum_RAMConstantsv
                0xa0008074       0x44 Z:\home\Develop\software\NETMF-LPC\MicroFrameworkPK_v4_1\BuildOutput\ARM\GCC4.2\le\FLASH\release\plak1a_LPC2478\lib\tmp_Tinybooter.lib(tinyhal.obj)
                0xa0008074                Checksum_RAMConstants()
 .text.lcd_printf
                0xa00080b8       0x3c Z:\home\Develop\software\NETMF-LPC\MicroFrameworkPK_v4_1\BuildOutput\ARM\GCC4.2\le\FLASH\release\plak1a_LPC2478\lib\tmp_Tinybooter.lib(tinyhal.obj)
                0xa00080b8                lcd_printf
 .text._Z19Verify_RAMConstantsPv
                0xa00080f4      0x16c Z:\home\Develop\software\NETMF-LPC\MicroFrameworkPK_v4_1\BuildOutput\ARM\GCC4.2\le\FLASH\release\plak1a_LPC2478\lib\tmp_Tinybooter.lib(tinyhal.obj)
                0xa00080f4                Verify_RAMConstants(void*)
 .text.debug_printf
                0xa0008260       0x90 Z:\home\Develop\software\NETMF-LPC\MicroFrameworkPK_v4_1\BuildOutput\ARM\GCC4.2\le\FLASH\release\plak1a_LPC2478\lib\tmp_Tinybooter.lib(tinyhal.obj)
                0xa0008260                debug_printf
 .text._Z20HAL_Init_Custom_Heapv
                0xa00082f0       0x48 Z:\home\Develop\software\NETMF-LPC\MicroFrameworkPK_v4_1\BuildOutput\ARM\GCC4.2\le\FLASH\release\plak1a_LPC2478\lib\tmp_Tinybooter.lib(tinyhal.obj)
                0xa00082f0                HAL_Init_Custom_Heap()
 .text._Z14HAL_Initializev
                0xa0008338      0x1d8 Z:\home\Develop\software\NETMF-LPC\MicroFrameworkPK_v4_1\BuildOutput\ARM\GCC4.2\le\FLASH\release\plak1a_LPC2478\lib\tmp_Tinybooter.lib(tinyhal.obj)
                0xa0008338                HAL_Initialize()
 .text.BootEntry
                0xa0008510      0x24c Z:\home\Develop\software\NETMF-LPC\MicroFrameworkPK_v4_1\BuildOutput\ARM\GCC4.2\le\FLASH\release\plak1a_LPC2478\lib\tmp_Tinybooter.lib(tinyhal.obj)
                0xa0008510                BootEntry
 .text._ZN21Hal_Queue_UnknownSizeIhE3PopEv
                0xa000875c       0x4c Z:\home\Develop\software\NETMF-LPC\MicroFrameworkPK_v4_1\BuildOutput\ARM\GCC4.2\le\FLASH\release\plak1a_LPC2478\lib\tmp_Tinybooter.lib(usart.obj)
                0xa000875c                Hal_Queue_UnknownSize<unsigned char>::Pop()
 .text._ZN21Hal_Queue_UnknownSizeIhE10InitializeEPhj
                0xa00087a8       0x1c Z:\home\Develop\software\NETMF-LPC\MicroFrameworkPK_v4_1\BuildOutput\ARM\GCC4.2\le\FLASH\release\plak1a_LPC2478\lib\tmp_Tinybooter.lib(usart.obj)
                0xa00087a8                Hal_Queue_UnknownSize<unsigned char>::Initialize(unsigned char*, unsigned int)
 .text._ZN21Hal_Queue_UnknownSizeIhE4PushERj
                0xa00087c4       0x80 Z:\home\Develop\software\NETMF-LPC\MicroFrameworkPK_v4_1\BuildOutput\ARM\GCC4.2\le\FLASH\release\plak1a_LPC2478\lib\tmp_Tinybooter.lib(usart.obj)
                0xa00087c4                Hal_Queue_UnknownSize<unsigned char>::Push(unsigned int&)
 .text._ZN21Hal_Queue_UnknownSizeIhE3PopERj